../Core/Src/calibration.c:18:9:isCalibrating	0	static
../Core/Src/calibration.c:23:9:isCalibratingMode	0	static
../Core/Src/calibration.c:28:6:startCalibration	0	static
../Core/Src/calibration.c:33:6:stopCalibration	0	static
../Core/Src/calibration.c:40:6:startDemo	0	static
../Core/Src/calibration.c:45:6:stopDemo	0	static
../Core/Src/calibration.c:50:9:isDemo	0	static
../Core/Src/calibration.c:57:6:moveTarget	0	static
../Core/Src/calibration.c:72:6:calibGetTarget	0	static
../Core/Src/calibration.c:78:6:calibGetVelocity	0	static
../Core/Src/calibration.c:88:6:calibGetDelta	0	static
../Core/Src/calibration.c:96:7:calibGetDeltaY	0	static
../Core/Src/calibration.c:146:6:computePD	8	static
../Core/Src/calibration.c:211:9:getCalibrationMode	0	static
../Core/Src/calibration.c:231:6:updateCalibration	32	static
