../Core/Src/freertos.c:470:6:SlowThisDown	16	static
../Core/Src/freertos.c:477:6:SPITransmitReceive	112	static
../Core/Src/freertos.c:558:6:HAL_GPIO_EXTI_Callback	16	static
../Core/Src/freertos.c:574:7:getDt	4	static
../Core/Src/freertos.c:579:7:getOneOverDt	4	static
../Core/Src/freertos.c:585:6:resetCounter	4	static
../Core/Src/freertos.c:590:6:setCounter	16	static
../Core/Src/freertos.c:131:6:StartDefaultTask	64	static
../Core/Src/freertos.c:64:6:MX_FREERTOS_Init	8	static
../Core/Src/freertos.c:426:6:TransmitTest	4	static
