../Core/Src/ST7735.c:90:6:ST7735_Select	0	static
../Core/Src/ST7735.c:95:6:ST7735_Unselect	0	static
../Core/Src/ST7735.c:100:6:ST7735_Reset	8	static
../Core/Src/ST7735.c:107:8:ST7735_WriteCommand	16	static
../Core/Src/ST7735.c:113:6:ST7735_WriteData	16	static
../Core/Src/ST7735.c:119:6:DisplayInit	40	static
../Core/Src/ST7735.c:146:6:ST7735_SetAddressWindow	40	static
../Core/Src/ST7735.c:194:6:ST7735_SetRotation	16	static
../Core/Src/ST7735.c:163:6:ST7735_Init	16	static
../Core/Src/ST7735.c:254:6:ST7735_DrawPixel	24	static
../Core/Src/ST7735.c:267:6:ST7735_WriteChar	64	static
../Core/Src/ST7735.c:286:6:ST7735_WriteString	64	static
../Core/Src/ST7735.c:314:6:ST7735_FillRectangle	24	static
../Core/Src/ST7735.c:345:6:ST7735_DrawImage	24	static
../Core/Src/ST7735.c:356:6:ST7735_InvertColors	16	static
