Archive member included to satisfy reference by file (symbol)

c:/st/stm32cubeide_1.11.0/stm32cubeide/plugins/com.st.stm32cube.ide.mcu.externaltools.gnu-tools-for-stm32.10.3-2021.10.win32_1.0.100.202210260954/tools/bin/../lib/gcc/arm-none-eabi/10.3.1/../../../../arm-none-eabi/lib/thumb/v7e-m+dp/hard\libc_nano.a(lib_a-errno.o)
                              ./Core/Src/syscalls.o (__errno)
c:/st/stm32cubeide_1.11.0/stm32cubeide/plugins/com.st.stm32cube.ide.mcu.externaltools.gnu-tools-for-stm32.10.3-2021.10.win32_1.0.100.202210260954/tools/bin/../lib/gcc/arm-none-eabi/10.3.1/../../../../arm-none-eabi/lib/thumb/v7e-m+dp/hard\libc_nano.a(lib_a-exit.o)
                              c:/st/stm32cubeide_1.11.0/stm32cubeide/plugins/com.st.stm32cube.ide.mcu.externaltools.gnu-tools-for-stm32.10.3-2021.10.win32_1.0.100.202210260954/tools/bin/../lib/gcc/arm-none-eabi/10.3.1/../../../../arm-none-eabi/lib/thumb/v7e-m+dp/hard/crt0.o (exit)
c:/st/stm32cubeide_1.11.0/stm32cubeide/plugins/com.st.stm32cube.ide.mcu.externaltools.gnu-tools-for-stm32.10.3-2021.10.win32_1.0.100.202210260954/tools/bin/../lib/gcc/arm-none-eabi/10.3.1/../../../../arm-none-eabi/lib/thumb/v7e-m+dp/hard\libc_nano.a(lib_a-findfp.o)
                              ./Middlewares/Third_Party/FreeRTOS/Source/tasks.o (__sf_fake_stderr)
c:/st/stm32cubeide_1.11.0/stm32cubeide/plugins/com.st.stm32cube.ide.mcu.externaltools.gnu-tools-for-stm32.10.3-2021.10.win32_1.0.100.202210260954/tools/bin/../lib/gcc/arm-none-eabi/10.3.1/../../../../arm-none-eabi/lib/thumb/v7e-m+dp/hard\libc_nano.a(lib_a-fwalk.o)
                              c:/st/stm32cubeide_1.11.0/stm32cubeide/plugins/com.st.stm32cube.ide.mcu.externaltools.gnu-tools-for-stm32.10.3-2021.10.win32_1.0.100.202210260954/tools/bin/../lib/gcc/arm-none-eabi/10.3.1/../../../../arm-none-eabi/lib/thumb/v7e-m+dp/hard\libc_nano.a(lib_a-findfp.o) (_fwalk)
c:/st/stm32cubeide_1.11.0/stm32cubeide/plugins/com.st.stm32cube.ide.mcu.externaltools.gnu-tools-for-stm32.10.3-2021.10.win32_1.0.100.202210260954/tools/bin/../lib/gcc/arm-none-eabi/10.3.1/../../../../arm-none-eabi/lib/thumb/v7e-m+dp/hard\libc_nano.a(lib_a-impure.o)
                              c:/st/stm32cubeide_1.11.0/stm32cubeide/plugins/com.st.stm32cube.ide.mcu.externaltools.gnu-tools-for-stm32.10.3-2021.10.win32_1.0.100.202210260954/tools/bin/../lib/gcc/arm-none-eabi/10.3.1/../../../../arm-none-eabi/lib/thumb/v7e-m+dp/hard\libc_nano.a(lib_a-exit.o) (_global_impure_ptr)
c:/st/stm32cubeide_1.11.0/stm32cubeide/plugins/com.st.stm32cube.ide.mcu.externaltools.gnu-tools-for-stm32.10.3-2021.10.win32_1.0.100.202210260954/tools/bin/../lib/gcc/arm-none-eabi/10.3.1/../../../../arm-none-eabi/lib/thumb/v7e-m+dp/hard\libc_nano.a(lib_a-init.o)
                              c:/st/stm32cubeide_1.11.0/stm32cubeide/plugins/com.st.stm32cube.ide.mcu.externaltools.gnu-tools-for-stm32.10.3-2021.10.win32_1.0.100.202210260954/tools/bin/../lib/gcc/arm-none-eabi/10.3.1/../../../../arm-none-eabi/lib/thumb/v7e-m+dp/hard/crt0.o (__libc_init_array)
c:/st/stm32cubeide_1.11.0/stm32cubeide/plugins/com.st.stm32cube.ide.mcu.externaltools.gnu-tools-for-stm32.10.3-2021.10.win32_1.0.100.202210260954/tools/bin/../lib/gcc/arm-none-eabi/10.3.1/../../../../arm-none-eabi/lib/thumb/v7e-m+dp/hard\libc_nano.a(lib_a-itoa.o)
                              ./Core/Src/screen.o (itoa)
c:/st/stm32cubeide_1.11.0/stm32cubeide/plugins/com.st.stm32cube.ide.mcu.externaltools.gnu-tools-for-stm32.10.3-2021.10.win32_1.0.100.202210260954/tools/bin/../lib/gcc/arm-none-eabi/10.3.1/../../../../arm-none-eabi/lib/thumb/v7e-m+dp/hard\libc_nano.a(lib_a-lock.o)
                              c:/st/stm32cubeide_1.11.0/stm32cubeide/plugins/com.st.stm32cube.ide.mcu.externaltools.gnu-tools-for-stm32.10.3-2021.10.win32_1.0.100.202210260954/tools/bin/../lib/gcc/arm-none-eabi/10.3.1/../../../../arm-none-eabi/lib/thumb/v7e-m+dp/hard\libc_nano.a(lib_a-findfp.o) (__retarget_lock_init_recursive)
c:/st/stm32cubeide_1.11.0/stm32cubeide/plugins/com.st.stm32cube.ide.mcu.externaltools.gnu-tools-for-stm32.10.3-2021.10.win32_1.0.100.202210260954/tools/bin/../lib/gcc/arm-none-eabi/10.3.1/../../../../arm-none-eabi/lib/thumb/v7e-m+dp/hard\libc_nano.a(lib_a-memcpy-stub.o)
                              ./Core/Src/screen.o (memcpy)
c:/st/stm32cubeide_1.11.0/stm32cubeide/plugins/com.st.stm32cube.ide.mcu.externaltools.gnu-tools-for-stm32.10.3-2021.10.win32_1.0.100.202210260954/tools/bin/../lib/gcc/arm-none-eabi/10.3.1/../../../../arm-none-eabi/lib/thumb/v7e-m+dp/hard\libc_nano.a(lib_a-memset.o)
                              c:/st/stm32cubeide_1.11.0/stm32cubeide/plugins/com.st.stm32cube.ide.mcu.externaltools.gnu-tools-for-stm32.10.3-2021.10.win32_1.0.100.202210260954/tools/bin/../lib/gcc/arm-none-eabi/10.3.1/../../../../arm-none-eabi/lib/thumb/v7e-m+dp/hard/crt0.o (memset)
[...]
Memory Configuration

Name             Origin             Length             Attributes
FLASH            0x0000000008000000 0x0000000000020000 xr
DTCMRAM          0x0000000020000000 0x0000000000020000 xrw
RAM_D1           0x0000000024000000 0x0000000000080000 xrw
RAM_D2           0x0000000030000000 0x0000000000048000 xrw
RAM_D3           0x0000000038000000 0x0000000000010000 xrw
ITCMRAM          0x0000000000000000 0x0000000000010000 xrw
*default*        0x0000000000000000 0xffffffffffffffff

Linker script and memory map

LOAD c:/st/stm32cubeide_1.11.0/stm32cubeide/plugins/com.st.stm32cube.ide.mcu.externaltools.gnu-tools-for-stm32.10.3-2021.10.win32_1.0.100.202210260954/tools/bin/../lib/gcc/arm-none-eabi/10.3.1/thumb/v7e-m+dp/hard/crti.o
LOAD c:/st/stm32cubeide_1.11.0/stm32cubeide/plugins/com.st.stm32cube.ide.mcu.externaltools.gnu-tools-for-stm32.10.3-2021.10.win32_1.0.100.202210260954/tools/bin/../lib/gcc/arm-none-eabi/10.3.1/thumb/v7e-m+dp/hard/crtbegin.o
LOAD c:/st/stm32cubeide_1.11.0/stm32cubeide/plugins/com.st.stm32cube.ide.mcu.externaltools.gnu-tools-for-stm32.10.3-2021.10.win32_1.0.100.202210260954/tools/bin/../lib/gcc/arm-none-eabi/10.3.1/../../../../arm-none-eabi/lib/thumb/v7e-m+dp/hard/crt0.o
LOAD ./Core/Src/GFX_FUNCTIONS.o
LOAD ./Core/Src/ST7735.o
LOAD ./Core/Src/calibration.o
LOAD ./Core/Src/fonts.o
LOAD ./Core/Src/freertos.o
LOAD ./Core/Src/gpio.o
LOAD ./Core/Src/keyboard.o
LOAD ./Core/Src/main.o
LOAD ./Core/Src/poly.o
LOAD ./Core/Src/screen.o
LOAD ./Core/Src/spi.o
LOAD ./Core/Src/stm32h7xx_hal_msp.o
LOAD ./Core/Src/stm32h7xx_hal_timebase_tim.o
LOAD ./Core/Src/stm32h7xx_it.o
LOAD ./Core/Src/syscalls.o
LOAD ./Core/Src/sysmem.o
LOAD ./Core/Src/system_stm32h7xx.o
LOAD ./Core/Src/utils.o
LOAD ./Core/Startup/startup_stm32h750vbtx.o
LOAD ./Drivers/STM32H7xx_HAL_Driver/Src/stm32h7xx_hal.o
LOAD ./Drivers/STM32H7xx_HAL_Driver/Src/stm32h7xx_hal_cortex.o
LOAD ./Drivers/STM32H7xx_HAL_Driver/Src/stm32h7xx_hal_dma.o
LOAD ./Drivers/STM32H7xx_HAL_Driver/Src/stm32h7xx_hal_dma_ex.o
LOAD ./Drivers/STM32H7xx_HAL_Driver/Src/stm32h7xx_hal_exti.o
LOAD ./Drivers/STM32H7xx_HAL_Driver/Src/stm32h7xx_hal_flash.o
LOAD ./Drivers/STM32H7xx_HAL_Driver/Src/stm32h7xx_hal_flash_ex.o
LOAD ./Drivers/STM32H7xx_HAL_Driver/Src/stm32h7xx_hal_gpio.o
LOAD ./Drivers/STM32H7xx_HAL_Driver/Src/stm32h7xx_hal_hsem.o
LOAD ./Drivers/STM32H7xx_HAL_Driver/Src/stm32h7xx_hal_i2c.o
LOAD ./Drivers/STM32H7xx_HAL_Driver/Src/stm32h7xx_hal_i2c_ex.o
LOAD ./Drivers/STM32H7xx_HAL_Driver/Src/stm32h7xx_hal_mdma.o
LOAD ./Drivers/STM32H7xx_HAL_Driver/Src/stm32h7xx_hal_pwr.o
LOAD ./Drivers/STM32H7xx_HAL_Driver/Src/stm32h7xx_hal_pwr_ex.o
LOAD ./Drivers/STM32H7xx_HAL_Driver/Src/stm32h7xx_hal_rcc.o
LOAD ./Drivers/STM32H7xx_HAL_Driver/Src/stm32h7xx_hal_rcc_ex.o
LOAD ./Drivers/STM32H7xx_HAL_Driver/Src/stm32h7xx_hal_spi.o
LOAD ./Drivers/STM32H7xx_HAL_Driver/Src/stm32h7xx_hal_spi_ex.o
LOAD ./Drivers/STM32H7xx_HAL_Driver/Src/stm32h7xx_hal_tim.o
LOAD ./Drivers/STM32H7xx_HAL_Driver/Src/stm32h7xx_hal_tim_ex.o
LOAD ./Middlewares/Third_Party/FreeRTOS/Source/CMSIS_RTOS_V2/cmsis_os2.o
LOAD ./Middlewares/Third_Party/FreeRTOS/Source/croutine.o
LOAD ./Middlewares/Third_Party/FreeRTOS/Source/event_groups.o
LOAD ./Middlewares/Third_Party/FreeRTOS/Source/list.o
LOAD ./Middlewares/Third_Party/FreeRTOS/Source/queue.o
LOAD ./Middlewares/Third_Party/FreeRTOS/Source/stream_buffer.o
LOAD ./Middlewares/Third_Party/FreeRTOS/Source/tasks.o
LOAD ./Middlewares/Third_Party/FreeRTOS/Source/timers.o
LOAD ./Middlewares/Third_Party/FreeRTOS/Source/portable/GCC/ARM_CM4F/port.o
LOAD ./Middlewares/Third_Party/FreeRTOS/Source/portable/MemMang/heap_4.o
START GROUP
LOAD c:/st/stm32cubeide_1.11.0/stm32cubeide/plugins/com.st.stm32cube.ide.mcu.externaltools.gnu-tools-for-stm32.10.3-2021.10.win32_1.0.100.202210260954/tools/bin/../lib/gcc/arm-none-eabi/10.3.1/../../../../arm-none-eabi/lib/thumb/v7e-m+dp/hard\libc_nano.a
LOAD c:/st/stm32cubeide_1.11.0/stm32cubeide/plugins/com.st.stm32cube.ide.mcu.externaltools.gnu-tools-for-stm32.10.3-2021.10.win32_1.0.100.202210260954/tools/bin/../lib/gcc/arm-none-eabi/10.3.1/../../../../arm-none-eabi/lib/thumb/v7e-m+dp/hard\libm.a
END GROUP
START GROUP
LOAD c:/st/stm32cubeide_1.11.0/stm32cubeide/plugins/com.st.stm32cube.ide.mcu.externaltools.gnu-tools-for-stm32.10.3-2021.10.win32_1.0.100.202210260954/tools/bin/../lib/gcc/arm-none-eabi/10.3.1/thumb/v7e-m+dp/hard\libgcc.a
LOAD c:/st/stm32cubeide_1.11.0/stm32cubeide/plugins/com.st.stm32cube.ide.mcu.externaltools.gnu-tools-for-stm32.10.3-2021.10.win32_1.0.100.202210260954/tools/bin/../lib/gcc/arm-none-eabi/10.3.1/../../../../arm-none-eabi/lib/thumb/v7e-m+dp/hard\libc_nano.a
END GROUP
START GROUP
LOAD c:/st/stm32cubeide_1.11.0/stm32cubeide/plugins/com.st.stm32cube.ide.mcu.externaltools.gnu-tools-for-stm32.10.3-2021.10.win32_1.0.100.202210260954/tools/bin/../lib/gcc/arm-none-eabi/10.3.1/thumb/v7e-m+dp/hard\libgcc.a
LOAD c:/st/stm32cubeide_1.11.0/stm32cubeide/plugins/com.st.stm32cube.ide.mcu.externaltools.gnu-tools-for-stm32.10.3-2021.10.win32_1.0.100.202210260954/tools/bin/../lib/gcc/arm-none-eabi/10.3.1/../../../../arm-none-eabi/lib/thumb/v7e-m+dp/hard\libc_nano.a
LOAD c:/st/stm32cubeide_1.11.0/stm32cubeide/plugins/com.st.stm32cube.ide.mcu.externaltools.gnu-tools-for-stm32.10.3-2021.10.win32_1.0.100.202210260954/tools/bin/../lib/gcc/arm-none-eabi/10.3.1/../../../../arm-none-eabi/lib/thumb/v7e-m+dp/hard\libnosys.a
END GROUP
START GROUP
LOAD c:/st/stm32cubeide_1.11.0/stm32cubeide/plugins/com.st.stm32cube.ide.mcu.externaltools.gnu-tools-for-stm32.10.3-2021.10.win32_1.0.100.202210260954/tools/bin/../lib/gcc/arm-none-eabi/10.3.1/thumb/v7e-m+dp/hard\libgcc.a
LOAD c:/st/stm32cubeide_1.11.0/stm32cubeide/plugins/com.st.stm32cube.ide.mcu.externaltools.gnu-tools-for-stm32.10.3-2021.10.win32_1.0.100.202210260954/tools/bin/../lib/gcc/arm-none-eabi/10.3.1/../../../../arm-none-eabi/lib/thumb/v7e-m+dp/hard\libc_nano.a
LOAD c:/st/stm32cubeide_1.11.0/stm32cubeide/plugins/com.st.stm32cube.ide.mcu.externaltools.gnu-tools-for-stm32.10.3-2021.10.win32_1.0.100.202210260954/tools/bin/../lib/gcc/arm-none-eabi/10.3.1/../../../../arm-none-eabi/lib/thumb/v7e-m+dp/hard\libnosys.a
END GROUP
LOAD c:/st/stm32cubeide_1.11.0/stm32cubeide/plugins/com.st.stm32cube.ide.mcu.externaltools.gnu-tools-for-stm32.10.3-2021.10.win32_1.0.100.202210260954/tools/bin/../lib/gcc/arm-none-eabi/10.3.1/thumb/v7e-m+dp/hard/crtend.o
LOAD c:/st/stm32cubeide_1.11.0/stm32cubeide/plugins/com.st.stm32cube.ide.mcu.externaltools.gnu-tools-for-stm32.10.3-2021.10.win32_1.0.100.202210260954/tools/bin/../lib/gcc/arm-none-eabi/10.3.1/thumb/v7e-m+dp/hard/crtn.o
                0x0000000024080000                _estack = (ORIGIN (RAM_D1) + LENGTH (RAM_D1))
                0x0000000000000200                _Min_Heap_Size = 0x200
                0x0000000000000400                _Min_Stack_Size = 0x400

.isr_vector     0x0000000008000000      0x298
                0x0000000008000000                . = ALIGN (0x4)
 *(.isr_vector)
 .isr_vector    0x0000000008000000      0x298 ./Core/Startup/startup_stm32h750vbtx.o
                0x0000000008000000                g_pfnVectors
                0x0000000008000298                . = ALIGN (0x4)

.text           0x00000000080002a0     0x8a58
                0x00000000080002a0                . = ALIGN (0x4)
 *(.text)
 .text          0x00000000080002a0       0x40 c:/st/stm32cubeide_1.11.0/stm32cubeide/plugins/com.st.stm32cube.ide.mcu.externaltools.gnu-tools-for-stm32.10.3-2021.10.win32_1.0.100.202210260954/tools/bin/../lib/gcc/arm-none-eabi/10.3.1/thumb/v7e-m+dp/hard/crtbegin.o
 .text          0x00000000080002e0       0x10 c:/st/stm32cubeide_1.11.0/stm32cubeide/plugins/com.st.stm32cube.ide.mcu.externaltools.gnu-tools-for-stm32.10.3-2021.10.win32_1.0.100.202210260954/tools/bin/../lib/gcc/arm-none-eabi/10.3.1/../../../../arm-none-eabi/lib/thumb/v7e-m+dp/hard\libc_nano.a(lib_a-strlen.o)
                0x00000000080002e0                strlen
 .text          0x00000000080002f0       0xa0 c:/st/stm32cubeide_1.11.0/stm32cubeide/plugins/com.st.stm32cube.ide.mcu.externaltools.gnu-tools-for-stm32.10.3-2021.10.win32_1.0.100.202210260954/tools/bin/../lib/gcc/arm-none-eabi/10.3.1/../../../../arm-none-eabi/lib/thumb/v7e-m+dp/hard\libc_nano.a(lib_a-memchr.o)
                0x00000000080002f0                memchr
 *(.text*)
 .text.DisplayInit
                0x0000000008000390       0x94 ./Core/Src/ST7735.o
                0x0000000008000390                DisplayInit
 .text.ST7735_SetAddressWindow
                0x0000000008000424       0xec ./Core/Src/ST7735.o
                0x0000000008000424                ST7735_SetAddressWindow
 .text.ST7735_SetRotation
                0x0000000008000510      0x108 ./Core/Src/ST7735.o
                0x0000000008000510                ST7735_SetRotation
 .text.ST7735_Init
                0x0000000008000618       0x60 ./Core/Src/ST7735.o
                0x0000000008000618                ST7735_Init
 .text.ST7735_WriteChar
                0x0000000008000678       0xcc ./Core/Src/ST7735.o
                0x0000000008000678                ST7735_WriteChar
 .text.ST7735_WriteString
                0x0000000008000744       0xb0 ./Core/Src/ST7735.o
                0x0000000008000744                ST7735_WriteString
 .text.ST7735_FillRectangle
                0x00000000080007f4       0xb8 ./Core/Src/ST7735.o
                0x00000000080007f4                ST7735_FillRectangle
 .text.ST7735_DrawImage
                0x00000000080008ac       0x94 ./Core/Src/ST7735.o
                0x00000000080008ac                ST7735_DrawImage
 .text.isCalibratingMode
                0x0000000008000940        0xc ./Core/Src/calibration.o
                0x0000000008000940                isCalibratingMode
 .text.startDemo
                0x000000000800094c        0xc ./Core/Src/calibration.o
                0x000000000800094c                startDemo
 .text.stopDemo
                0x0000000008000958        0xc ./Core/Src/calibration.o
                0x0000000008000958                stopDemo
 .text.computePD
                0x0000000008000964      0x178 ./Core/Src/calibration.o
                0x0000000008000964                computePD
 .text.getCalibrationMode
                0x0000000008000adc        0xc ./Core/Src/calibration.o
                0x0000000008000adc                getCalibrationMode
 .text.updateCalibration
                0x0000000008000ae8      0x8b0 ./Core/Src/calibration.o
                0x0000000008000ae8                updateCalibration
 .text.SlowThisDown
                0x0000000008001398       0x38 ./Core/Src/freertos.o
                0x0000000008001398                SlowThisDown
 .text.SPITransmitReceive
                0x00000000080013d0      0x270 ./Core/Src/freertos.o
                0x00000000080013d0                SPITransmitReceive
 .text.HAL_GPIO_EXTI_Callback
                0x0000000008001640       0x20 ./Core/Src/freertos.o
                0x0000000008001640                HAL_GPIO_EXTI_Callback
 .text.getDt    0x0000000008001660       0x38 ./Core/Src/freertos.o
                0x0000000008001660                getDt
 .text.resetCounter
                0x0000000008001698       0x10 ./Core/Src/freertos.o
                0x0000000008001698                resetCounter
 .text.setCounter
                0x00000000080016a8       0x18 ./Core/Src/freertos.o
                0x00000000080016a8                setCounter
 .text.StartDefaultTask
                0x00000000080016c0      0x304 ./Core/Src/freertos.o
                0x00000000080016c0                StartDefaultTask
 .text.MX_FREERTOS_Init
                0x00000000080019c4       0x20 ./Core/Src/freertos.o
                0x00000000080019c4                MX_FREERTOS_Init
 .text.MX_GPIO_Init
                0x00000000080019e4      0x1f8 ./Core/Src/gpio.o
                0x00000000080019e4                MX_GPIO_Init
 .text.keyClicked
                0x0000000008001bdc       0x1c ./Core/Src/keyboard.o
                0x0000000008001bdc                keyClicked
 .text.keyPressed
                0x0000000008001bf8        0xc ./Core/Src/keyboard.o
                0x0000000008001bf8                keyPressed
 .text.scanKeyboard
                0x0000000008001c04       0xb4 ./Core/Src/keyboard.o
                0x0000000008001c04                scanKeyboard
 .text._write   0x0000000008001cb8       0x5c ./Core/Src/main.o
                0x0000000008001cb8                _write
 *fill*         0x0000000008001d14        0x4 
 .text.SystemClock_Config
                0x0000000008001d18       0xc0 ./Core/Src/main.o
                0x0000000008001d18                SystemClock_Config
 .text.PeriphCommonClock_Config
                0x0000000008001dd8       0x58 ./Core/Src/main.o
                0x0000000008001dd8                PeriphCommonClock_Config
 .text.startup.main
                0x0000000008001e30       0xb8 ./Core/Src/main.o
                0x0000000008001e30                main
 .text.HAL_TIM_PeriodElapsedCallback
                0x0000000008001ee8       0x14 ./Core/Src/main.o
                0x0000000008001ee8                HAL_TIM_PeriodElapsedCallback
 .text.Error_Handler
                0x0000000008001efc        0x4 ./Core/Src/main.o
                0x0000000008001efc                Error_Handler
 .text.writeScrLine
                0x0000000008001f00       0x84 ./Core/Src/screen.o
                0x0000000008001f00                writeScrLine
 .text.drawPage0
                0x0000000008001f84      0x258 ./Core/Src/screen.o
                0x0000000008001f84                drawPage0
 .text.drawPage1
                0x00000000080021dc      0x2c0 ./Core/Src/screen.o
                0x00000000080021dc                drawPage1
 .text.updateScreen
                0x000000000800249c       0x24 ./Core/Src/screen.o
                0x000000000800249c                updateScreen
 .text.MX_SPI1_Init
                0x00000000080024c0       0x5c ./Core/Src/spi.o
                0x00000000080024c0                MX_SPI1_Init
 .text.MX_SPI4_Init
                0x000000000800251c       0x64 ./Core/Src/spi.o
                0x000000000800251c                MX_SPI4_Init
 .text.HAL_SPI_MspInit
                0x0000000008002580       0xe4 ./Core/Src/spi.o
                0x0000000008002580                HAL_SPI_MspInit
 .text.HAL_MspInit
                0x0000000008002664       0x34 ./Core/Src/stm32h7xx_hal_msp.o
                0x0000000008002664                HAL_MspInit
 .text.HAL_InitTick
                0x0000000008002698       0x94 ./Core/Src/stm32h7xx_hal_timebase_tim.o
                0x0000000008002698                HAL_InitTick
 .text.NMI_Handler
                0x000000000800272c        0x4 ./Core/Src/stm32h7xx_it.o
                0x000000000800272c                NMI_Handler
 .text.HardFault_Handler
                0x0000000008002730        0x4 ./Core/Src/stm32h7xx_it.o
                0x0000000008002730                HardFault_Handler
 .text.MemManage_Handler
                0x0000000008002734        0x4 ./Core/Src/stm32h7xx_it.o
                0x0000000008002734                MemManage_Handler
 .text.BusFault_Handler
                0x0000000008002738        0x4 ./Core/Src/stm32h7xx_it.o
                0x0000000008002738                BusFault_Handler
 .text.UsageFault_Handler
                0x000000000800273c        0x4 ./Core/Src/stm32h7xx_it.o
                0x000000000800273c                UsageFault_Handler
 .text.DebugMon_Handler
                0x0000000008002740        0x4 ./Core/Src/stm32h7xx_it.o
                0x0000000008002740                DebugMon_Handler
 .text.EXTI9_5_IRQHandler
                0x0000000008002744        0x8 ./Core/Src/stm32h7xx_it.o
                0x0000000008002744                EXTI9_5_IRQHandler
 .text.TIM1_UP_IRQHandler
                0x000000000800274c        0xc ./Core/Src/stm32h7xx_it.o
                0x000000000800274c                TIM1_UP_IRQHandler
 .text.SPI1_IRQHandler
                0x0000000008002758        0xc ./Core/Src/stm32h7xx_it.o
                0x0000000008002758                SPI1_IRQHandler
 .text.EXTI15_10_IRQHandler
                0x0000000008002764        0x8 ./Core/Src/stm32h7xx_it.o
                0x0000000008002764                EXTI15_10_IRQHandler
 .text._read    0x000000000800276c       0x1c ./Core/Src/syscalls.o
                0x000000000800276c                _read
 .text._close   0x0000000008002788        0x8 ./Core/Src/syscalls.o
                0x0000000008002788                _close
 .text._fstat   0x0000000008002790        0xc ./Core/Src/syscalls.o
                0x0000000008002790                _fstat
 .text._isatty  0x000000000800279c        0x4 ./Core/Src/syscalls.o
                0x000000000800279c                _isatty
 .text._lseek   0x00000000080027a0        0x4 ./Core/Src/syscalls.o
                0x00000000080027a0                _lseek
 .text._sbrk    0x00000000080027a4       0x48 ./Core/Src/sysmem.o
                0x00000000080027a4                _sbrk
 .text.SystemInit
                0x00000000080027ec       0xcc ./Core/Src/system_stm32h7xx.o
                0x00000000080027ec                SystemInit
 .text.SystemCoreClockUpdate
                0x00000000080028b8      0x16c ./Core/Src/system_stm32h7xx.o
                0x00000000080028b8                SystemCoreClockUpdate
 .text.my_ftoa  0x0000000008002a24      0x300 ./Core/Src/utils.o
                0x0000000008002a24                my_ftoa
 .text.Reset_Handler
                0x0000000008002d24       0x50 ./Core/Startup/startup_stm32h750vbtx.o
                0x0000000008002d24                Reset_Handler
 .text.Default_Handler
                0x0000000008002d74        0x2 ./Core/Startup/startup_stm32h750vbtx.o
                0x0000000008002d74                RTC_Alarm_IRQHandler
                0x0000000008002d74                HASH_RNG_IRQHandler
                0x0000000008002d74                EXTI2_IRQHandler
                0x0000000008002d74                TIM8_CC_IRQHandler
                0x0000000008002d74                HRTIM1_Master_IRQHandler
                0x0000000008002d74                UART8_IRQHandler
                0x0000000008002d74                SPI4_IRQHandler
                0x0000000008002d74                TIM1_CC_IRQHandler
                0x0000000008002d74                BDMA_Channel6_IRQHandler
                0x0000000008002d74                DMA2_Stream5_IRQHandler
                0x0000000008002d74                HRTIM1_FLT_IRQHandler
                0x0000000008002d74                JPEG_IRQHandler
                0x0000000008002d74                DMA1_Stream5_IRQHandler
                0x0000000008002d74                BDMA_Channel1_IRQHandler
                0x0000000008002d74                HRTIM1_TIMD_IRQHandler
                0x0000000008002d74                TAMP_STAMP_IRQHandler
                0x0000000008002d74                EXTI3_IRQHandler
                0x0000000008002d74                LPTIM4_IRQHandler
                0x0000000008002d74                TIM8_TRG_COM_TIM14_IRQHandler
                0x0000000008002d74                LPTIM2_IRQHandler
                0x0000000008002d74                DFSDM1_FLT1_IRQHandler
                0x0000000008002d74                DMAMUX2_OVR_IRQHandler
                0x0000000008002d74                TIM8_UP_TIM13_IRQHandler
                0x0000000008002d74                I2C3_ER_IRQHandler
                0x0000000008002d74                DFSDM1_FLT2_IRQHandler
                0x0000000008002d74                MDMA_IRQHandler
                0x0000000008002d74                LPTIM3_IRQHandler
                0x0000000008002d74                HSEM1_IRQHandler
                0x0000000008002d74                EXTI0_IRQHandler
                0x0000000008002d74                I2C2_EV_IRQHandler
                0x0000000008002d74                DMA1_Stream2_IRQHandler
                0x0000000008002d74                FPU_IRQHandler
                0x0000000008002d74                OTG_HS_WKUP_IRQHandler
                0x0000000008002d74                FDCAN1_IT1_IRQHandler
                0x0000000008002d74                LTDC_ER_IRQHandler
                0x0000000008002d74                DMA2_Stream2_IRQHandler
                0x0000000008002d74                HRTIM1_TIME_IRQHandler
                0x0000000008002d74                TIM6_DAC_IRQHandler
                0x0000000008002d74                DCMI_IRQHandler
                0x0000000008002d74                HRTIM1_TIMC_IRQHandler
                0x0000000008002d74                DMA2_Stream3_IRQHandler
                0x0000000008002d74                SAI2_IRQHandler
                0x0000000008002d74                DFSDM1_FLT3_IRQHandler
                0x0000000008002d74                USART6_IRQHandler
                0x0000000008002d74                TIM17_IRQHandler
                0x0000000008002d74                USART3_IRQHandler
                0x0000000008002d74                BDMA_Channel7_IRQHandler
                0x0000000008002d74                CRYP_IRQHandler
                0x0000000008002d74                LPTIM5_IRQHandler
                0x0000000008002d74                UART5_IRQHandler
                0x0000000008002d74                ADC3_IRQHandler
                0x0000000008002d74                DMA2_Stream0_IRQHandler
                0x0000000008002d74                TIM4_IRQHandler
                0x0000000008002d74                BDMA_Channel2_IRQHandler
                0x0000000008002d74                QUADSPI_IRQHandler
                0x0000000008002d74                I2C1_EV_IRQHandler
                0x0000000008002d74                DMA1_Stream6_IRQHandler
                0x0000000008002d74                DMAMUX1_OVR_IRQHandler
                0x0000000008002d74                DMA1_Stream1_IRQHandler
                0x0000000008002d74                TIM16_IRQHandler
                0x0000000008002d74                UART4_IRQHandler
                0x0000000008002d74                BDMA_Channel5_IRQHandler
                0x0000000008002d74                TIM3_IRQHandler
                0x0000000008002d74                RCC_IRQHandler
                0x0000000008002d74                TIM8_BRK_TIM12_IRQHandler
                0x0000000008002d74                TIM1_TRG_COM_IRQHandler
                0x0000000008002d74                Default_Handler
                0x0000000008002d74                ECC_IRQHandler
                0x0000000008002d74                CEC_IRQHandler
                0x0000000008002d74                BDMA_Channel0_IRQHandler
                0x0000000008002d74                ADC_IRQHandler
                0x0000000008002d74                DMA1_Stream7_IRQHandler
                0x0000000008002d74                HRTIM1_TIMA_IRQHandler
                0x0000000008002d74                SPI5_IRQHandler
                0x0000000008002d74                TIM7_IRQHandler
                0x0000000008002d74                SDMMC1_IRQHandler
                0x0000000008002d74                TIM5_IRQHandler
                0x0000000008002d74                DMA2_Stream7_IRQHandler
                0x0000000008002d74                TIM15_IRQHandler
                0x0000000008002d74                PVD_AVD_IRQHandler
                0x0000000008002d74                I2C3_EV_IRQHandler
                0x0000000008002d74                RTC_WKUP_IRQHandler
                0x0000000008002d74                LTDC_IRQHandler
                0x0000000008002d74                SAI3_IRQHandler
                0x0000000008002d74                ETH_WKUP_IRQHandler
                0x0000000008002d74                SPDIF_RX_IRQHandler
                0x0000000008002d74                SPI2_IRQHandler
                0x0000000008002d74                OTG_HS_EP1_IN_IRQHandler
                0x0000000008002d74                DMA1_Stream0_IRQHandler
                0x0000000008002d74                CRS_IRQHandler
                0x0000000008002d74                EXTI4_IRQHandler
                0x0000000008002d74                HRTIM1_TIMB_IRQHandler
                0x0000000008002d74                FDCAN2_IT1_IRQHandler
                0x0000000008002d74                ETH_IRQHandler
                0x0000000008002d74                BDMA_Channel4_IRQHandler
                0x0000000008002d74                OTG_HS_EP1_OUT_IRQHandler
                0x0000000008002d74                WWDG_IRQHandler
                0x0000000008002d74                SPI6_IRQHandler
                0x0000000008002d74                MDIOS_IRQHandler
                0x0000000008002d74                I2C4_EV_IRQHandler
                0x0000000008002d74                FDCAN2_IT0_IRQHandler
                0x0000000008002d74                LPUART1_IRQHandler
                0x0000000008002d74                FDCAN1_IT0_IRQHandler
                0x0000000008002d74                TIM2_IRQHandler
                0x0000000008002d74                OTG_FS_WKUP_IRQHandler
                0x0000000008002d74                OTG_HS_IRQHandler
                0x0000000008002d74                DMA2D_IRQHandler
                0x0000000008002d74                TIM1_BRK_IRQHandler
                0x0000000008002d74                EXTI1_IRQHandler
                0x0000000008002d74                SDMMC2_IRQHandler
                0x0000000008002d74                OTG_FS_EP1_OUT_IRQHandler
                0x0000000008002d74                BDMA_Channel3_IRQHandler
                0x0000000008002d74                UART7_IRQHandler
                0x0000000008002d74                MDIOS_WKUP_IRQHandler
                0x0000000008002d74                USART2_IRQHandler
                0x0000000008002d74                DFSDM1_FLT0_IRQHandler
                0x0000000008002d74                SAI4_IRQHandler
                0x0000000008002d74                I2C2_ER_IRQHandler
                0x0000000008002d74                DMA2_Stream1_IRQHandler
                0x0000000008002d74                FLASH_IRQHandler
                0x0000000008002d74                DMA2_Stream4_IRQHandler
                0x0000000008002d74                USART1_IRQHandler
                0x0000000008002d74                OTG_FS_IRQHandler
                0x0000000008002d74                SPI3_IRQHandler
                0x0000000008002d74                WAKEUP_PIN_IRQHandler
                0x0000000008002d74                DMA1_Stream4_IRQHandler
                0x0000000008002d74                OTG_FS_EP1_IN_IRQHandler
                0x0000000008002d74                I2C1_ER_IRQHandler
                0x0000000008002d74                FMC_IRQHandler
                0x0000000008002d74                FDCAN_CAL_IRQHandler
                0x0000000008002d74                SWPMI1_IRQHandler
                0x0000000008002d74                COMP1_IRQHandler
                0x0000000008002d74                LPTIM1_IRQHandler
                0x0000000008002d74                I2C4_ER_IRQHandler
                0x0000000008002d74                DMA2_Stream6_IRQHandler
                0x0000000008002d74                SAI1_IRQHandler
                0x0000000008002d74                DMA1_Stream3_IRQHandler
 *fill*         0x0000000008002d76        0x2 
 .text.HAL_Init
                0x0000000008002d78       0x60 ./Drivers/STM32H7xx_HAL_Driver/Src/stm32h7xx_hal.o
                0x0000000008002d78                HAL_Init
 .text.HAL_IncTick
                0x0000000008002dd8       0x18 ./Drivers/STM32H7xx_HAL_Driver/Src/stm32h7xx_hal.o
                0x0000000008002dd8                HAL_IncTick
 .text.HAL_GetTick
                0x0000000008002df0        0xc ./Drivers/STM32H7xx_HAL_Driver/Src/stm32h7xx_hal.o
                0x0000000008002df0                HAL_GetTick
 .text.HAL_Delay
                0x0000000008002dfc       0x24 ./Drivers/STM32H7xx_HAL_Driver/Src/stm32h7xx_hal.o
                0x0000000008002dfc                HAL_Delay
 .text.HAL_GetREVID
                0x0000000008002e20        0xc ./Drivers/STM32H7xx_HAL_Driver/Src/stm32h7xx_hal.o
                0x0000000008002e20                HAL_GetREVID
 .text.HAL_NVIC_SetPriorityGrouping
                0x0000000008002e2c       0x24 ./Drivers/STM32H7xx_HAL_Driver/Src/stm32h7xx_hal_cortex.o
                0x0000000008002e2c                HAL_NVIC_SetPriorityGrouping
 .text.HAL_NVIC_SetPriority
                0x0000000008002e50       0x7c ./Drivers/STM32H7xx_HAL_Driver/Src/stm32h7xx_hal_cortex.o
                0x0000000008002e50                HAL_NVIC_SetPriority
 .text.HAL_NVIC_EnableIRQ
                0x0000000008002ecc       0x1c ./Drivers/STM32H7xx_HAL_Driver/Src/stm32h7xx_hal_cortex.o
                0x0000000008002ecc                HAL_NVIC_EnableIRQ
 .text.HAL_DMA_Abort_IT
                0x0000000008002ee8      0x194 ./Drivers/STM32H7xx_HAL_Driver/Src/stm32h7xx_hal_dma.o
                0x0000000008002ee8                HAL_DMA_Abort_IT
 .text.HAL_GPIO_Init
                0x000000000800307c      0x274 ./Drivers/STM32H7xx_HAL_Driver/Src/stm32h7xx_hal_gpio.o
                0x000000000800307c                HAL_GPIO_Init
 .text.HAL_GPIO_ReadPin
                0x00000000080032f0        0xc ./Drivers/STM32H7xx_HAL_Driver/Src/stm32h7xx_hal_gpio.o
                0x00000000080032f0                HAL_GPIO_ReadPin
 .text.HAL_GPIO_WritePin
                0x00000000080032fc        0x8 ./Drivers/STM32H7xx_HAL_Driver/Src/stm32h7xx_hal_gpio.o
                0x00000000080032fc                HAL_GPIO_WritePin
 .text.HAL_GPIO_EXTI_IRQHandler
                0x0000000008003304       0x1c ./Drivers/STM32H7xx_HAL_Driver/Src/stm32h7xx_hal_gpio.o
                0x0000000008003304                HAL_GPIO_EXTI_IRQHandler
 .text.HAL_PWREx_ConfigSupply
                0x0000000008003320       0x48 ./Drivers/STM32H7xx_HAL_Driver/Src/stm32h7xx_hal_pwr_ex.o
                0x0000000008003320                HAL_PWREx_ConfigSupply
 .text.HAL_RCC_GetSysClockFreq.part.0
                0x0000000008003368      0x108 ./Drivers/STM32H7xx_HAL_Driver/Src/stm32h7xx_hal_rcc.o
 .text.HAL_RCC_OscConfig
                0x0000000008003470      0x5e8 ./Drivers/STM32H7xx_HAL_Driver/Src/stm32h7xx_hal_rcc.o
                0x0000000008003470                HAL_RCC_OscConfig
 .text.HAL_RCC_GetSysClockFreq
                0x0000000008003a58      0x140 ./Drivers/STM32H7xx_HAL_Driver/Src/stm32h7xx_hal_rcc.o
                0x0000000008003a58                HAL_RCC_GetSysClockFreq
 .text.HAL_RCC_ClockConfig
                0x0000000008003b98      0x250 ./Drivers/STM32H7xx_HAL_Driver/Src/stm32h7xx_hal_rcc.o
                0x0000000008003b98                HAL_RCC_ClockConfig
 .text.HAL_RCC_GetPCLK2Freq
                0x0000000008003de8       0x90 ./Drivers/STM32H7xx_HAL_Driver/Src/stm32h7xx_hal_rcc.o
                0x0000000008003de8                HAL_RCC_GetPCLK2Freq
 .text.HAL_RCC_GetClockConfig
                0x0000000008003e78       0x58 ./Drivers/STM32H7xx_HAL_Driver/Src/stm32h7xx_hal_rcc.o
                0x0000000008003e78                HAL_RCC_GetClockConfig
 .text.RCCEx_PLL2_Config
                0x0000000008003ed0       0xf4 ./Drivers/STM32H7xx_HAL_Driver/Src/stm32h7xx_hal_rcc_ex.o
 .text.RCCEx_PLL3_Config
                0x0000000008003fc4       0xf4 ./Drivers/STM32H7xx_HAL_Driver/Src/stm32h7xx_hal_rcc_ex.o
 .text.HAL_RCCEx_PeriphCLKConfig
                0x00000000080040b8      0xbf8 ./Drivers/STM32H7xx_HAL_Driver/Src/stm32h7xx_hal_rcc_ex.o
                0x00000000080040b8                HAL_RCCEx_PeriphCLKConfig
 .text.SPI_CloseTransfer
                0x0000000008004cb0       0xb8 ./Drivers/STM32H7xx_HAL_Driver/Src/stm32h7xx_hal_spi.o
 .text.HAL_SPI_Init
                0x0000000008004d68      0x1a8 ./Drivers/STM32H7xx_HAL_Driver/Src/stm32h7xx_hal_spi.o
                0x0000000008004d68                HAL_SPI_Init
 .text.HAL_SPI_Transmit
                0x0000000008004f10      0x32c ./Drivers/STM32H7xx_HAL_Driver/Src/stm32h7xx_hal_spi.o
                0x0000000008004f10                HAL_SPI_Transmit
 .text.HAL_SPI_TransmitReceive
                0x000000000800523c      0x3a8 ./Drivers/STM32H7xx_HAL_Driver/Src/stm32h7xx_hal_spi.o
                0x000000000800523c                HAL_SPI_TransmitReceive
 .text.HAL_SPI_TxCpltCallback
                0x00000000080055e4        0x4 ./Drivers/STM32H7xx_HAL_Driver/Src/stm32h7xx_hal_spi.o
                0x00000000080055e4                HAL_SPI_TxCpltCallback
 .text.HAL_SPI_RxCpltCallback
                0x00000000080055e8        0x4 ./Drivers/STM32H7xx_HAL_Driver/Src/stm32h7xx_hal_spi.o
                0x00000000080055e8                HAL_SPI_RxCpltCallback
 .text.HAL_SPI_TxRxCpltCallback
                0x00000000080055ec        0x4 ./Drivers/STM32H7xx_HAL_Driver/Src/stm32h7xx_hal_spi.o
                0x00000000080055ec                HAL_SPI_TxRxCpltCallback
 .text.HAL_SPI_ErrorCallback
                0x00000000080055f0        0x4 ./Drivers/STM32H7xx_HAL_Driver/Src/stm32h7xx_hal_spi.o
                0x00000000080055f0                HAL_SPI_ErrorCallback
 .text.SPI_DMAAbortOnError
                0x00000000080055f4       0x1c ./Drivers/STM32H7xx_HAL_Driver/Src/stm32h7xx_hal_spi.o
 .text.HAL_SPI_SuspendCallback
                0x0000000008005610        0x4 ./Drivers/STM32H7xx_HAL_Driver/Src/stm32h7xx_hal_spi.o
                0x0000000008005610                HAL_SPI_SuspendCallback
 .text.HAL_SPI_IRQHandler
                0x0000000008005614      0x214 ./Drivers/STM32H7xx_HAL_Driver/Src/stm32h7xx_hal_spi.o
                0x0000000008005614                HAL_SPI_IRQHandler
 .text.HAL_TIM_Base_MspInit
                0x0000000008005828        0x4 ./Drivers/STM32H7xx_HAL_Driver/Src/stm32h7xx_hal_tim.o
                0x0000000008005828                HAL_TIM_Base_MspInit
 .text.HAL_TIM_Base_Init
                0x000000000800582c      0x16c ./Drivers/STM32H7xx_HAL_Driver/Src/stm32h7xx_hal_tim.o
                0x000000000800582c                HAL_TIM_Base_Init
 .text.HAL_TIM_Base_Start_IT
                0x0000000008005998       0xb8 ./Drivers/STM32H7xx_HAL_Driver/Src/stm32h7xx_hal_tim.o
                0x0000000008005998                HAL_TIM_Base_Start_IT
 .text.HAL_TIM_OC_DelayElapsedCallback
                0x0000000008005a50        0x4 ./Drivers/STM32H7xx_HAL_Driver/Src/stm32h7xx_hal_tim.o
                0x0000000008005a50                HAL_TIM_OC_DelayElapsedCallback
 .text.HAL_TIM_IC_CaptureCallback
                0x0000000008005a54        0x4 ./Drivers/STM32H7xx_HAL_Driver/Src/stm32h7xx_hal_tim.o
                0x0000000008005a54                HAL_TIM_IC_CaptureCallback
 .text.HAL_TIM_PWM_PulseFinishedCallback
                0x0000000008005a58        0x4 ./Drivers/STM32H7xx_HAL_Driver/Src/stm32h7xx_hal_tim.o
                0x0000000008005a58                HAL_TIM_PWM_PulseFinishedCallback
 .text.HAL_TIM_TriggerCallback
                0x0000000008005a5c        0x4 ./Drivers/STM32H7xx_HAL_Driver/Src/stm32h7xx_hal_tim.o
                0x0000000008005a5c                HAL_TIM_TriggerCallback
 .text.HAL_TIM_IRQHandler
                0x0000000008005a60      0x170 ./Drivers/STM32H7xx_HAL_Driver/Src/stm32h7xx_hal_tim.o
                0x0000000008005a60                HAL_TIM_IRQHandler
 .text.HAL_TIMEx_CommutCallback
                0x0000000008005bd0        0x4 ./Drivers/STM32H7xx_HAL_Driver/Src/stm32h7xx_hal_tim_ex.o
                0x0000000008005bd0                HAL_TIMEx_CommutCallback
 .text.HAL_TIMEx_BreakCallback
                0x0000000008005bd4        0x4 ./Drivers/STM32H7xx_HAL_Driver/Src/stm32h7xx_hal_tim_ex.o
                0x0000000008005bd4                HAL_TIMEx_BreakCallback
 .text.HAL_TIMEx_Break2Callback
                0x0000000008005bd8        0x4 ./Drivers/STM32H7xx_HAL_Driver/Src/stm32h7xx_hal_tim_ex.o
                0x0000000008005bd8                HAL_TIMEx_Break2Callback
 .text.SysTick_Handler
                0x0000000008005bdc       0x1c ./Middlewares/Third_Party/FreeRTOS/Source/CMSIS_RTOS_V2/cmsis_os2.o
                0x0000000008005bdc                SysTick_Handler
 .text.osKernelInitialize
                0x0000000008005bf8       0x24 ./Middlewares/Third_Party/FreeRTOS/Source/CMSIS_RTOS_V2/cmsis_os2.o
                0x0000000008005bf8                osKernelInitialize
 .text.osKernelStart
                0x0000000008005c1c       0x34 ./Middlewares/Third_Party/FreeRTOS/Source/CMSIS_RTOS_V2/cmsis_os2.o
                0x0000000008005c1c                osKernelStart
 .text.osThreadNew
                0x0000000008005c50       0x94 ./Middlewares/Third_Party/FreeRTOS/Source/CMSIS_RTOS_V2/cmsis_os2.o
                0x0000000008005c50                osThreadNew
 .text.osDelay  0x0000000008005ce4       0x1c ./Middlewares/Third_Party/FreeRTOS/Source/CMSIS_RTOS_V2/cmsis_os2.o
                0x0000000008005ce4                osDelay
 .text.vApplicationGetIdleTaskMemory
                0x0000000008005d00       0x1c ./Middlewares/Third_Party/FreeRTOS/Source/CMSIS_RTOS_V2/cmsis_os2.o
                0x0000000008005d00                vApplicationGetIdleTaskMemory
 .text.vApplicationGetTimerTaskMemory
                0x0000000008005d1c       0x20 ./Middlewares/Third_Party/FreeRTOS/Source/CMSIS_RTOS_V2/cmsis_os2.o
                0x0000000008005d1c                vApplicationGetTimerTaskMemory
 .text.vListInitialise
                0x0000000008005d3c       0x18 ./Middlewares/Third_Party/FreeRTOS/Source/list.o
                0x0000000008005d3c                vListInitialise
 .text.vListInitialiseItem
                0x0000000008005d54        0x8 ./Middlewares/Third_Party/FreeRTOS/Source/list.o
                0x0000000008005d54                vListInitialiseItem
 .text.vListInsertEnd
                0x0000000008005d5c       0x20 ./Middlewares/Third_Party/FreeRTOS/Source/list.o
                0x0000000008005d5c                vListInsertEnd
 .text.vListInsert
                0x0000000008005d7c       0x30 ./Middlewares/Third_Party/FreeRTOS/Source/list.o
                0x0000000008005d7c                vListInsert
 .text.uxListRemove
                0x0000000008005dac       0x28 ./Middlewares/Third_Party/FreeRTOS/Source/list.o
                0x0000000008005dac                uxListRemove
 .text.prvCopyDataToQueue
                0x0000000008005dd4       0x84 ./Middlewares/Third_Party/FreeRTOS/Source/queue.o
 .text.xQueueGenericCreateStatic
                0x0000000008005e58       0xd8 ./Middlewares/Third_Party/FreeRTOS/Source/queue.o
                0x0000000008005e58                xQueueGenericCreateStatic
 .text.xQueueGenericSend
                0x0000000008005f30      0x304 ./Middlewares/Third_Party/FreeRTOS/Source/queue.o
                0x0000000008005f30                xQueueGenericSend
 .text.xQueueReceive
                0x0000000008006234      0x304 ./Middlewares/Third_Party/FreeRTOS/Source/queue.o
                0x0000000008006234                xQueueReceive
 .text.vQueueAddToRegistry
                0x0000000008006538       0x50 ./Middlewares/Third_Party/FreeRTOS/Source/queue.o
                0x0000000008006538                vQueueAddToRegistry
 .text.vQueueWaitForMessageRestricted
                0x0000000008006588       0xc8 ./Middlewares/Third_Party/FreeRTOS/Source/queue.o
                0x0000000008006588                vQueueWaitForMessageRestricted
 .text.prvAddNewTaskToReadyList
                0x0000000008006650      0x110 ./Middlewares/Third_Party/FreeRTOS/Source/tasks.o
 .text.prvInitialiseNewTask.constprop.0
                0x0000000008006760      0x158 ./Middlewares/Third_Party/FreeRTOS/Source/tasks.o
 .text.prvIdleTask
                0x00000000080068b8       0xa0 ./Middlewares/Third_Party/FreeRTOS/Source/tasks.o
 .text.xTaskIncrementTick.part.0
                0x0000000008006958      0x150 ./Middlewares/Third_Party/FreeRTOS/Source/tasks.o
 .text.xTaskResumeAll.part.0
                0x0000000008006aa8      0x134 ./Middlewares/Third_Party/FreeRTOS/Source/tasks.o
 .text.xTaskCreateStatic
                0x0000000008006bdc       0x74 ./Middlewares/Third_Party/FreeRTOS/Source/tasks.o
                0x0000000008006bdc                xTaskCreateStatic
 .text.xTaskCreate
                0x0000000008006c50       0x64 ./Middlewares/Third_Party/FreeRTOS/Source/tasks.o
                0x0000000008006c50                xTaskCreate
 .text.vTaskDelay
                0x0000000008006cb4       0xac ./Middlewares/Third_Party/FreeRTOS/Source/tasks.o
                0x0000000008006cb4                vTaskDelay
 .text.vTaskStartScheduler
                0x0000000008006d60       0xf8 ./Middlewares/Third_Party/FreeRTOS/Source/tasks.o
                0x0000000008006d60                vTaskStartScheduler
 .text.vTaskSuspendAll
                0x0000000008006e58       0x10 ./Middlewares/Third_Party/FreeRTOS/Source/tasks.o
                0x0000000008006e58                vTaskSuspendAll
 .text.xTaskResumeAll
                0x0000000008006e68       0x20 ./Middlewares/Third_Party/FreeRTOS/Source/tasks.o
                0x0000000008006e68                xTaskResumeAll
 .text.xTaskGetTickCount
                0x0000000008006e88        0xc ./Middlewares/Third_Party/FreeRTOS/Source/tasks.o
                0x0000000008006e88                xTaskGetTickCount
 .text.xTaskIncrementTick
                0x0000000008006e94       0x20 ./Middlewares/Third_Party/FreeRTOS/Source/tasks.o
                0x0000000008006e94                xTaskIncrementTick
 .text.vTaskSwitchContext
                0x0000000008006eb4       0x94 ./Middlewares/Third_Party/FreeRTOS/Source/tasks.o
                0x0000000008006eb4                vTaskSwitchContext
 .text.vTaskPlaceOnEventList
                0x0000000008006f48       0x88 ./Middlewares/Third_Party/FreeRTOS/Source/tasks.o
                0x0000000008006f48                vTaskPlaceOnEventList
 .text.vTaskPlaceOnEventListRestricted
                0x0000000008006fd0       0x94 ./Middlewares/Third_Party/FreeRTOS/Source/tasks.o
                0x0000000008006fd0                vTaskPlaceOnEventListRestricted
 .text.xTaskRemoveFromEventList
                0x0000000008007064       0x94 ./Middlewares/Third_Party/FreeRTOS/Source/tasks.o
                0x0000000008007064                xTaskRemoveFromEventList
 .text.vTaskInternalSetTimeOutState
                0x00000000080070f8       0x18 ./Middlewares/Third_Party/FreeRTOS/Source/tasks.o
                0x00000000080070f8                vTaskInternalSetTimeOutState
 .text.xTaskCheckForTimeOut
                0x0000000008007110       0x90 ./Middlewares/Third_Party/FreeRTOS/Source/tasks.o
                0x0000000008007110                xTaskCheckForTimeOut
 .text.vTaskMissedYield
                0x00000000080071a0        0xc ./Middlewares/Third_Party/FreeRTOS/Source/tasks.o
                0x00000000080071a0                vTaskMissedYield
 .text.xTaskGetSchedulerState
                0x00000000080071ac       0x20 ./Middlewares/Third_Party/FreeRTOS/Source/tasks.o
                0x00000000080071ac                xTaskGetSchedulerState
 .text.xTaskPriorityDisinherit
                0x00000000080071cc       0x8c ./Middlewares/Third_Party/FreeRTOS/Source/tasks.o
                0x00000000080071cc                xTaskPriorityDisinherit
 .text.prvSwitchTimerLists
                0x0000000008007258       0x9c ./Middlewares/Third_Party/FreeRTOS/Source/timers.o
 .text.prvTimerTask
                0x00000000080072f4      0x294 ./Middlewares/Third_Party/FreeRTOS/Source/timers.o
 .text.xTimerCreateTimerTask
                0x0000000008007588       0xbc ./Middlewares/Third_Party/FreeRTOS/Source/timers.o
                0x0000000008007588                xTimerCreateTimerTask
 .text.prvPortStartFirstTask
                0x0000000008007644       0x28 ./Middlewares/Third_Party/FreeRTOS/Source/portable/GCC/ARM_CM4F/port.o
 .text.vPortEnableVFP
                0x000000000800766c       0x14 ./Middlewares/Third_Party/FreeRTOS/Source/portable/GCC/ARM_CM4F/port.o
 .text.prvTaskExitError
                0x0000000008007680       0x40 ./Middlewares/Third_Party/FreeRTOS/Source/portable/GCC/ARM_CM4F/port.o
 .text.pxPortInitialiseStack
                0x00000000080076c0       0x30 ./Middlewares/Third_Party/FreeRTOS/Source/portable/GCC/ARM_CM4F/port.o
                0x00000000080076c0                pxPortInitialiseStack
 .text.SVC_Handler
                0x00000000080076f0       0x24 ./Middlewares/Third_Party/FreeRTOS/Source/portable/GCC/ARM_CM4F/port.o
                0x00000000080076f0                SVC_Handler
 .text.vPortEnterCritical
                0x0000000008007714       0x44 ./Middlewares/Third_Party/FreeRTOS/Source/portable/GCC/ARM_CM4F/port.o
                0x0000000008007714                vPortEnterCritical
 .text.vPortExitCritical
                0x0000000008007758       0x28 ./Middlewares/Third_Party/FreeRTOS/Source/portable/GCC/ARM_CM4F/port.o
                0x0000000008007758                vPortExitCritical
 .text.PendSV_Handler
                0x0000000008007780       0x64 ./Middlewares/Third_Party/FreeRTOS/Source/portable/GCC/ARM_CM4F/port.o
                0x0000000008007780                PendSV_Handler
 .text.xPortSysTickHandler
                0x00000000080077e4       0x2c ./Middlewares/Third_Party/FreeRTOS/Source/portable/GCC/ARM_CM4F/port.o
                0x00000000080077e4                xPortSysTickHandler
 .text.vPortSetupTimerInterrupt
                0x0000000008007810       0x28 ./Middlewares/Third_Party/FreeRTOS/Source/portable/GCC/ARM_CM4F/port.o
                0x0000000008007810                vPortSetupTimerInterrupt
 .text.xPortStartScheduler
                0x0000000008007838      0x140 ./Middlewares/Third_Party/FreeRTOS/Source/portable/GCC/ARM_CM4F/port.o
                0x0000000008007838                xPortStartScheduler
 .text.pvPortMalloc
                0x0000000008007978      0x178 ./Middlewares/Third_Party/FreeRTOS/Source/portable/MemMang/heap_4.o
                0x0000000008007978                pvPortMalloc
 .text.vPortFree
                0x0000000008007af0       0xc4 ./Middlewares/Third_Party/FreeRTOS/Source/portable/MemMang/heap_4.o
                0x0000000008007af0                vPortFree
 .text.__errno  0x0000000008007bb4        0xc c:/st/stm32cubeide_1.11.0/stm32cubeide/plugins/com.st.stm32cube.ide.mcu.externaltools.gnu-tools-for-stm32.10.3-2021.10.win32_1.0.100.202210260954/tools/bin/../lib/gcc/arm-none-eabi/10.3.1/../../../../arm-none-eabi/lib/thumb/v7e-m+dp/hard\libc_nano.a(lib_a-errno.o)
                0x0000000008007bb4                __errno
 .text.std      0x0000000008007bc0       0x48 c:/st/stm32cubeide_1.11.0/stm32cubeide/plugins/com.st.stm32cube.ide.mcu.externaltools.gnu-tools-for-stm32.10.3-2021.10.win32_1.0.100.202210260954/tools/bin/../lib/gcc/arm-none-eabi/10.3.1/../../../../arm-none-eabi/lib/thumb/v7e-m+dp/hard\libc_nano.a(lib_a-findfp.o)
 .text._cleanup_r
                0x0000000008007c08        0xc c:/st/stm32cubeide_1.11.0/stm32cubeide/plugins/com.st.stm32cube.ide.mcu.externaltools.gnu-tools-for-stm32.10.3-2021.10.win32_1.0.100.202210260954/tools/bin/../lib/gcc/arm-none-eabi/10.3.1/../../../../arm-none-eabi/lib/thumb/v7e-m+dp/hard\libc_nano.a(lib_a-findfp.o)
                0x0000000008007c08                _cleanup_r
 .text.__sfmoreglue
                0x0000000008007c14       0x2c c:/st/stm32cubeide_1.11.0/stm32cubeide/plugins/com.st.stm32cube.ide.mcu.externaltools.gnu-tools-for-stm32.10.3-2021.10.win32_1.0.100.202210260954/tools/bin/../lib/gcc/arm-none-eabi/10.3.1/../../../../arm-none-eabi/lib/thumb/v7e-m+dp/hard\libc_nano.a(lib_a-findfp.o)
                0x0000000008007c14                __sfmoreglue
 .text.__sfp_lock_acquire
                0x0000000008007c40        0xc c:/st/stm32cubeide_1.11.0/stm32cubeide/plugins/com.st.stm32cube.ide.mcu.externaltools.gnu-tools-for-stm32.10.3-2021.10.win32_1.0.100.202210260954/tools/bin/../lib/gcc/arm-none-eabi/10.3.1/../../../../arm-none-eabi/lib/thumb/v7e-m+dp/hard\libc_nano.a(lib_a-findfp.o)
                0x0000000008007c40                __sfp_lock_acquire
 .text.__sfp_lock_release
                0x0000000008007c4c        0xc c:/st/stm32cubeide_1.11.0/stm32cubeide/plugins/com.st.stm32cube.ide.mcu.externaltools.gnu-tools-for-stm32.10.3-2021.10.win32_1.0.100.202210260954/tools/bin/../lib/gcc/arm-none-eabi/10.3.1/../../../../arm-none-eabi/lib/thumb/v7e-m+dp/hard\libc_nano.a(lib_a-findfp.o)
                0x0000000008007c4c                __sfp_lock_release
 .text.__sinit_lock_acquire
                0x0000000008007c58        0xc c:/st/stm32cubeide_1.11.0/stm32cubeide/plugins/com.st.stm32cube.ide.mcu.externaltools.gnu-tools-for-stm32.10.3-2021.10.win32_1.0.100.202210260954/tools/bin/../lib/gcc/arm-none-eabi/10.3.1/../../../../arm-none-eabi/lib/thumb/v7e-m+dp/hard\libc_nano.a(lib_a-findfp.o)
                0x0000000008007c58                __sinit_lock_acquire
 .text.__sinit_lock_release
                0x0000000008007c64        0xc c:/st/stm32cubeide_1.11.0/stm32cubeide/plugins/com.st.stm32cube.ide.mcu.externaltools.gnu-tools-for-stm32.10.3-2021.10.win32_1.0.100.202210260954/tools/bin/../lib/gcc/arm-none-eabi/10.3.1/../../../../arm-none-eabi/lib/thumb/v7e-m+dp/hard\libc_nano.a(lib_a-findfp.o)
                0x0000000008007c64                __sinit_lock_release
 .text.__sinit  0x0000000008007c70       0x70 c:/st/stm32cubeide_1.11.0/stm32cubeide/plugins/com.st.stm32cube.ide.mcu.externaltools.gnu-tools-for-stm32.10.3-2021.10.win32_1.0.100.202210260954/tools/bin/../lib/gcc/arm-none-eabi/10.3.1/../../../../arm-none-eabi/lib/thumb/v7e-m+dp/hard\libc_nano.a(lib_a-findfp.o)
                0x0000000008007c70                __sinit
 .text.__sfp    0x0000000008007ce0       0x8c c:/st/stm32cubeide_1.11.0/stm32cubeide/plugins/com.st.stm32cube.ide.mcu.externaltools.gnu-tools-for-stm32.10.3-2021.10.win32_1.0.100.202210260954/tools/bin/../lib/gcc/arm-none-eabi/10.3.1/../../../../arm-none-eabi/lib/thumb/v7e-m+dp/hard\libc_nano.a(lib_a-findfp.o)
                0x0000000008007ce0                __sfp
 .text._fwalk_reent
                0x0000000008007d6c       0x3e c:/st/stm32cubeide_1.11.0/stm32cubeide/plugins/com.st.stm32cube.ide.mcu.externaltools.gnu-tools-for-stm32.10.3-2021.10.win32_1.0.100.202210260954/tools/bin/../lib/gcc/arm-none-eabi/10.3.1/../../../../arm-none-eabi/lib/thumb/v7e-m+dp/hard\libc_nano.a(lib_a-fwalk.o)
                0x0000000008007d6c                _fwalk_reent
 *fill*         0x0000000008007daa        0x2 
 .text.__libc_init_array
                0x0000000008007dac       0x48 c:/st/stm32cubeide_1.11.0/stm32cubeide/plugins/com.st.stm32cube.ide.mcu.externaltools.gnu-tools-for-stm32.10.3-2021.10.win32_1.0.100.202210260954/tools/bin/../lib/gcc/arm-none-eabi/10.3.1/../../../../arm-none-eabi/lib/thumb/v7e-m+dp/hard\libc_nano.a(lib_a-init.o)
                0x0000000008007dac                __libc_init_array
 .text.__itoa   0x0000000008007df4       0x30 c:/st/stm32cubeide_1.11.0/stm32cubeide/plugins/com.st.stm32cube.ide.mcu.externaltools.gnu-tools-for-stm32.10.3-2021.10.win32_1.0.100.202210260954/tools/bin/../lib/gcc/arm-none-eabi/10.3.1/../../../../arm-none-eabi/lib/thumb/v7e-m+dp/hard\libc_nano.a(lib_a-itoa.o)
                0x0000000008007df4                __itoa
 .text.itoa     0x0000000008007e24        0x4 c:/st/stm32cubeide_1.11.0/stm32cubeide/plugins/com.st.stm32cube.ide.mcu.externaltools.gnu-tools-for-stm32.10.3-2021.10.win32_1.0.100.202210260954/tools/bin/../lib/gcc/arm-none-eabi/10.3.1/../../../../arm-none-eabi/lib/thumb/v7e-m+dp/hard\libc_nano.a(lib_a-itoa.o)
                0x0000000008007e24                itoa
 .text.__retarget_lock_init_recursive
                0x0000000008007e28        0x2 c:/st/stm32cubeide_1.11.0/stm32cubeide/plugins/com.st.stm32cube.ide.mcu.externaltools.gnu-tools-for-stm32.10.3-2021.10.win32_1.0.100.202210260954/tools/bin/../lib/gcc/arm-none-eabi/10.3.1/../../../../arm-none-eabi/lib/thumb/v7e-m+dp/hard\libc_nano.a(lib_a-lock.o)
                0x0000000008007e28                __retarget_lock_init_recursive
 .text.__retarget_lock_acquire_recursive
                0x0000000008007e2a        0x2 c:/st/stm32cubeide_1.11.0/stm32cubeide/plugins/com.st.stm32cube.ide.mcu.externaltools.gnu-tools-for-stm32.10.3-2021.10.win32_1.0.100.202210260954/tools/bin/../lib/gcc/arm-none-eabi/10.3.1/../../../../arm-none-eabi/lib/thumb/v7e-m+dp/hard\libc_nano.a(lib_a-lock.o)
                0x0000000008007e2a                __retarget_lock_acquire_recursive
 .text.__retarget_lock_release_recursive
                0x0000000008007e2c        0x2 c:/st/stm32cubeide_1.11.0/stm32cubeide/plugins/com.st.stm32cube.ide.mcu.externaltools.gnu-tools-for-stm32.10.3-2021.10.win32_1.0.100.202210260954/tools/bin/../lib/gcc/arm-none-eabi/10.3.1/../../../../arm-none-eabi/lib/thumb/v7e-m+dp/hard\libc_nano.a(lib_a-lock.o)
                0x0000000008007e2c                __retarget_lock_release_recursive
 .text.memcpy   0x0000000008007e2e       0x1c c:/st/stm32cubeide_1.11.0/stm32cubeide/plugins/com.st.stm32cube.ide.mcu.externaltools.gnu-tools-for-stm32.10.3-2021.10.win32_1.0.100.202210260954/tools/bin/../lib/gcc/arm-none-eabi/10.3.1/../../../../arm-none-eabi/lib/thumb/v7e-m+dp/hard\libc_nano.a(lib_a-memcpy-stub.o)
                0x0000000008007e2e                memcpy
 .text.memset   0x0000000008007e4a       0x10 c:/st/stm32cubeide_1.11.0/stm32cubeide/plugins/com.st.stm32cube.ide.mcu.externaltools.gnu-tools-for-stm32.10.3-2021.10.win32_1.0.100.202210260954/tools/bin/../lib/gcc/arm-none-eabi/10.3.1/../../../../arm-none-eabi/lib/thumb/v7e-m+dp/hard\libc_nano.a(lib_a-memset.o)
                0x0000000008007e4a                memset
 *fill*         0x0000000008007e5a        0x2 
 .text.sbrk_aligned
                0x0000000008007e5c       0x40 c:/st/stm32cubeide_1.11.0/stm32cubeide/plugins/com.st.stm32cube.ide.mcu.externaltools.gnu-tools-for-stm32.10.3-2021.10.win32_1.0.100.202210260954/tools/bin/../lib/gcc/arm-none-eabi/10.3.1/../../../../arm-none-eabi/lib/thumb/v7e-m+dp/hard\libc_nano.a(lib_a-nano-mallocr.o)
 .text._malloc_r
                0x0000000008007e9c       0xe8 c:/st/stm32cubeide_1.11.0/stm32cubeide/plugins/com.st.stm32cube.ide.mcu.externaltools.gnu-tools-for-stm32.10.3-2021.10.win32_1.0.100.202210260954/tools/bin/../lib/gcc/arm-none-eabi/10.3.1/../../../../arm-none-eabi/lib/thumb/v7e-m+dp/hard\libc_nano.a(lib_a-nano-mallocr.o)
                0x0000000008007e9c                _malloc_r
 .text.printf   0x0000000008007f84       0x30 c:/st/stm32cubeide_1.11.0/stm32cubeide/plugins/com.st.stm32cube.ide.mcu.externaltools.gnu-tools-for-stm32.10.3-2021.10.win32_1.0.100.202210260954/tools/bin/../lib/gcc/arm-none-eabi/10.3.1/../../../../arm-none-eabi/lib/thumb/v7e-m+dp/hard\libc_nano.a(lib_a-printf.o)
                0x0000000008007f84                iprintf
                0x0000000008007f84                printf
 .text.cleanup_glue
                0x0000000008007fb4       0x1a c:/st/stm32cubeide_1.11.0/stm32cubeide/plugins/com.st.stm32cube.ide.mcu.externaltools.gnu-tools-for-stm32.10.3-2021.10.win32_1.0.100.202210260954/tools/bin/../lib/gcc/arm-none-eabi/10.3.1/../../../../arm-none-eabi/lib/thumb/v7e-m+dp/hard\libc_nano.a(lib_a-reent.o)
                0x0000000008007fb4                cleanup_glue
 *fill*         0x0000000008007fce        0x2 
 .text._reclaim_reent
                0x0000000008007fd0       0xb8 c:/st/stm32cubeide_1.11.0/stm32cubeide/plugins/com.st.stm32cube.ide.mcu.externaltools.gnu-tools-for-stm32.10.3-2021.10.win32_1.0.100.202210260954/tools/bin/../lib/gcc/arm-none-eabi/10.3.1/../../../../arm-none-eabi/lib/thumb/v7e-m+dp/hard\libc_nano.a(lib_a-reent.o)
                0x0000000008007fd0                _reclaim_reent
 .text._sbrk_r  0x0000000008008088       0x20 c:/st/stm32cubeide_1.11.0/stm32cubeide/plugins/com.st.stm32cube.ide.mcu.externaltools.gnu-tools-for-stm32.10.3-2021.10.win32_1.0.100.202210260954/tools/bin/../lib/gcc/arm-none-eabi/10.3.1/../../../../arm-none-eabi/lib/thumb/v7e-m+dp/hard\libc_nano.a(lib_a-sbrkr.o)
                0x0000000008008088                _sbrk_r
 .text.__sread  0x00000000080080a8       0x22 c:/st/stm32cubeide_1.11.0/stm32cubeide/plugins/com.st.stm32cube.ide.mcu.externaltools.gnu-tools-for-stm32.10.3-2021.10.win32_1.0.100.202210260954/tools/bin/../lib/gcc/arm-none-eabi/10.3.1/../../../../arm-none-eabi/lib/thumb/v7e-m+dp/hard\libc_nano.a(lib_a-stdio.o)
                0x00000000080080a8                __sread
 .text.__swrite
                0x00000000080080ca       0x38 c:/st/stm32cubeide_1.11.0/stm32cubeide/plugins/com.st.stm32cube.ide.mcu.externaltools.gnu-tools-for-stm32.10.3-2021.10.win32_1.0.100.202210260954/tools/bin/../lib/gcc/arm-none-eabi/10.3.1/../../../../arm-none-eabi/lib/thumb/v7e-m+dp/hard\libc_nano.a(lib_a-stdio.o)
                0x00000000080080ca                __swrite
 .text.__sseek  0x0000000008008102       0x24 c:/st/stm32cubeide_1.11.0/stm32cubeide/plugins/com.st.stm32cube.ide.mcu.externaltools.gnu-tools-for-stm32.10.3-2021.10.win32_1.0.100.202210260954/tools/bin/../lib/gcc/arm-none-eabi/10.3.1/../../../../arm-none-eabi/lib/thumb/v7e-m+dp/hard\libc_nano.a(lib_a-stdio.o)
                0x0000000008008102                __sseek
 .text.__sclose
                0x0000000008008126        0x8 c:/st/stm32cubeide_1.11.0/stm32cubeide/plugins/com.st.stm32cube.ide.mcu.externaltools.gnu-tools-for-stm32.10.3-2021.10.win32_1.0.100.202210260954/tools/bin/../lib/gcc/arm-none-eabi/10.3.1/../../../../arm-none-eabi/lib/thumb/v7e-m+dp/hard\libc_nano.a(lib_a-stdio.o)
                0x0000000008008126                __sclose
 *fill*         0x000000000800812e        0x2 
 .text.__utoa   0x0000000008008130       0x84 c:/st/stm32cubeide_1.11.0/stm32cubeide/plugins/com.st.stm32cube.ide.mcu.externaltools.gnu-tools-for-stm32.10.3-2021.10.win32_1.0.100.202210260954/tools/bin/../lib/gcc/arm-none-eabi/10.3.1/../../../../arm-none-eabi/lib/thumb/v7e-m+dp/hard\libc_nano.a(lib_a-utoa.o)
                0x0000000008008130                __utoa
 .text._write_r
                0x00000000080081b4       0x24 c:/st/stm32cubeide_1.11.0/stm32cubeide/plugins/com.st.stm32cube.ide.mcu.externaltools.gnu-tools-for-stm32.10.3-2021.10.win32_1.0.100.202210260954/tools/bin/../lib/gcc/arm-none-eabi/10.3.1/../../../../arm-none-eabi/lib/thumb/v7e-m+dp/hard\libc_nano.a(lib_a-writer.o)
                0x00000000080081b4                _write_r
 .text._close_r
                0x00000000080081d8       0x20 c:/st/stm32cubeide_1.11.0/stm32cubeide/plugins/com.st.stm32cube.ide.mcu.externaltools.gnu-tools-for-stm32.10.3-2021.10.win32_1.0.100.202210260954/tools/bin/../lib/gcc/arm-none-eabi/10.3.1/../../../../arm-none-eabi/lib/thumb/v7e-m+dp/hard\libc_nano.a(lib_a-closer.o)
                0x00000000080081d8                _close_r
 .text.__sflush_r
                0x00000000080081f8      0x10c c:/st/stm32cubeide_1.11.0/stm32cubeide/plugins/com.st.stm32cube.ide.mcu.externaltools.gnu-tools-for-stm32.10.3-2021.10.win32_1.0.100.202210260954/tools/bin/../lib/gcc/arm-none-eabi/10.3.1/../../../../arm-none-eabi/lib/thumb/v7e-m+dp/hard\libc_nano.a(lib_a-fflush.o)
                0x00000000080081f8                __sflush_r
 .text._fflush_r
                0x0000000008008304       0x78 c:/st/stm32cubeide_1.11.0/stm32cubeide/plugins/com.st.stm32cube.ide.mcu.externaltools.gnu-tools-for-stm32.10.3-2021.10.win32_1.0.100.202210260954/tools/bin/../lib/gcc/arm-none-eabi/10.3.1/../../../../arm-none-eabi/lib/thumb/v7e-m+dp/hard\libc_nano.a(lib_a-fflush.o)
                0x0000000008008304                _fflush_r
 .text._lseek_r
                0x000000000800837c       0x24 c:/st/stm32cubeide_1.11.0/stm32cubeide/plugins/com.st.stm32cube.ide.mcu.externaltools.gnu-tools-for-stm32.10.3-2021.10.win32_1.0.100.202210260954/tools/bin/../lib/gcc/arm-none-eabi/10.3.1/../../../../arm-none-eabi/lib/thumb/v7e-m+dp/hard\libc_nano.a(lib_a-lseekr.o)
                0x000000000800837c                _lseek_r
 .text.__malloc_lock
                0x00000000080083a0        0xc c:/st/stm32cubeide_1.11.0/stm32cubeide/plugins/com.st.stm32cube.ide.mcu.externaltools.gnu-tools-for-stm32.10.3-2021.10.win32_1.0.100.202210260954/tools/bin/../lib/gcc/arm-none-eabi/10.3.1/../../../../arm-none-eabi/lib/thumb/v7e-m+dp/hard\libc_nano.a(lib_a-mlock.o)
                0x00000000080083a0                __malloc_lock
 .text.__malloc_unlock
                0x00000000080083ac        0xc c:/st/stm32cubeide_1.11.0/stm32cubeide/plugins/com.st.stm32cube.ide.mcu.externaltools.gnu-tools-for-stm32.10.3-2021.10.win32_1.0.100.202210260954/tools/bin/../lib/gcc/arm-none-eabi/10.3.1/../../../../arm-none-eabi/lib/thumb/v7e-m+dp/hard\libc_nano.a(lib_a-mlock.o)
                0x00000000080083ac                __malloc_unlock
 .text._free_r  0x00000000080083b8       0x98 c:/st/stm32cubeide_1.11.0/stm32cubeide/plugins/com.st.stm32cube.ide.mcu.externaltools.gnu-tools-for-stm32.10.3-2021.10.win32_1.0.100.202210260954/tools/bin/../lib/gcc/arm-none-eabi/10.3.1/../../../../arm-none-eabi/lib/thumb/v7e-m+dp/hard\libc_nano.a(lib_a-nano-freer.o)
                0x00000000080083b8                _free_r
 .text.__sfputc_r
                0x0000000008008450       0x2e c:/st/stm32cubeide_1.11.0/stm32cubeide/plugins/com.st.stm32cube.ide.mcu.externaltools.gnu-tools-for-stm32.10.3-2021.10.win32_1.0.100.202210260954/tools/bin/../lib/gcc/arm-none-eabi/10.3.1/../../../../arm-none-eabi/lib/thumb/v7e-m+dp/hard\libc_nano.a(lib_a-nano-vfprintf.o)
 .text.__sfputs_r
                0x000000000800847e       0x24 c:/st/stm32cubeide_1.11.0/stm32cubeide/plugins/com.st.stm32cube.ide.mcu.externaltools.gnu-tools-for-stm32.10.3-2021.10.win32_1.0.100.202210260954/tools/bin/../lib/gcc/arm-none-eabi/10.3.1/../../../../arm-none-eabi/lib/thumb/v7e-m+dp/hard\libc_nano.a(lib_a-nano-vfprintf.o)
                0x000000000800847e                __sfputs_r
 *fill*         0x00000000080084a2        0x2 
 .text._vfprintf_r
                0x00000000080084a4      0x260 c:/st/stm32cubeide_1.11.0/stm32cubeide/plugins/com.st.stm32cube.ide.mcu.externaltools.gnu-tools-for-stm32.10.3-2021.10.win32_1.0.100.202210260954/tools/bin/../lib/gcc/arm-none-eabi/10.3.1/../../../../arm-none-eabi/lib/thumb/v7e-m+dp/hard\libc_nano.a(lib_a-nano-vfprintf.o)
                0x00000000080084a4                _vfprintf_r
                0x00000000080084a4                _vfiprintf_r
 .text._printf_common
                0x0000000008008704       0xda c:/st/stm32cubeide_1.11.0/stm32cubeide/plugins/com.st.stm32cube.ide.mcu.externaltools.gnu-tools-for-stm32.10.3-2021.10.win32_1.0.100.202210260954/tools/bin/../lib/gcc/arm-none-eabi/10.3.1/../../../../arm-none-eabi/lib/thumb/v7e-m+dp/hard\libc_nano.a(lib_a-nano-vfprintf_i.o)
                0x0000000008008704                _printf_common
 *fill*         0x00000000080087de        0x2 
 .text._printf_i
                0x00000000080087e0      0x24c c:/st/stm32cubeide_1.11.0/stm32cubeide/plugins/com.st.stm32cube.ide.mcu.externaltools.gnu-tools-for-stm32.10.3-2021.10.win32_1.0.100.202210260954/tools/bin/../lib/gcc/arm-none-eabi/10.3.1/../../../../arm-none-eabi/lib/thumb/v7e-m+dp/hard\libc_nano.a(lib_a-nano-vfprintf_i.o)
                0x00000000080087e0                _printf_i
 .text._read_r  0x0000000008008a2c       0x24 c:/st/stm32cubeide_1.11.0/stm32cubeide/plugins/com.st.stm32cube.ide.mcu.externaltools.gnu-tools-for-stm32.10.3-2021.10.win32_1.0.100.202210260954/tools/bin/../lib/gcc/arm-none-eabi/10.3.1/../../../../arm-none-eabi/lib/thumb/v7e-m+dp/hard\libc_nano.a(lib_a-readr.o)
                0x0000000008008a2c                _read_r
 .text.__swbuf_r
                0x0000000008008a50       0xa4 c:/st/stm32cubeide_1.11.0/stm32cubeide/plugins/com.st.stm32cube.ide.mcu.externaltools.gnu-tools-for-stm32.10.3-2021.10.win32_1.0.100.202210260954/tools/bin/../lib/gcc/arm-none-eabi/10.3.1/../../../../arm-none-eabi/lib/thumb/v7e-m+dp/hard\libc_nano.a(lib_a-wbuf.o)
                0x0000000008008a50                __swbuf_r
 .text.__swsetup_r
                0x0000000008008af4       0xdc c:/st/stm32cubeide_1.11.0/stm32cubeide/plugins/com.st.stm32cube.ide.mcu.externaltools.gnu-tools-for-stm32.10.3-2021.10.win32_1.0.100.202210260954/tools/bin/../lib/gcc/arm-none-eabi/10.3.1/../../../../arm-none-eabi/lib/thumb/v7e-m+dp/hard\libc_nano.a(lib_a-wsetup.o)
                0x0000000008008af4                __swsetup_r
 .text.__swhatbuf_r
                0x0000000008008bd0       0x4a c:/st/stm32cubeide_1.11.0/stm32cubeide/plugins/com.st.stm32cube.ide.mcu.externaltools.gnu-tools-for-stm32.10.3-2021.10.win32_1.0.100.202210260954/tools/bin/../lib/gcc/arm-none-eabi/10.3.1/../../../../arm-none-eabi/lib/thumb/v7e-m+dp/hard\libc_nano.a(lib_a-makebuf.o)
                0x0000000008008bd0                __swhatbuf_r
 *fill*         0x0000000008008c1a        0x2 
 .text.__smakebuf_r
                0x0000000008008c1c       0x80 c:/st/stm32cubeide_1.11.0/stm32cubeide/plugins/com.st.stm32cube.ide.mcu.externaltools.gnu-tools-for-stm32.10.3-2021.10.win32_1.0.100.202210260954/tools/bin/../lib/gcc/arm-none-eabi/10.3.1/../../../../arm-none-eabi/lib/thumb/v7e-m+dp/hard\libc_nano.a(lib_a-makebuf.o)
                0x0000000008008c1c                __smakebuf_r
 .text._fstat_r
                0x0000000008008c9c       0x24 c:/st/stm32cubeide_1.11.0/stm32cubeide/plugins/com.st.stm32cube.ide.mcu.externaltools.gnu-tools-for-stm32.10.3-2021.10.win32_1.0.100.202210260954/tools/bin/../lib/gcc/arm-none-eabi/10.3.1/../../../../arm-none-eabi/lib/thumb/v7e-m+dp/hard\libc_nano.a(lib_a-fstatr.o)
                0x0000000008008c9c                _fstat_r
 .text._isatty_r
                0x0000000008008cc0       0x20 c:/st/stm32cubeide_1.11.0/stm32cubeide/plugins/com.st.stm32cube.ide.mcu.externaltools.gnu-tools-for-stm32.10.3-2021.10.win32_1.0.100.202210260954/tools/bin/../lib/gcc/arm-none-eabi/10.3.1/../../../../arm-none-eabi/lib/thumb/v7e-m+dp/hard\libc_nano.a(lib_a-isattyr.o)
                0x0000000008008cc0                _isatty_r
 *(.glue_7)
 .glue_7        0x0000000008008ce0        0x0 linker stubs
 *(.glue_7t)
 .glue_7t       0x0000000008008ce0        0x0 linker stubs
 *(.eh_frame)
 .eh_frame      0x0000000008008ce0        0x0 c:/st/stm32cubeide_1.11.0/stm32cubeide/plugins/com.st.stm32cube.ide.mcu.externaltools.gnu-tools-for-stm32.10.3-2021.10.win32_1.0.100.202210260954/tools/bin/../lib/gcc/arm-none-eabi/10.3.1/thumb/v7e-m+dp/hard/crtbegin.o
 *(.init)
 .init          0x0000000008008ce0        0x4 c:/st/stm32cubeide_1.11.0/stm32cubeide/plugins/com.st.stm32cube.ide.mcu.externaltools.gnu-tools-for-stm32.10.3-2021.10.win32_1.0.100.202210260954/tools/bin/../lib/gcc/arm-none-eabi/10.3.1/thumb/v7e-m+dp/hard/crti.o
                0x0000000008008ce0                _init
 .init          0x0000000008008ce4        0x8 c:/st/stm32cubeide_1.11.0/stm32cubeide/plugins/com.st.stm32cube.ide.mcu.externaltools.gnu-tools-for-stm32.10.3-2021.10.win32_1.0.100.202210260954/tools/bin/../lib/gcc/arm-none-eabi/10.3.1/thumb/v7e-m+dp/hard/crtn.o
 *(.fini)
 .fini          0x0000000008008cec        0x4 c:/st/stm32cubeide_1.11.0/stm32cubeide/plugins/com.st.stm32cube.ide.mcu.externaltools.gnu-tools-for-stm32.10.3-2021.10.win32_1.0.100.202210260954/tools/bin/../lib/gcc/arm-none-eabi/10.3.1/thumb/v7e-m+dp/hard/crti.o
                0x0000000008008cec                _fini
 .fini          0x0000000008008cf0        0x8 c:/st/stm32cubeide_1.11.0/stm32cubeide/plugins/com.st.stm32cube.ide.mcu.externaltools.gnu-tools-for-stm32.10.3-2021.10.win32_1.0.100.202210260954/tools/bin/../lib/gcc/arm-none-eabi/10.3.1/thumb/v7e-m+dp/hard/crtn.o
                0x0000000008008cf8                . = ALIGN (0x4)
                0x0000000008008cf8                _etext = .

.vfp11_veneer   0x0000000008008cf8        0x0
 .vfp11_veneer  0x0000000008008cf8        0x0 linker stubs

.v4_bx          0x0000000008008cf8        0x0
 .v4_bx         0x0000000008008cf8        0x0 linker stubs

.iplt           0x0000000008008cf8        0x0
 .iplt          0x0000000008008cf8        0x0 c:/st/stm32cubeide_1.11.0/stm32cubeide/plugins/com.st.stm32cube.ide.mcu.externaltools.gnu-tools-for-stm32.10.3-2021.10.win32_1.0.100.202210260954/tools/bin/../lib/gcc/arm-none-eabi/10.3.1/thumb/v7e-m+dp/hard/crtbegin.o

.rodata         0x0000000008008cf8      0xf74
                0x0000000008008cf8                . = ALIGN (0x4)
 *(.rodata)
 .rodata        0x0000000008008cf8       0x2c ./Core/Src/freertos.o
 *(.rodata*)
 .rodata.init_cmds1
                0x0000000008008d24       0x38 ./Core/Src/ST7735.o
                0x0000000008008d24                init_cmds1
 .rodata.init_cmds2
                0x0000000008008d5c        0xf ./Core/Src/ST7735.o
                0x0000000008008d5c                init_cmds2
 *fill*         0x0000000008008d6b        0x1 
 .rodata.init_cmds3
                0x0000000008008d6c       0x2b ./Core/Src/ST7735.o
                0x0000000008008d6c                init_cmds3
 *fill*         0x0000000008008d97        0x1 
 .rodata.Font11x18
                0x0000000008008d98      0xd5c ./Core/Src/fonts.o
 .rodata.defaultTask_attributes
                0x0000000008009af4       0x24 ./Core/Src/freertos.o
                0x0000000008009af4                defaultTask_attributes
 .rodata.scanKeyboard.str1.4
                0x0000000008009b18        0x4 ./Core/Src/keyboard.o
 .rodata.writeScrLine.str1.4
                0x0000000008009b1c        0xf ./Core/Src/screen.o
 *fill*         0x0000000008009b2b        0x1 
 .rodata.drawPage0.str1.4
                0x0000000008009b2c       0x1a ./Core/Src/screen.o
                                         0x1e (size before relaxing)
 *fill*         0x0000000008009b46        0x2 
 .rodata.writeScrLine2.str1.4
                0x0000000008009b48        0x9 ./Core/Src/screen.o
 *fill*         0x0000000008009b51        0x3 
 .rodata.drawPage1.str1.4
                0x0000000008009b54        0x8 ./Core/Src/screen.o
 .rodata.D1CorePrescTable
                0x0000000008009b5c       0x10 ./Core/Src/system_stm32h7xx.o
                0x0000000008009b5c                D1CorePrescTable
 .rodata.rounders
                0x0000000008009b6c       0x2c ./Core/Src/utils.o
 .rodata.vTaskStartScheduler.str1.4
                0x0000000008009b98        0x5 ./Middlewares/Third_Party/FreeRTOS/Source/tasks.o
 *fill*         0x0000000008009b9d        0x3 
 .rodata.xTimerCreateTimerTask.str1.4
                0x0000000008009ba0       0x10 ./Middlewares/Third_Party/FreeRTOS/Source/timers.o
 .rodata.__sf_fake_stderr
                0x0000000008009bb0       0x20 c:/st/stm32cubeide_1.11.0/stm32cubeide/plugins/com.st.stm32cube.ide.mcu.externaltools.gnu-tools-for-stm32.10.3-2021.10.win32_1.0.100.202210260954/tools/bin/../lib/gcc/arm-none-eabi/10.3.1/../../../../arm-none-eabi/lib/thumb/v7e-m+dp/hard\libc_nano.a(lib_a-findfp.o)
                0x0000000008009bb0                __sf_fake_stderr
 .rodata.__sf_fake_stdin
                0x0000000008009bd0       0x20 c:/st/stm32cubeide_1.11.0/stm32cubeide/plugins/com.st.stm32cube.ide.mcu.externaltools.gnu-tools-for-stm32.10.3-2021.10.win32_1.0.100.202210260954/tools/bin/../lib/gcc/arm-none-eabi/10.3.1/../../../../arm-none-eabi/lib/thumb/v7e-m+dp/hard\libc_nano.a(lib_a-findfp.o)
                0x0000000008009bd0                __sf_fake_stdin
 .rodata.__sf_fake_stdout
                0x0000000008009bf0       0x20 c:/st/stm32cubeide_1.11.0/stm32cubeide/plugins/com.st.stm32cube.ide.mcu.externaltools.gnu-tools-for-stm32.10.3-2021.10.win32_1.0.100.202210260954/tools/bin/../lib/gcc/arm-none-eabi/10.3.1/../../../../arm-none-eabi/lib/thumb/v7e-m+dp/hard\libc_nano.a(lib_a-findfp.o)
                0x0000000008009bf0                __sf_fake_stdout
 .rodata._global_impure_ptr
                0x0000000008009c10        0x4 c:/st/stm32cubeide_1.11.0/stm32cubeide/plugins/com.st.stm32cube.ide.mcu.externaltools.gnu-tools-for-stm32.10.3-2021.10.win32_1.0.100.202210260954/tools/bin/../lib/gcc/arm-none-eabi/10.3.1/../../../../arm-none-eabi/lib/thumb/v7e-m+dp/hard\libc_nano.a(lib_a-impure.o)
                0x0000000008009c10                _global_impure_ptr
 .rodata.__utoa.str1.1
                0x0000000008009c14       0x25 c:/st/stm32cubeide_1.11.0/stm32cubeide/plugins/com.st.stm32cube.ide.mcu.externaltools.gnu-tools-for-stm32.10.3-2021.10.win32_1.0.100.202210260954/tools/bin/../lib/gcc/arm-none-eabi/10.3.1/../../../../arm-none-eabi/lib/thumb/v7e-m+dp/hard\libc_nano.a(lib_a-utoa.o)
 .rodata._vfprintf_r.str1.1
                0x0000000008009c39       0x11 c:/st/stm32cubeide_1.11.0/stm32cubeide/plugins/com.st.stm32cube.ide.mcu.externaltools.gnu-tools-for-stm32.10.3-2021.10.win32_1.0.100.202210260954/tools/bin/../lib/gcc/arm-none-eabi/10.3.1/../../../../arm-none-eabi/lib/thumb/v7e-m+dp/hard\libc_nano.a(lib_a-nano-vfprintf.o)
 .rodata._printf_i.str1.1
                0x0000000008009c4a       0x22 c:/st/stm32cubeide_1.11.0/stm32cubeide/plugins/com.st.stm32cube.ide.mcu.externaltools.gnu-tools-for-stm32.10.3-2021.10.win32_1.0.100.202210260954/tools/bin/../lib/gcc/arm-none-eabi/10.3.1/../../../../arm-none-eabi/lib/thumb/v7e-m+dp/hard\libc_nano.a(lib_a-nano-vfprintf_i.o)
                0x0000000008009c6c                . = ALIGN (0x4)

.rel.dyn        0x0000000008009c6c        0x0
 .rel.iplt      0x0000000008009c6c        0x0 c:/st/stm32cubeide_1.11.0/stm32cubeide/plugins/com.st.stm32cube.ide.mcu.externaltools.gnu-tools-for-stm32.10.3-2021.10.win32_1.0.100.202210260954/tools/bin/../lib/gcc/arm-none-eabi/10.3.1/thumb/v7e-m+dp/hard/crtbegin.o

.ARM.extab
 *(.ARM.extab* .gnu.linkonce.armextab.*)

.ARM            0x0000000008009c6c        0x0
                0x0000000008009c6c                __exidx_start = .
 *(.ARM.exidx*)
                0x0000000008009c6c                __exidx_end = .

.preinit_array  0x0000000008009c6c        0x0
                0x0000000008009c6c                PROVIDE (__preinit_array_start = .)
 *(.preinit_array*)
                0x0000000008009c6c                PROVIDE (__preinit_array_end = .)

.init_array     0x0000000008009c6c        0x4
                0x0000000008009c6c                PROVIDE (__init_array_start = .)
 *(SORT_BY_NAME(.init_array.*))
 *(.init_array*)
 .init_array    0x0000000008009c6c        0x4 c:/st/stm32cubeide_1.11.0/stm32cubeide/plugins/com.st.stm32cube.ide.mcu.externaltools.gnu-tools-for-stm32.10.3-2021.10.win32_1.0.100.202210260954/tools/bin/../lib/gcc/arm-none-eabi/10.3.1/thumb/v7e-m+dp/hard/crtbegin.o
                0x0000000008009c70                PROVIDE (__init_array_end = .)

.fini_array     0x0000000008009c70        0x4
                [!provide]                        PROVIDE (__fini_array_start = .)
 *(SORT_BY_NAME(.fini_array.*))
 *(.fini_array*)
 .fini_array    0x0000000008009c70        0x4 c:/st/stm32cubeide_1.11.0/stm32cubeide/plugins/com.st.stm32cube.ide.mcu.externaltools.gnu-tools-for-stm32.10.3-2021.10.win32_1.0.100.202210260954/tools/bin/../lib/gcc/arm-none-eabi/10.3.1/thumb/v7e-m+dp/hard/crtbegin.o
                [!provide]                        PROVIDE (__fini_array_end = .)
                0x0000000008009c74                _sidata = LOADADDR (.data)

.data           0x0000000024000000     0x313c load address 0x0000000008009c74
                0x0000000024000000                . = ALIGN (0x4)
                0x0000000024000000                _sdata = .
 *(.data)
 *(.data*)
 .data.calib_speed
                0x0000000024000000        0x4 ./Core/Src/calibration.o
                0x0000000024000000                calib_speed
 .data.calib_speed_y
                0x0000000024000004        0x4 ./Core/Src/calibration.o
                0x0000000024000004                calib_speed_y
 .data.mydt     0x0000000024000008        0x4 ./Core/Src/calibration.o
                0x0000000024000008                mydt
 .data.Font_11x18
                0x000000002400000c        0x8 ./Core/Src/fonts.o
                0x000000002400000c                Font_11x18
 .data.vFreqDiv
                0x0000000024000014        0x1 ./Core/Src/freertos.o
                0x0000000024000014                vFreqDiv
 *fill*         0x0000000024000015        0x3 
 .data.aRxBuffer
                0x0000000024000018       0x40 ./Core/Src/freertos.o
                0x0000000024000018                aRxBuffer
 .data.aTxBuffer
                0x0000000024000058       0x40 ./Core/Src/freertos.o
                0x0000000024000058                aTxBuffer
 .data.keytable
                0x0000000024000098       0x11 ./Core/Src/keyboard.o
                0x0000000024000098                keytable
 *fill*         0x00000000240000a9        0x3 
 .data.logo     0x00000000240000ac     0x3018 ./Core/Src/poly.o
                0x00000000240000ac                logo
 .data.SystemCoreClock
                0x00000000240030c4        0x4 ./Core/Src/system_stm32h7xx.o
                0x00000000240030c4                SystemCoreClock
 .data.SystemD2Clock
                0x00000000240030c8        0x4 ./Core/Src/system_stm32h7xx.o
                0x00000000240030c8                SystemD2Clock
 .data.uwTickFreq
                0x00000000240030cc        0x1 ./Drivers/STM32H7xx_HAL_Driver/Src/stm32h7xx_hal.o
                0x00000000240030cc                uwTickFreq
 *fill*         0x00000000240030cd        0x3 
 .data.uwTickPrio
                0x00000000240030d0        0x4 ./Drivers/STM32H7xx_HAL_Driver/Src/stm32h7xx_hal.o
                0x00000000240030d0                uwTickPrio
 .data.uxCriticalNesting
                0x00000000240030d4        0x4 ./Middlewares/Third_Party/FreeRTOS/Source/portable/GCC/ARM_CM4F/port.o
 .data._impure_ptr
                0x00000000240030d8        0x4 c:/st/stm32cubeide_1.11.0/stm32cubeide/plugins/com.st.stm32cube.ide.mcu.externaltools.gnu-tools-for-stm32.10.3-2021.10.win32_1.0.100.202210260954/tools/bin/../lib/gcc/arm-none-eabi/10.3.1/../../../../arm-none-eabi/lib/thumb/v7e-m+dp/hard\libc_nano.a(lib_a-impure.o)
                0x00000000240030d8                _impure_ptr
 .data.impure_data
                0x00000000240030dc       0x60 c:/st/stm32cubeide_1.11.0/stm32cubeide/plugins/com.st.stm32cube.ide.mcu.externaltools.gnu-tools-for-stm32.10.3-2021.10.win32_1.0.100.202210260954/tools/bin/../lib/gcc/arm-none-eabi/10.3.1/../../../../arm-none-eabi/lib/thumb/v7e-m+dp/hard\libc_nano.a(lib_a-impure.o)
 *(.RamFunc)
 *(.RamFunc*)
                0x000000002400313c                . = ALIGN (0x4)
                0x000000002400313c                _edata = .

.igot.plt       0x000000002400313c        0x0 load address 0x000000000800cdb0
 .igot.plt      0x000000002400313c        0x0 c:/st/stm32cubeide_1.11.0/stm32cubeide/plugins/com.st.stm32cube.ide.mcu.externaltools.gnu-tools-for-stm32.10.3-2021.10.win32_1.0.100.202210260954/tools/bin/../lib/gcc/arm-none-eabi/10.3.1/thumb/v7e-m+dp/hard/crtbegin.o
                0x000000002400313c                . = ALIGN (0x4)

.bss            0x0000000024003140     0x4fe0 load address 0x000000000800cdb0
                0x0000000024003140                _sbss = .
                0x0000000024003140                __bss_start__ = _sbss
 *(.bss)
 .bss           0x0000000024003140       0x1c c:/st/stm32cubeide_1.11.0/stm32cubeide/plugins/com.st.stm32cube.ide.mcu.externaltools.gnu-tools-for-stm32.10.3-2021.10.win32_1.0.100.202210260954/tools/bin/../lib/gcc/arm-none-eabi/10.3.1/thumb/v7e-m+dp/hard/crtbegin.o
 *(.bss*)
 .bss._colstart
                0x000000002400315c        0x1 ./Core/Src/ST7735.o
                0x000000002400315c                _colstart
 *fill*         0x000000002400315d        0x1 
 .bss._height   0x000000002400315e        0x2 ./Core/Src/ST7735.o
                0x000000002400315e                _height
 .bss._rowstart
                0x0000000024003160        0x1 ./Core/Src/ST7735.o
                0x0000000024003160                _rowstart
 *fill*         0x0000000024003161        0x1 
 .bss._width    0x0000000024003162        0x2 ./Core/Src/ST7735.o
                0x0000000024003162                _width
 .bss._xstart   0x0000000024003164        0x1 ./Core/Src/ST7735.o
                0x0000000024003164                _xstart
 .bss._ystart   0x0000000024003165        0x1 ./Core/Src/ST7735.o
                0x0000000024003165                _ystart
 *fill*         0x0000000024003166        0x2 
 .bss.linearray
                0x0000000024003168      0x144 ./Core/Src/ST7735.o
                0x0000000024003168                linearray
 .bss.rotation  0x00000000240032ac        0x1 ./Core/Src/ST7735.o
                0x00000000240032ac                rotation
 .bss.beep_up.0
                0x00000000240032ad        0x1 ./Core/Src/calibration.o
 .bss.calib_failed
                0x00000000240032ae        0x1 ./Core/Src/calibration.o
                0x00000000240032ae                calib_failed
 .bss.calibration_mode
                0x00000000240032af        0x1 ./Core/Src/calibration.o
                0x00000000240032af                calibration_mode
 .bss.counter_center
                0x00000000240032b0        0x4 ./Core/Src/calibration.o
                0x00000000240032b0                counter_center
 .bss.counter_limit_left
                0x00000000240032b4        0x4 ./Core/Src/calibration.o
                0x00000000240032b4                counter_limit_left
 .bss.counter_limit_right
                0x00000000240032b8        0x4 ./Core/Src/calibration.o
                0x00000000240032b8                counter_limit_right
 .bss.my_limit_status
                0x00000000240032bc        0x1 ./Core/Src/calibration.o
                0x00000000240032bc                my_limit_status
 *fill*         0x00000000240032bd        0x3 
 .bss.mycounter
                0x00000000240032c0        0xc ./Core/Src/calibration.o
                0x00000000240032c0                mycounter
 .bss.myvelocity
                0x00000000240032cc        0xc ./Core/Src/calibration.o
                0x00000000240032cc                myvelocity
 .bss.pdcounter
                0x00000000240032d8        0x4 ./Core/Src/calibration.o
                0x00000000240032d8                pdcounter
 .bss.target    0x00000000240032dc        0x8 ./Core/Src/calibration.o
                0x00000000240032dc                target
 .bss.target_v  0x00000000240032e4        0x8 ./Core/Src/calibration.o
                0x00000000240032e4                target_v
 .bss.theta_max
                0x00000000240032ec        0x4 ./Core/Src/calibration.o
                0x00000000240032ec                theta_max
 .bss.theta_min
                0x00000000240032f0        0x4 ./Core/Src/calibration.o
                0x00000000240032f0                theta_min
 .bss.wait_time
                0x00000000240032f4        0x4 ./Core/Src/calibration.o
                0x00000000240032f4                wait_time
 .bss.b_startcalib
                0x00000000240032f8        0x1 ./Core/Src/freertos.o
                0x00000000240032f8                b_startcalib
 *fill*         0x00000000240032f9        0x1 
 .bss.vPWMY     0x00000000240032fa        0x2 ./Core/Src/freertos.o
                0x00000000240032fa                vPWMY
 .bss.vPWMX     0x00000000240032fc        0x2 ./Core/Src/freertos.o
                0x00000000240032fc                vPWMX
 .bss.hdr_received
                0x00000000240032fe        0x1 ./Core/Src/freertos.o
                0x00000000240032fe                hdr_received
 .bss.controller_calibration_mode
                0x00000000240032ff        0x1 ./Core/Src/freertos.o
                0x00000000240032ff                controller_calibration_mode
 .bss.b_demo    0x0000000024003300        0x1 ./Core/Src/freertos.o
                0x0000000024003300                b_demo
 .bss.emagnet   0x0000000024003301        0x1 ./Core/Src/freertos.o
                0x0000000024003301                emagnet
 *fill*         0x0000000024003302        0x2 
 .bss.velocity  0x0000000024003304        0xc ./Core/Src/freertos.o
                0x0000000024003304                velocity
 .bss.counter   0x0000000024003310        0xc ./Core/Src/freertos.o
                0x0000000024003310                counter
 .bss.limit_status
                0x000000002400331c        0x1 ./Core/Src/freertos.o
                0x000000002400331c                limit_status
 *fill*         0x000000002400331d        0x3 
 .bss.dummy     0x0000000024003320        0x4 ./Core/Src/freertos.o
                0x0000000024003320                dummy
 .bss.defaultTaskHandle
                0x0000000024003324        0x4 ./Core/Src/freertos.o
                0x0000000024003324                defaultTaskHandle
 .bss.screeninfo
                0x0000000024003328       0x34 ./Core/Src/freertos.o
                0x0000000024003328                screeninfo
 .bss.dummy_kbd
                0x000000002400335c        0x4 ./Core/Src/keyboard.o
                0x000000002400335c                dummy_kbd
 .bss.keystatetable
                0x0000000024003360      0x100 ./Core/Src/keyboard.o
                0x0000000024003360                keystatetable
 .bss.last_keystatetable
                0x0000000024003460      0x100 ./Core/Src/keyboard.o
                0x0000000024003460                last_keystatetable
 .bss.buffer    0x0000000024003560       0x40 ./Core/Src/screen.o
                0x0000000024003560                buffer
 .bss.hspi1     0x00000000240035a0       0x88 ./Core/Src/spi.o
                0x00000000240035a0                hspi1
 .bss.hspi4     0x0000000024003628       0x88 ./Core/Src/spi.o
                0x0000000024003628                hspi4
 .bss.htim1     0x00000000240036b0       0x4c ./Core/Src/stm32h7xx_hal_timebase_tim.o
                0x00000000240036b0                htim1
 .bss.__sbrk_heap_end
                0x00000000240036fc        0x4 ./Core/Src/sysmem.o
 .bss.uwTick    0x0000000024003700        0x4 ./Drivers/STM32H7xx_HAL_Driver/Src/stm32h7xx_hal.o
                0x0000000024003700                uwTick
 .bss.Idle_Stack.2
                0x0000000024003704      0x200 ./Middlewares/Third_Party/FreeRTOS/Source/CMSIS_RTOS_V2/cmsis_os2.o
 .bss.Idle_TCB.3
                0x0000000024003904       0xbc ./Middlewares/Third_Party/FreeRTOS/Source/CMSIS_RTOS_V2/cmsis_os2.o
 .bss.KernelState
                0x00000000240039c0        0x4 ./Middlewares/Third_Party/FreeRTOS/Source/CMSIS_RTOS_V2/cmsis_os2.o
 .bss.Timer_Stack.0
                0x00000000240039c4      0x400 ./Middlewares/Third_Party/FreeRTOS/Source/CMSIS_RTOS_V2/cmsis_os2.o
 .bss.Timer_TCB.1
                0x0000000024003dc4       0xbc ./Middlewares/Third_Party/FreeRTOS/Source/CMSIS_RTOS_V2/cmsis_os2.o
 .bss.xQueueRegistry
                0x0000000024003e80       0x40 ./Middlewares/Third_Party/FreeRTOS/Source/queue.o
                0x0000000024003e80                xQueueRegistry
 .bss.pxCurrentTCB
                0x0000000024003ec0        0x4 ./Middlewares/Third_Party/FreeRTOS/Source/tasks.o
                0x0000000024003ec0                pxCurrentTCB
 .bss.pxDelayedTaskList
                0x0000000024003ec4        0x4 ./Middlewares/Third_Party/FreeRTOS/Source/tasks.o
 .bss.pxOverflowDelayedTaskList
                0x0000000024003ec8        0x4 ./Middlewares/Third_Party/FreeRTOS/Source/tasks.o
 .bss.pxReadyTasksLists
                0x0000000024003ecc      0x460 ./Middlewares/Third_Party/FreeRTOS/Source/tasks.o
 .bss.uxCurrentNumberOfTasks
                0x000000002400432c        0x4 ./Middlewares/Third_Party/FreeRTOS/Source/tasks.o
 .bss.uxDeletedTasksWaitingCleanUp
                0x0000000024004330        0x4 ./Middlewares/Third_Party/FreeRTOS/Source/tasks.o
 .bss.uxSchedulerSuspended
                0x0000000024004334        0x4 ./Middlewares/Third_Party/FreeRTOS/Source/tasks.o
 .bss.uxTaskNumber
                0x0000000024004338        0x4 ./Middlewares/Third_Party/FreeRTOS/Source/tasks.o
 .bss.uxTopReadyPriority
                0x000000002400433c        0x4 ./Middlewares/Third_Party/FreeRTOS/Source/tasks.o
 .bss.xDelayedTaskList1
                0x0000000024004340       0x14 ./Middlewares/Third_Party/FreeRTOS/Source/tasks.o
 .bss.xDelayedTaskList2
                0x0000000024004354       0x14 ./Middlewares/Third_Party/FreeRTOS/Source/tasks.o
 .bss.xNextTaskUnblockTime
                0x0000000024004368        0x4 ./Middlewares/Third_Party/FreeRTOS/Source/tasks.o
 .bss.xNumOfOverflows
                0x000000002400436c        0x4 ./Middlewares/Third_Party/FreeRTOS/Source/tasks.o
 .bss.xPendedTicks
                0x0000000024004370        0x4 ./Middlewares/Third_Party/FreeRTOS/Source/tasks.o
 .bss.xPendingReadyList
                0x0000000024004374       0x14 ./Middlewares/Third_Party/FreeRTOS/Source/tasks.o
 .bss.xSchedulerRunning
                0x0000000024004388        0x4 ./Middlewares/Third_Party/FreeRTOS/Source/tasks.o
 .bss.xSuspendedTaskList
                0x000000002400438c       0x14 ./Middlewares/Third_Party/FreeRTOS/Source/tasks.o
 .bss.xTasksWaitingTermination
                0x00000000240043a0       0x14 ./Middlewares/Third_Party/FreeRTOS/Source/tasks.o
 .bss.xTickCount
                0x00000000240043b4        0x4 ./Middlewares/Third_Party/FreeRTOS/Source/tasks.o
 .bss.xYieldPending
                0x00000000240043b8        0x4 ./Middlewares/Third_Party/FreeRTOS/Source/tasks.o
 .bss.pxCurrentTimerList
                0x00000000240043bc        0x4 ./Middlewares/Third_Party/FreeRTOS/Source/timers.o
 .bss.pxOverflowTimerList
                0x00000000240043c0        0x4 ./Middlewares/Third_Party/FreeRTOS/Source/timers.o
 .bss.ucStaticTimerQueueStorage.1
                0x00000000240043c4       0xa0 ./Middlewares/Third_Party/FreeRTOS/Source/timers.o
 .bss.xActiveTimerList1
                0x0000000024004464       0x14 ./Middlewares/Third_Party/FreeRTOS/Source/timers.o
 .bss.xActiveTimerList2
                0x0000000024004478       0x14 ./Middlewares/Third_Party/FreeRTOS/Source/timers.o
 .bss.xLastTime.2
                0x000000002400448c        0x4 ./Middlewares/Third_Party/FreeRTOS/Source/timers.o
 .bss.xStaticTimerQueue.0
                0x0000000024004490       0x50 ./Middlewares/Third_Party/FreeRTOS/Source/timers.o
 .bss.xTimerQueue
                0x00000000240044e0        0x4 ./Middlewares/Third_Party/FreeRTOS/Source/timers.o
 .bss.xTimerTaskHandle
                0x00000000240044e4        0x4 ./Middlewares/Third_Party/FreeRTOS/Source/timers.o
 .bss.ucMaxSysCallPriority
                0x00000000240044e8        0x1 ./Middlewares/Third_Party/FreeRTOS/Source/portable/GCC/ARM_CM4F/port.o
 *fill*         0x00000000240044e9        0x3 
 .bss.ulMaxPRIGROUPValue
                0x00000000240044ec        0x4 ./Middlewares/Third_Party/FreeRTOS/Source/portable/GCC/ARM_CM4F/port.o
 .bss.pxEnd     0x00000000240044f0        0x4 ./Middlewares/Third_Party/FreeRTOS/Source/portable/MemMang/heap_4.o
 .bss.ucHeap    0x00000000240044f4     0x3c00 ./Middlewares/Third_Party/FreeRTOS/Source/portable/MemMang/heap_4.o
 .bss.xBlockAllocatedBit
                0x00000000240080f4        0x4 ./Middlewares/Third_Party/FreeRTOS/Source/portable/MemMang/heap_4.o
 .bss.xFreeBytesRemaining
                0x00000000240080f8        0x4 ./Middlewares/Third_Party/FreeRTOS/Source/portable/MemMang/heap_4.o
 .bss.xMinimumEverFreeBytesRemaining
                0x00000000240080fc        0x4 ./Middlewares/Third_Party/FreeRTOS/Source/portable/MemMang/heap_4.o
 .bss.xNumberOfSuccessfulAllocations
                0x0000000024008100        0x4 ./Middlewares/Third_Party/FreeRTOS/Source/portable/MemMang/heap_4.o
 .bss.xNumberOfSuccessfulFrees
                0x0000000024008104        0x4 ./Middlewares/Third_Party/FreeRTOS/Source/portable/MemMang/heap_4.o
 .bss.xStart    0x0000000024008108        0x8 ./Middlewares/Third_Party/FreeRTOS/Source/portable/MemMang/heap_4.o
 .bss.__lock___malloc_recursive_mutex
                0x0000000024008110        0x1 c:/st/stm32cubeide_1.11.0/stm32cubeide/plugins/com.st.stm32cube.ide.mcu.externaltools.gnu-tools-for-stm32.10.3-2021.10.win32_1.0.100.202210260954/tools/bin/../lib/gcc/arm-none-eabi/10.3.1/../../../../arm-none-eabi/lib/thumb/v7e-m+dp/hard\libc_nano.a(lib_a-lock.o)
                0x0000000024008110                __lock___malloc_recursive_mutex
 .bss.__lock___sfp_recursive_mutex
                0x0000000024008111        0x1 c:/st/stm32cubeide_1.11.0/stm32cubeide/plugins/com.st.stm32cube.ide.mcu.externaltools.gnu-tools-for-stm32.10.3-2021.10.win32_1.0.100.202210260954/tools/bin/../lib/gcc/arm-none-eabi/10.3.1/../../../../arm-none-eabi/lib/thumb/v7e-m+dp/hard\libc_nano.a(lib_a-lock.o)
                0x0000000024008111                __lock___sfp_recursive_mutex
 .bss.__lock___sinit_recursive_mutex
                0x0000000024008112        0x1 c:/st/stm32cubeide_1.11.0/stm32cubeide/plugins/com.st.stm32cube.ide.mcu.externaltools.gnu-tools-for-stm32.10.3-2021.10.win32_1.0.100.202210260954/tools/bin/../lib/gcc/arm-none-eabi/10.3.1/../../../../arm-none-eabi/lib/thumb/v7e-m+dp/hard\libc_nano.a(lib_a-lock.o)
                0x0000000024008112                __lock___sinit_recursive_mutex
 *fill*         0x0000000024008113        0x1 
 .bss.__malloc_free_list
                0x0000000024008114        0x4 c:/st/stm32cubeide_1.11.0/stm32cubeide/plugins/com.st.stm32cube.ide.mcu.externaltools.gnu-tools-for-stm32.10.3-2021.10.win32_1.0.100.202210260954/tools/bin/../lib/gcc/arm-none-eabi/10.3.1/../../../../arm-none-eabi/lib/thumb/v7e-m+dp/hard\libc_nano.a(lib_a-nano-mallocr.o)
                0x0000000024008114                __malloc_free_list
 .bss.__malloc_sbrk_start
                0x0000000024008118        0x4 c:/st/stm32cubeide_1.11.0/stm32cubeide/plugins/com.st.stm32cube.ide.mcu.externaltools.gnu-tools-for-stm32.10.3-2021.10.win32_1.0.100.202210260954/tools/bin/../lib/gcc/arm-none-eabi/10.3.1/../../../../arm-none-eabi/lib/thumb/v7e-m+dp/hard\libc_nano.a(lib_a-nano-mallocr.o)
                0x0000000024008118                __malloc_sbrk_start
 .bss.errno     0x000000002400811c        0x4 c:/st/stm32cubeide_1.11.0/stm32cubeide/plugins/com.st.stm32cube.ide.mcu.externaltools.gnu-tools-for-stm32.10.3-2021.10.win32_1.0.100.202210260954/tools/bin/../lib/gcc/arm-none-eabi/10.3.1/../../../../arm-none-eabi/lib/thumb/v7e-m+dp/hard\libc_nano.a(lib_a-reent.o)
                0x000000002400811c                errno
 *(COMMON)
                0x0000000024008120                . = ALIGN (0x4)
                0x0000000024008120                _ebss = .
                0x0000000024008120                __bss_end__ = _ebss

._user_heap_stack
                0x0000000024008120      0x600 load address 0x000000000800cdb0
                0x0000000024008120                . = ALIGN (0x8)
                [!provide]                        PROVIDE (end = .)
                0x0000000024008120                PROVIDE (_end = .)