Archive member included to satisfy reference by file (symbol)

c:/st/stm32cubeide_1.11.0/stm32cubeide/plugins/com.st.stm32cube.ide.mcu.externaltools.gnu-tools-for-stm32.10.3-2021.10.win32_1.0.200.202301161003/tools/bin/../lib/gcc/arm-none-eabi/10.3.1/../../../../arm-none-eabi/lib/thumb/v7e-m+dp/hard\libstdc++_nano.a(del_ops.o)
                              ./Core/Src/ThreadTest.o (operator delete(void*, unsigned int))
c:/st/stm32cubeide_1.11.0/stm32cubeide/plugins/com.st.stm32cube.ide.mcu.externaltools.gnu-tools-for-stm32.10.3-2021.10.win32_1.0.200.202301161003/tools/bin/../lib/gcc/arm-none-eabi/10.3.1/../../../../arm-none-eabi/lib/thumb/v7e-m+dp/hard\libstdc++_nano.a(new_op.o)
                              ./Core/Src/alt_main.o (operator new(unsigned int))
c:/st/stm32cubeide_1.11.0/stm32cubeide/plugins/com.st.stm32cube.ide.mcu.externaltools.gnu-tools-for-stm32.10.3-2021.10.win32_1.0.200.202301161003/tools/bin/../lib/gcc/arm-none-eabi/10.3.1/../../../../arm-none-eabi/lib/thumb/v7e-m+dp/hard\libstdc++_nano.a(pure.o)
                              ./Core/Src/ThreadTest.o (__cxa_pure_virtual)
c:/st/stm32cubeide_1.11.0/stm32cubeide/plugins/com.st.stm32cube.ide.mcu.externaltools.gnu-tools-for-stm32.10.3-2021.10.win32_1.0.200.202301161003/tools/bin/../lib/gcc/arm-none-eabi/10.3.1/../../../../arm-none-eabi/lib/thumb/v7e-m+dp/hard\libstdc++_nano.a(del_op.o)
                              c:/st/stm32cubeide_1.11.0/stm32cubeide/plugins/com.st.stm32cube.ide.mcu.externaltools.gnu-tools-for-stm32.10.3-2021.10.win32_1.0.200.202301161003/tools/bin/../lib/gcc/arm-none-eabi/10.3.1/../../../../arm-none-eabi/lib/thumb/v7e-m+dp/hard\libstdc++_nano.a(del_ops.o) (operator delete(void*))
c:/st/stm32cubeide_1.11.0/stm32cubeide/plugins/com.st.stm32cube.ide.mcu.externaltools.gnu-tools-for-stm32.10.3-2021.10.win32_1.0.200.202301161003/tools/bin/../lib/gcc/arm-none-eabi/10.3.1/../../../../arm-none-eabi/lib/thumb/v7e-m+dp/hard\libstdc++_nano.a(eh_terminate.o)
                              c:/st/stm32cubeide_1.11.0/stm32cubeide/plugins/com.st.stm32cube.ide.mcu.externaltools.gnu-tools-for-stm32.10.3-2021.10.win32_1.0.200.202301161003/tools/bin/../lib/gcc/arm-none-eabi/10.3.1/../../../../arm-none-eabi/lib/thumb/v7e-m+dp/hard\libstdc++_nano.a(pure.o) (std::terminate())
c:/st/stm32cubeide_1.11.0/stm32cubeide/plugins/com.st.stm32cube.ide.mcu.externaltools.gnu-tools-for-stm32.10.3-2021.10.win32_1.0.200.202301161003/tools/bin/../lib/gcc/arm-none-eabi/10.3.1/../../../../arm-none-eabi/lib/thumb/v7e-m+dp/hard\libstdc++_nano.a(eh_unex_handler.o)
                              c:/st/stm32cubeide_1.11.0/stm32cubeide/plugins/com.st.stm32cube.ide.mcu.externaltools.gnu-tools-for-stm32.10.3-2021.10.win32_1.0.200.202301161003/tools/bin/../lib/gcc/arm-none-eabi/10.3.1/../../../../arm-none-eabi/lib/thumb/v7e-m+dp/hard\libstdc++_nano.a(eh_terminate.o) (__cxxabiv1::__unexpected_handler)
c:/st/stm32cubeide_1.11.0/stm32cubeide/plugins/com.st.stm32cube.ide.mcu.externaltools.gnu-tools-for-stm32.10.3-2021.10.win32_1.0.200.202301161003/tools/bin/../lib/gcc/arm-none-eabi/10.3.1/../../../../arm-none-eabi/lib/thumb/v7e-m+dp/hard\libstdc++_nano.a(new_handler.o)
                              c:/st/stm32cubeide_1.11.0/stm32cubeide/plugins/com.st.stm32cube.ide.mcu.externaltools.gnu-tools-for-stm32.10.3-2021.10.win32_1.0.200.202301161003/tools/bin/../lib/gcc/arm-none-eabi/10.3.1/../../../../arm-none-eabi/lib/thumb/v7e-m+dp/hard\libstdc++_nano.a(new_op.o) (std::get_new_handler())
c:/st/stm32cubeide_1.11.0/stm32cubeide/plugins/com.st.stm32cube.ide.mcu.externaltools.gnu-tools-for-stm32.10.3-2021.10.win32_1.0.200.202301161003/tools/bin/../lib/gcc/arm-none-eabi/10.3.1/../../../../arm-none-eabi/lib/thumb/v7e-m+dp/hard\libstdc++_nano.a(eh_term_handler.o)
                              c:/st/stm32cubeide_1.11.0/stm32cubeide/plugins/com.st.stm32cube.ide.mcu.externaltools.gnu-tools-for-stm32.10.3-2021.10.win32_1.0.200.202301161003/tools/bin/../lib/gcc/arm-none-eabi/10.3.1/../../../../arm-none-eabi/lib/thumb/v7e-m+dp/hard\libstdc++_nano.a(eh_terminate.o) (__cxxabiv1::__terminate_handler)
c:/st/stm32cubeide_1.11.0/stm32cubeide/plugins/com.st.stm32cube.ide.mcu.externaltools.gnu-tools-for-stm32.10.3-2021.10.win32_1.0.200.202301161003/tools/bin/../lib/gcc/arm-none-eabi/10.3.1/../../../../arm-none-eabi/lib/thumb/v7e-m+dp/hard\libc_nano.a(lib_a-abort.o)
                              c:/st/stm32cubeide_1.11.0/stm32cubeide/plugins/com.st.stm32cube.ide.mcu.externaltools.gnu-tools-for-stm32.10.3-2021.10.win32_1.0.200.202301161003/tools/bin/../lib/gcc/arm-none-eabi/10.3.1/../../../../arm-none-eabi/lib/thumb/v7e-m+dp/hard\libstdc++_nano.a(new_op.o) (abort)
c:/st/stm32cubeide_1.11.0/stm32cubeide/plugins/com.st.stm32cube.ide.mcu.externaltools.gnu-tools-for-stm32.10.3-2021.10.win32_1.0.200.202301161003/tools/bin/../lib/gcc/arm-none-eabi/10.3.1/../../../../arm-none-eabi/lib/thumb/v7e-m+dp/hard\libc_nano.a(lib_a-errno.o)
                              ./Core/Src/main.o (__errno)
[...]
Memory Configuration

Name             Origin             Length             Attributes
FLASH            0x0000000008000000 0x0000000000020000 xr
DTCMRAM          0x0000000020000000 0x0000000000020000 xrw
RAM_D1           0x0000000024000000 0x0000000000080000 xrw
RAM_D2           0x0000000030000000 0x0000000000048000 xrw
RAM_D3           0x0000000038000000 0x0000000000010000 xrw
ITCMRAM          0x0000000000000000 0x0000000000010000 xrw
*default*        0x0000000000000000 0xffffffffffffffff

Linker script and memory map

LOAD c:/st/stm32cubeide_1.11.0/stm32cubeide/plugins/com.st.stm32cube.ide.mcu.externaltools.gnu-tools-for-stm32.10.3-2021.10.win32_1.0.200.202301161003/tools/bin/../lib/gcc/arm-none-eabi/10.3.1/thumb/v7e-m+dp/hard/crti.o
LOAD c:/st/stm32cubeide_1.11.0/stm32cubeide/plugins/com.st.stm32cube.ide.mcu.externaltools.gnu-tools-for-stm32.10.3-2021.10.win32_1.0.200.202301161003/tools/bin/../lib/gcc/arm-none-eabi/10.3.1/thumb/v7e-m+dp/hard/crtbegin.o
LOAD c:/st/stm32cubeide_1.11.0/stm32cubeide/plugins/com.st.stm32cube.ide.mcu.externaltools.gnu-tools-for-stm32.10.3-2021.10.win32_1.0.200.202301161003/tools/bin/../lib/gcc/arm-none-eabi/10.3.1/../../../../arm-none-eabi/lib/thumb/v7e-m+dp/hard/crt0.o
LOAD ./Core/Src/GFX_FUNCTIONS.o
LOAD ./Core/Src/ST7735.o
LOAD ./Core/Src/ThreadTest.o
LOAD ./Core/Src/ThreadWrapper.o
LOAD ./Core/Src/alt_main.o
LOAD ./Core/Src/calibration.o
LOAD ./Core/Src/fonts.o
LOAD ./Core/Src/freertos.o
LOAD ./Core/Src/gpio.o
LOAD ./Core/Src/keyboard.o
LOAD ./Core/Src/main.o
LOAD ./Core/Src/poly.o
LOAD ./Core/Src/screen.o
LOAD ./Core/Src/spi.o
LOAD ./Core/Src/stm32h7xx_hal_msp.o
LOAD ./Core/Src/stm32h7xx_hal_timebase_tim.o
LOAD ./Core/Src/stm32h7xx_it.o
LOAD ./Core/Src/syscalls.o
LOAD ./Core/Src/sysmem.o
LOAD ./Core/Src/system_stm32h7xx.o
LOAD ./Core/Src/usart.o
LOAD ./Core/Src/utils.o
LOAD ./Core/Startup/startup_stm32h750vbtx.o
LOAD ./Drivers/STM32H7xx_HAL_Driver/Src/stm32h7xx_hal.o
LOAD ./Drivers/STM32H7xx_HAL_Driver/Src/stm32h7xx_hal_cortex.o
LOAD ./Drivers/STM32H7xx_HAL_Driver/Src/stm32h7xx_hal_dma.o
LOAD ./Drivers/STM32H7xx_HAL_Driver/Src/stm32h7xx_hal_dma_ex.o
LOAD ./Drivers/STM32H7xx_HAL_Driver/Src/stm32h7xx_hal_exti.o
LOAD ./Drivers/STM32H7xx_HAL_Driver/Src/stm32h7xx_hal_flash.o
LOAD ./Drivers/STM32H7xx_HAL_Driver/Src/stm32h7xx_hal_flash_ex.o
LOAD ./Drivers/STM32H7xx_HAL_Driver/Src/stm32h7xx_hal_gpio.o
LOAD ./Drivers/STM32H7xx_HAL_Driver/Src/stm32h7xx_hal_hsem.o
LOAD ./Drivers/STM32H7xx_HAL_Driver/Src/stm32h7xx_hal_i2c.o
LOAD ./Drivers/STM32H7xx_HAL_Driver/Src/stm32h7xx_hal_i2c_ex.o
LOAD ./Drivers/STM32H7xx_HAL_Driver/Src/stm32h7xx_hal_mdma.o
LOAD ./Drivers/STM32H7xx_HAL_Driver/Src/stm32h7xx_hal_pwr.o
LOAD ./Drivers/STM32H7xx_HAL_Driver/Src/stm32h7xx_hal_pwr_ex.o
LOAD ./Drivers/STM32H7xx_HAL_Driver/Src/stm32h7xx_hal_rcc.o
LOAD ./Drivers/STM32H7xx_HAL_Driver/Src/stm32h7xx_hal_rcc_ex.o
LOAD ./Drivers/STM32H7xx_HAL_Driver/Src/stm32h7xx_hal_spi.o
LOAD ./Drivers/STM32H7xx_HAL_Driver/Src/stm32h7xx_hal_spi_ex.o
LOAD ./Drivers/STM32H7xx_HAL_Driver/Src/stm32h7xx_hal_tim.o
LOAD ./Drivers/STM32H7xx_HAL_Driver/Src/stm32h7xx_hal_tim_ex.o
LOAD ./Drivers/STM32H7xx_HAL_Driver/Src/stm32h7xx_hal_uart.o
LOAD ./Drivers/STM32H7xx_HAL_Driver/Src/stm32h7xx_hal_uart_ex.o
LOAD ./Middlewares/Third_Party/FreeRTOS/Source/CMSIS_RTOS_V2/cmsis_os2.o
LOAD ./Middlewares/Third_Party/FreeRTOS/Source/croutine.o
LOAD ./Middlewares/Third_Party/FreeRTOS/Source/event_groups.o
LOAD ./Middlewares/Third_Party/FreeRTOS/Source/list.o
LOAD ./Middlewares/Third_Party/FreeRTOS/Source/queue.o
LOAD ./Middlewares/Third_Party/FreeRTOS/Source/stream_buffer.o
LOAD ./Middlewares/Third_Party/FreeRTOS/Source/tasks.o
LOAD ./Middlewares/Third_Party/FreeRTOS/Source/timers.o
LOAD ./Middlewares/Third_Party/FreeRTOS/Source/portable/GCC/ARM_CM4F/port.o
LOAD ./Middlewares/Third_Party/FreeRTOS/Source/portable/MemMang/heap_4.o
START GROUP
LOAD c:/st/stm32cubeide_1.11.0/stm32cubeide/plugins/com.st.stm32cube.ide.mcu.externaltools.gnu-tools-for-stm32.10.3-2021.10.win32_1.0.200.202301161003/tools/bin/../lib/gcc/arm-none-eabi/10.3.1/../../../../arm-none-eabi/lib/thumb/v7e-m+dp/hard\libstdc++_nano.a
LOAD c:/st/stm32cubeide_1.11.0/stm32cubeide/plugins/com.st.stm32cube.ide.mcu.externaltools.gnu-tools-for-stm32.10.3-2021.10.win32_1.0.200.202301161003/tools/bin/../lib/gcc/arm-none-eabi/10.3.1/../../../../arm-none-eabi/lib/thumb/v7e-m+dp/hard\libsupc++_nano.a
END GROUP
LOAD c:/st/stm32cubeide_1.11.0/stm32cubeide/plugins/com.st.stm32cube.ide.mcu.externaltools.gnu-tools-for-stm32.10.3-2021.10.win32_1.0.200.202301161003/tools/bin/../lib/gcc/arm-none-eabi/10.3.1/../../../../arm-none-eabi/lib/thumb/v7e-m+dp/hard\libstdc++_nano.a
LOAD c:/st/stm32cubeide_1.11.0/stm32cubeide/plugins/com.st.stm32cube.ide.mcu.externaltools.gnu-tools-for-stm32.10.3-2021.10.win32_1.0.200.202301161003/tools/bin/../lib/gcc/arm-none-eabi/10.3.1/../../../../arm-none-eabi/lib/thumb/v7e-m+dp/hard\libm.a
LOAD c:/st/stm32cubeide_1.11.0/stm32cubeide/plugins/com.st.stm32cube.ide.mcu.externaltools.gnu-tools-for-stm32.10.3-2021.10.win32_1.0.200.202301161003/tools/bin/../lib/gcc/arm-none-eabi/10.3.1/../../../../arm-none-eabi/lib/thumb/v7e-m+dp/hard\libc_nano.a
START GROUP
LOAD c:/st/stm32cubeide_1.11.0/stm32cubeide/plugins/com.st.stm32cube.ide.mcu.externaltools.gnu-tools-for-stm32.10.3-2021.10.win32_1.0.200.202301161003/tools/bin/../lib/gcc/arm-none-eabi/10.3.1/thumb/v7e-m+dp/hard\libgcc.a
LOAD c:/st/stm32cubeide_1.11.0/stm32cubeide/plugins/com.st.stm32cube.ide.mcu.externaltools.gnu-tools-for-stm32.10.3-2021.10.win32_1.0.200.202301161003/tools/bin/../lib/gcc/arm-none-eabi/10.3.1/../../../../arm-none-eabi/lib/thumb/v7e-m+dp/hard\libc_nano.a
END GROUP
START GROUP
LOAD c:/st/stm32cubeide_1.11.0/stm32cubeide/plugins/com.st.stm32cube.ide.mcu.externaltools.gnu-tools-for-stm32.10.3-2021.10.win32_1.0.200.202301161003/tools/bin/../lib/gcc/arm-none-eabi/10.3.1/thumb/v7e-m+dp/hard\libgcc.a
LOAD c:/st/stm32cubeide_1.11.0/stm32cubeide/plugins/com.st.stm32cube.ide.mcu.externaltools.gnu-tools-for-stm32.10.3-2021.10.win32_1.0.200.202301161003/tools/bin/../lib/gcc/arm-none-eabi/10.3.1/../../../../arm-none-eabi/lib/thumb/v7e-m+dp/hard\libc_nano.a
END GROUP
LOAD c:/st/stm32cubeide_1.11.0/stm32cubeide/plugins/com.st.stm32cube.ide.mcu.externaltools.gnu-tools-for-stm32.10.3-2021.10.win32_1.0.200.202301161003/tools/bin/../lib/gcc/arm-none-eabi/10.3.1/thumb/v7e-m+dp/hard/crtend.o
LOAD c:/st/stm32cubeide_1.11.0/stm32cubeide/plugins/com.st.stm32cube.ide.mcu.externaltools.gnu-tools-for-stm32.10.3-2021.10.win32_1.0.200.202301161003/tools/bin/../lib/gcc/arm-none-eabi/10.3.1/thumb/v7e-m+dp/hard/crtn.o
                0x0000000024080000                _estack = (ORIGIN (RAM_D1) + LENGTH (RAM_D1))
                0x0000000000000200                _Min_Heap_Size = 0x200
                0x0000000000000400                _Min_Stack_Size = 0x400

.isr_vector     0x0000000008000000      0x298
                0x0000000008000000                . = ALIGN (0x4)
 *(.isr_vector)
 .isr_vector    0x0000000008000000      0x298 ./Core/Startup/startup_stm32h750vbtx.o
                0x0000000008000000                g_pfnVectors
                0x0000000008000298                . = ALIGN (0x4)

.text           0x00000000080002a0     0xa6b0
                0x00000000080002a0                . = ALIGN (0x4)
 *(.text)
 .text          0x00000000080002a0       0x40 c:/st/stm32cubeide_1.11.0/stm32cubeide/plugins/com.st.stm32cube.ide.mcu.externaltools.gnu-tools-for-stm32.10.3-2021.10.win32_1.0.200.202301161003/tools/bin/../lib/gcc/arm-none-eabi/10.3.1/thumb/v7e-m+dp/hard/crtbegin.o
 .text          0x00000000080002e0       0x10 c:/st/stm32cubeide_1.11.0/stm32cubeide/plugins/com.st.stm32cube.ide.mcu.externaltools.gnu-tools-for-stm32.10.3-2021.10.win32_1.0.200.202301161003/tools/bin/../lib/gcc/arm-none-eabi/10.3.1/../../../../arm-none-eabi/lib/thumb/v7e-m+dp/hard\libc_nano.a(lib_a-strlen.o)
                0x00000000080002e0                strlen
 .text          0x00000000080002f0       0xa0 c:/st/stm32cubeide_1.11.0/stm32cubeide/plugins/com.st.stm32cube.ide.mcu.externaltools.gnu-tools-for-stm32.10.3-2021.10.win32_1.0.200.202301161003/tools/bin/../lib/gcc/arm-none-eabi/10.3.1/../../../../arm-none-eabi/lib/thumb/v7e-m+dp/hard\libc_nano.a(lib_a-memchr.o)
                0x00000000080002f0                memchr
 .text          0x0000000008000390       0x30 c:/st/stm32cubeide_1.11.0/stm32cubeide/plugins/com.st.stm32cube.ide.mcu.externaltools.gnu-tools-for-stm32.10.3-2021.10.win32_1.0.200.202301161003/tools/bin/../lib/gcc/arm-none-eabi/10.3.1/thumb/v7e-m+dp/hard\libgcc.a(_aeabi_uldivmod.o)
                0x0000000008000390                __aeabi_uldivmod
 .text          0x00000000080003c0      0x2d0 c:/st/stm32cubeide_1.11.0/stm32cubeide/plugins/com.st.stm32cube.ide.mcu.externaltools.gnu-tools-for-stm32.10.3-2021.10.win32_1.0.200.202301161003/tools/bin/../lib/gcc/arm-none-eabi/10.3.1/thumb/v7e-m+dp/hard\libgcc.a(_udivmoddi4.o)
                0x00000000080003c0                __udivmoddi4
 .text          0x0000000008000690        0x4 c:/st/stm32cubeide_1.11.0/stm32cubeide/plugins/com.st.stm32cube.ide.mcu.externaltools.gnu-tools-for-stm32.10.3-2021.10.win32_1.0.200.202301161003/tools/bin/../lib/gcc/arm-none-eabi/10.3.1/thumb/v7e-m+dp/hard\libgcc.a(_dvmd_tls.o)
                0x0000000008000690                __aeabi_idiv0
                0x0000000008000690                __aeabi_ldiv0
 *(.text*)
 .text.DisplayInit
                0x0000000008000694       0x94 ./Core/Src/ST7735.o
                0x0000000008000694                DisplayInit
 .text.ST7735_SetAddressWindow
                0x0000000008000728       0xec ./Core/Src/ST7735.o
                0x0000000008000728                ST7735_SetAddressWindow
 .text.ST7735_SetRotation
                0x0000000008000814      0x108 ./Core/Src/ST7735.o
                0x0000000008000814                ST7735_SetRotation
 .text.ST7735_Init
                0x000000000800091c       0x60 ./Core/Src/ST7735.o
                0x000000000800091c                ST7735_Init
 .text.ST7735_WriteChar
                0x000000000800097c       0xcc ./Core/Src/ST7735.o
                0x000000000800097c                ST7735_WriteChar
 .text.ST7735_WriteString
                0x0000000008000a48       0xb0 ./Core/Src/ST7735.o
                0x0000000008000a48                ST7735_WriteString
 .text.ST7735_FillRectangle
                0x0000000008000af8       0xb8 ./Core/Src/ST7735.o
                0x0000000008000af8                ST7735_FillRectangle
 .text.ST7735_DrawImage
                0x0000000008000bb0       0x94 ./Core/Src/ST7735.o
                0x0000000008000bb0                ST7735_DrawImage
 .text._ZN15ThreadWrapper_tD2Ev
                0x0000000008000c44       0x4c ./Core/Src/ThreadTest.o
                0x0000000008000c44                ThreadWrapper_t::~ThreadWrapper_t()
                0x0000000008000c44                ThreadWrapper_t::~ThreadWrapper_t()
 .text._ZN15ThreadWrapper_tD0Ev
                0x0000000008000c90       0x20 ./Core/Src/ThreadTest.o
                0x0000000008000c90                ThreadWrapper_t::~ThreadWrapper_t()
 .text._ZN19ThreadWrapperTest_tD2Ev
                0x0000000008000cb0       0x24 ./Core/Src/ThreadTest.o
                0x0000000008000cb0                ThreadWrapperTest_t::~ThreadWrapperTest_t()
                0x0000000008000cb0                ThreadWrapperTest_t::~ThreadWrapperTest_t()
 .text._ZN19ThreadWrapperTest_tD0Ev
                0x0000000008000cd4       0x20 ./Core/Src/ThreadTest.o
                0x0000000008000cd4                ThreadWrapperTest_t::~ThreadWrapperTest_t()
 .text._ZN19ThreadWrapperTest_t9entryFuncEv
                0x0000000008000cf4       0x1c ./Core/Src/ThreadTest.o
                0x0000000008000cf4                ThreadWrapperTest_t::entryFunc()
 .text._ZNK15ThreadWrapper_t9isRunningEv
                0x0000000008000d10       0x18 ./Core/Src/ThreadWrapper.o
                0x0000000008000d10                ThreadWrapper_t::isRunning() const
 .text._ZN15ThreadWrapper_t8dispatchEPv
                0x0000000008000d28       0x1e ./Core/Src/ThreadWrapper.o
                0x0000000008000d28                ThreadWrapper_t::dispatch(void*)
 *fill*         0x0000000008000d46        0x2 
 .text._ZN15ThreadWrapper_t5startEv
                0x0000000008000d48       0x80 ./Core/Src/ThreadWrapper.o
                0x0000000008000d48                ThreadWrapper_t::start()
 .text._ZN15ThreadWrapper_tC2Eii
                0x0000000008000dc8       0x38 ./Core/Src/alt_main.o
                0x0000000008000dc8                ThreadWrapper_t::ThreadWrapper_t(int, int)
                0x0000000008000dc8                ThreadWrapper_t::ThreadWrapper_t(int, int)
 .text._ZN19ThreadWrapperTest_tC2Eiii
                0x0000000008000e00       0x34 ./Core/Src/alt_main.o
                0x0000000008000e00                ThreadWrapperTest_t::ThreadWrapperTest_t(int, int, int)
                0x0000000008000e00                ThreadWrapperTest_t::ThreadWrapperTest_t(int, int, int)
 .text.alt_main
                0x0000000008000e34       0x28 ./Core/Src/alt_main.o
                0x0000000008000e34                alt_main
 .text.isCalibratingMode
                0x0000000008000e5c        0xc ./Core/Src/calibration.o
                0x0000000008000e5c                isCalibratingMode
 .text.startDemo
                0x0000000008000e68        0xc ./Core/Src/calibration.o
                0x0000000008000e68                startDemo
 .text.stopDemo
                0x0000000008000e74        0xc ./Core/Src/calibration.o
                0x0000000008000e74                stopDemo
 .text.computePD
                0x0000000008000e80      0x178 ./Core/Src/calibration.o
                0x0000000008000e80                computePD
 .text.getCalibrationMode
                0x0000000008000ff8        0xc ./Core/Src/calibration.o
                0x0000000008000ff8                getCalibrationMode
 .text.updateCalibration
                0x0000000008001004      0x8b0 ./Core/Src/calibration.o
                0x0000000008001004                updateCalibration
 .text.SlowThisDown
                0x00000000080018b4       0x38 ./Core/Src/freertos.o
                0x00000000080018b4                SlowThisDown
 .text.SPITransmitReceive
                0x00000000080018ec      0x270 ./Core/Src/freertos.o
                0x00000000080018ec                SPITransmitReceive
 .text.HAL_GPIO_EXTI_Callback
                0x0000000008001b5c       0x20 ./Core/Src/freertos.o
                0x0000000008001b5c                HAL_GPIO_EXTI_Callback
 .text.getDt    0x0000000008001b7c       0x38 ./Core/Src/freertos.o
                0x0000000008001b7c                getDt
 .text.resetCounter
                0x0000000008001bb4       0x10 ./Core/Src/freertos.o
                0x0000000008001bb4                resetCounter
 .text.setCounter
                0x0000000008001bc4       0x18 ./Core/Src/freertos.o
                0x0000000008001bc4                setCounter
 .text.StartDefaultTask
                0x0000000008001bdc      0x304 ./Core/Src/freertos.o
                0x0000000008001bdc                StartDefaultTask
 .text.MX_FREERTOS_Init
                0x0000000008001ee0       0x24 ./Core/Src/freertos.o
                0x0000000008001ee0                MX_FREERTOS_Init
 .text.MX_GPIO_Init
                0x0000000008001f04      0x1f8 ./Core/Src/gpio.o
                0x0000000008001f04                MX_GPIO_Init
 .text.keyClicked
                0x00000000080020fc       0x1c ./Core/Src/keyboard.o
                0x00000000080020fc                keyClicked
 .text.keyPressed
                0x0000000008002118        0xc ./Core/Src/keyboard.o
                0x0000000008002118                keyPressed
 .text.scanKeyboard
                0x0000000008002124       0xb4 ./Core/Src/keyboard.o
                0x0000000008002124                scanKeyboard
 .text._write   0x00000000080021d8       0x34 ./Core/Src/main.o
                0x00000000080021d8                _write
 .text._read    0x000000000800220c       0x34 ./Core/Src/main.o
                0x000000000800220c                _read
 .text.SystemClock_Config
                0x0000000008002240       0xc0 ./Core/Src/main.o
                0x0000000008002240                SystemClock_Config
 .text.PeriphCommonClock_Config
                0x0000000008002300       0x58 ./Core/Src/main.o
                0x0000000008002300                PeriphCommonClock_Config
 .text.startup.main
                0x0000000008002358       0xc4 ./Core/Src/main.o
                0x0000000008002358                main
 .text.HAL_TIM_PeriodElapsedCallback
                0x000000000800241c       0x14 ./Core/Src/main.o
                0x000000000800241c                HAL_TIM_PeriodElapsedCallback
 .text.Error_Handler
                0x0000000008002430        0x4 ./Core/Src/main.o
                0x0000000008002430                Error_Handler
 .text.writeScrLine
                0x0000000008002434       0x84 ./Core/Src/screen.o
                0x0000000008002434                writeScrLine
 .text.drawPage0
                0x00000000080024b8      0x258 ./Core/Src/screen.o
                0x00000000080024b8                drawPage0
 .text.drawPage1
                0x0000000008002710      0x2c0 ./Core/Src/screen.o
                0x0000000008002710                drawPage1
 .text.updateScreen
                0x00000000080029d0       0x24 ./Core/Src/screen.o
                0x00000000080029d0                updateScreen
 .text.MX_SPI1_Init
                0x00000000080029f4       0x5c ./Core/Src/spi.o
                0x00000000080029f4                MX_SPI1_Init
 .text.MX_SPI4_Init
                0x0000000008002a50       0x64 ./Core/Src/spi.o
                0x0000000008002a50                MX_SPI4_Init
 *fill*         0x0000000008002ab4        0x4 
 .text.HAL_SPI_MspInit
                0x0000000008002ab8       0xe4 ./Core/Src/spi.o
                0x0000000008002ab8                HAL_SPI_MspInit
 .text.HAL_MspInit
                0x0000000008002b9c       0x34 ./Core/Src/stm32h7xx_hal_msp.o
                0x0000000008002b9c                HAL_MspInit
 .text.HAL_InitTick
                0x0000000008002bd0       0x94 ./Core/Src/stm32h7xx_hal_timebase_tim.o
                0x0000000008002bd0                HAL_InitTick
 .text.NMI_Handler
                0x0000000008002c64        0x4 ./Core/Src/stm32h7xx_it.o
                0x0000000008002c64                NMI_Handler
 .text.HardFault_Handler
                0x0000000008002c68        0x4 ./Core/Src/stm32h7xx_it.o
                0x0000000008002c68                HardFault_Handler
 .text.MemManage_Handler
                0x0000000008002c6c        0x4 ./Core/Src/stm32h7xx_it.o
                0x0000000008002c6c                MemManage_Handler
 .text.BusFault_Handler
                0x0000000008002c70        0x4 ./Core/Src/stm32h7xx_it.o
                0x0000000008002c70                BusFault_Handler
 .text.UsageFault_Handler
                0x0000000008002c74        0x4 ./Core/Src/stm32h7xx_it.o
                0x0000000008002c74                UsageFault_Handler
 .text.DebugMon_Handler
                0x0000000008002c78        0x4 ./Core/Src/stm32h7xx_it.o
                0x0000000008002c78                DebugMon_Handler
 .text.EXTI9_5_IRQHandler
                0x0000000008002c7c        0x8 ./Core/Src/stm32h7xx_it.o
                0x0000000008002c7c                EXTI9_5_IRQHandler
 .text.TIM1_UP_IRQHandler
                0x0000000008002c84        0xc ./Core/Src/stm32h7xx_it.o
                0x0000000008002c84                TIM1_UP_IRQHandler
 .text.SPI1_IRQHandler
                0x0000000008002c90        0xc ./Core/Src/stm32h7xx_it.o
                0x0000000008002c90                SPI1_IRQHandler
 .text.EXTI15_10_IRQHandler
                0x0000000008002c9c        0x8 ./Core/Src/stm32h7xx_it.o
                0x0000000008002c9c                EXTI15_10_IRQHandler
 .text._getpid  0x0000000008002ca4        0x4 ./Core/Src/syscalls.o
                0x0000000008002ca4                _getpid
 .text._kill    0x0000000008002ca8       0x14 ./Core/Src/syscalls.o
                0x0000000008002ca8                _kill
 .text._exit    0x0000000008002cbc        0xc ./Core/Src/syscalls.o
                0x0000000008002cbc                _exit
 .text._close   0x0000000008002cc8        0x8 ./Core/Src/syscalls.o
                0x0000000008002cc8                _close
 .text._fstat   0x0000000008002cd0        0xc ./Core/Src/syscalls.o
                0x0000000008002cd0                _fstat
 .text._isatty  0x0000000008002cdc        0x4 ./Core/Src/syscalls.o
                0x0000000008002cdc                _isatty
 .text._lseek   0x0000000008002ce0        0x4 ./Core/Src/syscalls.o
                0x0000000008002ce0                _lseek
 .text._sbrk    0x0000000008002ce4       0x48 ./Core/Src/sysmem.o
                0x0000000008002ce4                _sbrk
 .text.SystemInit
                0x0000000008002d2c       0xcc ./Core/Src/system_stm32h7xx.o
                0x0000000008002d2c                SystemInit
 .text.SystemCoreClockUpdate
                0x0000000008002df8      0x16c ./Core/Src/system_stm32h7xx.o
                0x0000000008002df8                SystemCoreClockUpdate
 .text.MX_UART4_Init
                0x0000000008002f64       0x88 ./Core/Src/usart.o
                0x0000000008002f64                MX_UART4_Init
 *fill*         0x0000000008002fec        0x4 
 .text.HAL_UART_MspInit
                0x0000000008002ff0       0x7c ./Core/Src/usart.o
                0x0000000008002ff0                HAL_UART_MspInit
 .text.my_ftoa  0x000000000800306c      0x300 ./Core/Src/utils.o
                0x000000000800306c                my_ftoa
 .text.Reset_Handler
                0x000000000800336c       0x50 ./Core/Startup/startup_stm32h750vbtx.o
                0x000000000800336c                Reset_Handler
 .text.Default_Handler
                0x00000000080033bc        0x2 ./Core/Startup/startup_stm32h750vbtx.o
                0x00000000080033bc                RTC_Alarm_IRQHandler
                0x00000000080033bc                HASH_RNG_IRQHandler
                0x00000000080033bc                EXTI2_IRQHandler
                0x00000000080033bc                TIM8_CC_IRQHandler
                0x00000000080033bc                HRTIM1_Master_IRQHandler
                0x00000000080033bc                UART8_IRQHandler
                0x00000000080033bc                SPI4_IRQHandler
                0x00000000080033bc                TIM1_CC_IRQHandler
                0x00000000080033bc                BDMA_Channel6_IRQHandler
                0x00000000080033bc                DMA2_Stream5_IRQHandler
                0x00000000080033bc                HRTIM1_FLT_IRQHandler
                0x00000000080033bc                JPEG_IRQHandler
                0x00000000080033bc                DMA1_Stream5_IRQHandler
                0x00000000080033bc                BDMA_Channel1_IRQHandler
                0x00000000080033bc                HRTIM1_TIMD_IRQHandler
                0x00000000080033bc                TAMP_STAMP_IRQHandler
                0x00000000080033bc                EXTI3_IRQHandler
                0x00000000080033bc                LPTIM4_IRQHandler
                0x00000000080033bc                TIM8_TRG_COM_TIM14_IRQHandler
                0x00000000080033bc                LPTIM2_IRQHandler
                0x00000000080033bc                DFSDM1_FLT1_IRQHandler
                0x00000000080033bc                DMAMUX2_OVR_IRQHandler
                0x00000000080033bc                TIM8_UP_TIM13_IRQHandler
                0x00000000080033bc                I2C3_ER_IRQHandler
                0x00000000080033bc                DFSDM1_FLT2_IRQHandler
                0x00000000080033bc                MDMA_IRQHandler
                0x00000000080033bc                LPTIM3_IRQHandler
                0x00000000080033bc                HSEM1_IRQHandler
                0x00000000080033bc                EXTI0_IRQHandler
                0x00000000080033bc                I2C2_EV_IRQHandler
                0x00000000080033bc                DMA1_Stream2_IRQHandler
                0x00000000080033bc                FPU_IRQHandler
                0x00000000080033bc                OTG_HS_WKUP_IRQHandler
                0x00000000080033bc                FDCAN1_IT1_IRQHandler
                0x00000000080033bc                LTDC_ER_IRQHandler
                0x00000000080033bc                DMA2_Stream2_IRQHandler
                0x00000000080033bc                HRTIM1_TIME_IRQHandler
                0x00000000080033bc                TIM6_DAC_IRQHandler
                0x00000000080033bc                DCMI_IRQHandler
                0x00000000080033bc                HRTIM1_TIMC_IRQHandler
                0x00000000080033bc                DMA2_Stream3_IRQHandler
                0x00000000080033bc                SAI2_IRQHandler
                0x00000000080033bc                DFSDM1_FLT3_IRQHandler
                0x00000000080033bc                USART6_IRQHandler
                0x00000000080033bc                TIM17_IRQHandler
                0x00000000080033bc                USART3_IRQHandler
                0x00000000080033bc                BDMA_Channel7_IRQHandler
                0x00000000080033bc                CRYP_IRQHandler
                0x00000000080033bc                LPTIM5_IRQHandler
                0x00000000080033bc                UART5_IRQHandler
                0x00000000080033bc                ADC3_IRQHandler
                0x00000000080033bc                DMA2_Stream0_IRQHandler
                0x00000000080033bc                TIM4_IRQHandler
                0x00000000080033bc                BDMA_Channel2_IRQHandler
                0x00000000080033bc                QUADSPI_IRQHandler
                0x00000000080033bc                I2C1_EV_IRQHandler
                0x00000000080033bc                DMA1_Stream6_IRQHandler
                0x00000000080033bc                DMAMUX1_OVR_IRQHandler
                0x00000000080033bc                DMA1_Stream1_IRQHandler
                0x00000000080033bc                TIM16_IRQHandler
                0x00000000080033bc                UART4_IRQHandler
                0x00000000080033bc                BDMA_Channel5_IRQHandler
                0x00000000080033bc                TIM3_IRQHandler
                0x00000000080033bc                RCC_IRQHandler
                0x00000000080033bc                TIM8_BRK_TIM12_IRQHandler
                0x00000000080033bc                TIM1_TRG_COM_IRQHandler
                0x00000000080033bc                Default_Handler
                0x00000000080033bc                ECC_IRQHandler
                0x00000000080033bc                CEC_IRQHandler
                0x00000000080033bc                BDMA_Channel0_IRQHandler
                0x00000000080033bc                ADC_IRQHandler
                0x00000000080033bc                DMA1_Stream7_IRQHandler
                0x00000000080033bc                HRTIM1_TIMA_IRQHandler
                0x00000000080033bc                SPI5_IRQHandler
                0x00000000080033bc                TIM7_IRQHandler
                0x00000000080033bc                SDMMC1_IRQHandler
                0x00000000080033bc                TIM5_IRQHandler
                0x00000000080033bc                DMA2_Stream7_IRQHandler
                0x00000000080033bc                TIM15_IRQHandler
                0x00000000080033bc                PVD_AVD_IRQHandler
                0x00000000080033bc                I2C3_EV_IRQHandler
                0x00000000080033bc                RTC_WKUP_IRQHandler
                0x00000000080033bc                LTDC_IRQHandler
                0x00000000080033bc                SAI3_IRQHandler
                0x00000000080033bc                ETH_WKUP_IRQHandler
                0x00000000080033bc                SPDIF_RX_IRQHandler
                0x00000000080033bc                SPI2_IRQHandler
                0x00000000080033bc                OTG_HS_EP1_IN_IRQHandler
                0x00000000080033bc                DMA1_Stream0_IRQHandler
                0x00000000080033bc                CRS_IRQHandler
                0x00000000080033bc                EXTI4_IRQHandler
                0x00000000080033bc                HRTIM1_TIMB_IRQHandler
                0x00000000080033bc                FDCAN2_IT1_IRQHandler
                0x00000000080033bc                ETH_IRQHandler
                0x00000000080033bc                BDMA_Channel4_IRQHandler
                0x00000000080033bc                OTG_HS_EP1_OUT_IRQHandler
                0x00000000080033bc                WWDG_IRQHandler
                0x00000000080033bc                SPI6_IRQHandler
                0x00000000080033bc                MDIOS_IRQHandler
                0x00000000080033bc                I2C4_EV_IRQHandler
                0x00000000080033bc                FDCAN2_IT0_IRQHandler
                0x00000000080033bc                LPUART1_IRQHandler
                0x00000000080033bc                FDCAN1_IT0_IRQHandler
                0x00000000080033bc                TIM2_IRQHandler
                0x00000000080033bc                OTG_FS_WKUP_IRQHandler
                0x00000000080033bc                OTG_HS_IRQHandler
                0x00000000080033bc                DMA2D_IRQHandler
                0x00000000080033bc                TIM1_BRK_IRQHandler
                0x00000000080033bc                EXTI1_IRQHandler
                0x00000000080033bc                SDMMC2_IRQHandler
                0x00000000080033bc                OTG_FS_EP1_OUT_IRQHandler
                0x00000000080033bc                BDMA_Channel3_IRQHandler
                0x00000000080033bc                UART7_IRQHandler
                0x00000000080033bc                MDIOS_WKUP_IRQHandler
                0x00000000080033bc                USART2_IRQHandler
                0x00000000080033bc                DFSDM1_FLT0_IRQHandler
                0x00000000080033bc                SAI4_IRQHandler
                0x00000000080033bc                I2C2_ER_IRQHandler
                0x00000000080033bc                DMA2_Stream1_IRQHandler
                0x00000000080033bc                FLASH_IRQHandler
                0x00000000080033bc                DMA2_Stream4_IRQHandler
                0x00000000080033bc                USART1_IRQHandler
                0x00000000080033bc                OTG_FS_IRQHandler
                0x00000000080033bc                SPI3_IRQHandler
                0x00000000080033bc                WAKEUP_PIN_IRQHandler
                0x00000000080033bc                DMA1_Stream4_IRQHandler
                0x00000000080033bc                OTG_FS_EP1_IN_IRQHandler
                0x00000000080033bc                I2C1_ER_IRQHandler
                0x00000000080033bc                FMC_IRQHandler
                0x00000000080033bc                FDCAN_CAL_IRQHandler
                0x00000000080033bc                SWPMI1_IRQHandler
                0x00000000080033bc                COMP1_IRQHandler
                0x00000000080033bc                LPTIM1_IRQHandler
                0x00000000080033bc                I2C4_ER_IRQHandler
                0x00000000080033bc                DMA2_Stream6_IRQHandler
                0x00000000080033bc                SAI1_IRQHandler
                0x00000000080033bc                DMA1_Stream3_IRQHandler
 *fill*         0x00000000080033be        0x2 
 .text.HAL_Init
                0x00000000080033c0       0x60 ./Drivers/STM32H7xx_HAL_Driver/Src/stm32h7xx_hal.o
                0x00000000080033c0                HAL_Init
 .text.HAL_IncTick
                0x0000000008003420       0x18 ./Drivers/STM32H7xx_HAL_Driver/Src/stm32h7xx_hal.o
                0x0000000008003420                HAL_IncTick
 .text.HAL_GetTick
                0x0000000008003438        0xc ./Drivers/STM32H7xx_HAL_Driver/Src/stm32h7xx_hal.o
                0x0000000008003438                HAL_GetTick
 .text.HAL_Delay
                0x0000000008003444       0x24 ./Drivers/STM32H7xx_HAL_Driver/Src/stm32h7xx_hal.o
                0x0000000008003444                HAL_Delay
 .text.HAL_GetREVID
                0x0000000008003468        0xc ./Drivers/STM32H7xx_HAL_Driver/Src/stm32h7xx_hal.o
                0x0000000008003468                HAL_GetREVID
 .text.HAL_NVIC_SetPriorityGrouping
                0x0000000008003474       0x24 ./Drivers/STM32H7xx_HAL_Driver/Src/stm32h7xx_hal_cortex.o
                0x0000000008003474                HAL_NVIC_SetPriorityGrouping
 .text.HAL_NVIC_SetPriority
                0x0000000008003498       0x7c ./Drivers/STM32H7xx_HAL_Driver/Src/stm32h7xx_hal_cortex.o
                0x0000000008003498                HAL_NVIC_SetPriority
 .text.HAL_NVIC_EnableIRQ
                0x0000000008003514       0x1c ./Drivers/STM32H7xx_HAL_Driver/Src/stm32h7xx_hal_cortex.o
                0x0000000008003514                HAL_NVIC_EnableIRQ
 .text.HAL_DMA_Abort_IT
                0x0000000008003530      0x194 ./Drivers/STM32H7xx_HAL_Driver/Src/stm32h7xx_hal_dma.o
                0x0000000008003530                HAL_DMA_Abort_IT
 .text.HAL_GPIO_Init
                0x00000000080036c4      0x274 ./Drivers/STM32H7xx_HAL_Driver/Src/stm32h7xx_hal_gpio.o
                0x00000000080036c4                HAL_GPIO_Init
 .text.HAL_GPIO_ReadPin
                0x0000000008003938        0xc ./Drivers/STM32H7xx_HAL_Driver/Src/stm32h7xx_hal_gpio.o
                0x0000000008003938                HAL_GPIO_ReadPin
 .text.HAL_GPIO_WritePin
                0x0000000008003944        0x8 ./Drivers/STM32H7xx_HAL_Driver/Src/stm32h7xx_hal_gpio.o
                0x0000000008003944                HAL_GPIO_WritePin
 .text.HAL_GPIO_EXTI_IRQHandler
                0x000000000800394c       0x1c ./Drivers/STM32H7xx_HAL_Driver/Src/stm32h7xx_hal_gpio.o
                0x000000000800394c                HAL_GPIO_EXTI_IRQHandler
 .text.HAL_PWREx_ConfigSupply
                0x0000000008003968       0x48 ./Drivers/STM32H7xx_HAL_Driver/Src/stm32h7xx_hal_pwr_ex.o
                0x0000000008003968                HAL_PWREx_ConfigSupply
 .text.HAL_RCC_GetSysClockFreq.part.0
                0x00000000080039b0      0x108 ./Drivers/STM32H7xx_HAL_Driver/Src/stm32h7xx_hal_rcc.o
 .text.HAL_RCC_OscConfig
                0x0000000008003ab8      0x5e8 ./Drivers/STM32H7xx_HAL_Driver/Src/stm32h7xx_hal_rcc.o
                0x0000000008003ab8                HAL_RCC_OscConfig
 .text.HAL_RCC_GetSysClockFreq
                0x00000000080040a0      0x140 ./Drivers/STM32H7xx_HAL_Driver/Src/stm32h7xx_hal_rcc.o
                0x00000000080040a0                HAL_RCC_GetSysClockFreq
 .text.HAL_RCC_ClockConfig
                0x00000000080041e0      0x250 ./Drivers/STM32H7xx_HAL_Driver/Src/stm32h7xx_hal_rcc.o
                0x00000000080041e0                HAL_RCC_ClockConfig
 .text.HAL_RCC_GetHCLKFreq
                0x0000000008004430       0x80 ./Drivers/STM32H7xx_HAL_Driver/Src/stm32h7xx_hal_rcc.o
                0x0000000008004430                HAL_RCC_GetHCLKFreq
 .text.HAL_RCC_GetPCLK1Freq
                0x00000000080044b0       0x90 ./Drivers/STM32H7xx_HAL_Driver/Src/stm32h7xx_hal_rcc.o
                0x00000000080044b0                HAL_RCC_GetPCLK1Freq
 .text.HAL_RCC_GetPCLK2Freq
                0x0000000008004540       0x90 ./Drivers/STM32H7xx_HAL_Driver/Src/stm32h7xx_hal_rcc.o
                0x0000000008004540                HAL_RCC_GetPCLK2Freq
 .text.HAL_RCC_GetClockConfig
                0x00000000080045d0       0x58 ./Drivers/STM32H7xx_HAL_Driver/Src/stm32h7xx_hal_rcc.o
                0x00000000080045d0                HAL_RCC_GetClockConfig
 .text.RCCEx_PLL2_Config
                0x0000000008004628       0xf4 ./Drivers/STM32H7xx_HAL_Driver/Src/stm32h7xx_hal_rcc_ex.o
 .text.RCCEx_PLL3_Config
                0x000000000800471c       0xf4 ./Drivers/STM32H7xx_HAL_Driver/Src/stm32h7xx_hal_rcc_ex.o
 .text.HAL_RCCEx_PeriphCLKConfig
                0x0000000008004810      0xbf8 ./Drivers/STM32H7xx_HAL_Driver/Src/stm32h7xx_hal_rcc_ex.o
                0x0000000008004810                HAL_RCCEx_PeriphCLKConfig
 .text.HAL_RCCEx_GetD3PCLK1Freq
                0x0000000008005408       0x24 ./Drivers/STM32H7xx_HAL_Driver/Src/stm32h7xx_hal_rcc_ex.o
                0x0000000008005408                HAL_RCCEx_GetD3PCLK1Freq
 .text.HAL_RCCEx_GetPLL2ClockFreq
                0x000000000800542c      0x158 ./Drivers/STM32H7xx_HAL_Driver/Src/stm32h7xx_hal_rcc_ex.o
                0x000000000800542c                HAL_RCCEx_GetPLL2ClockFreq
 .text.HAL_RCCEx_GetPLL3ClockFreq
                0x0000000008005584      0x158 ./Drivers/STM32H7xx_HAL_Driver/Src/stm32h7xx_hal_rcc_ex.o
                0x0000000008005584                HAL_RCCEx_GetPLL3ClockFreq
 .text.SPI_CloseTransfer
                0x00000000080056dc       0xb8 ./Drivers/STM32H7xx_HAL_Driver/Src/stm32h7xx_hal_spi.o
 .text.HAL_SPI_Init
                0x0000000008005794      0x1a8 ./Drivers/STM32H7xx_HAL_Driver/Src/stm32h7xx_hal_spi.o
                0x0000000008005794                HAL_SPI_Init
 .text.HAL_SPI_Transmit
                0x000000000800593c      0x32c ./Drivers/STM32H7xx_HAL_Driver/Src/stm32h7xx_hal_spi.o
                0x000000000800593c                HAL_SPI_Transmit
 .text.HAL_SPI_TransmitReceive
                0x0000000008005c68      0x3a8 ./Drivers/STM32H7xx_HAL_Driver/Src/stm32h7xx_hal_spi.o
                0x0000000008005c68                HAL_SPI_TransmitReceive
 .text.HAL_SPI_TxCpltCallback
                0x0000000008006010        0x4 ./Drivers/STM32H7xx_HAL_Driver/Src/stm32h7xx_hal_spi.o
                0x0000000008006010                HAL_SPI_TxCpltCallback
 .text.HAL_SPI_RxCpltCallback
                0x0000000008006014        0x4 ./Drivers/STM32H7xx_HAL_Driver/Src/stm32h7xx_hal_spi.o
                0x0000000008006014                HAL_SPI_RxCpltCallback
 .text.HAL_SPI_TxRxCpltCallback
                0x0000000008006018        0x4 ./Drivers/STM32H7xx_HAL_Driver/Src/stm32h7xx_hal_spi.o
                0x0000000008006018                HAL_SPI_TxRxCpltCallback
 .text.HAL_SPI_ErrorCallback
                0x000000000800601c        0x4 ./Drivers/STM32H7xx_HAL_Driver/Src/stm32h7xx_hal_spi.o
                0x000000000800601c                HAL_SPI_ErrorCallback
 .text.SPI_DMAAbortOnError
                0x0000000008006020       0x1c ./Drivers/STM32H7xx_HAL_Driver/Src/stm32h7xx_hal_spi.o
 .text.HAL_SPI_SuspendCallback
                0x000000000800603c        0x4 ./Drivers/STM32H7xx_HAL_Driver/Src/stm32h7xx_hal_spi.o
                0x000000000800603c                HAL_SPI_SuspendCallback
 .text.HAL_SPI_IRQHandler
                0x0000000008006040      0x214 ./Drivers/STM32H7xx_HAL_Driver/Src/stm32h7xx_hal_spi.o
                0x0000000008006040                HAL_SPI_IRQHandler
 .text.HAL_TIM_Base_MspInit
                0x0000000008006254        0x4 ./Drivers/STM32H7xx_HAL_Driver/Src/stm32h7xx_hal_tim.o
                0x0000000008006254                HAL_TIM_Base_MspInit
 .text.HAL_TIM_Base_Init
                0x0000000008006258      0x16c ./Drivers/STM32H7xx_HAL_Driver/Src/stm32h7xx_hal_tim.o
                0x0000000008006258                HAL_TIM_Base_Init
 .text.HAL_TIM_Base_Start_IT
                0x00000000080063c4       0xb8 ./Drivers/STM32H7xx_HAL_Driver/Src/stm32h7xx_hal_tim.o
                0x00000000080063c4                HAL_TIM_Base_Start_IT
 .text.HAL_TIM_OC_DelayElapsedCallback
                0x000000000800647c        0x4 ./Drivers/STM32H7xx_HAL_Driver/Src/stm32h7xx_hal_tim.o
                0x000000000800647c                HAL_TIM_OC_DelayElapsedCallback
 .text.HAL_TIM_IC_CaptureCallback
                0x0000000008006480        0x4 ./Drivers/STM32H7xx_HAL_Driver/Src/stm32h7xx_hal_tim.o
                0x0000000008006480                HAL_TIM_IC_CaptureCallback
 .text.HAL_TIM_PWM_PulseFinishedCallback
                0x0000000008006484        0x4 ./Drivers/STM32H7xx_HAL_Driver/Src/stm32h7xx_hal_tim.o
                0x0000000008006484                HAL_TIM_PWM_PulseFinishedCallback
 .text.HAL_TIM_TriggerCallback
                0x0000000008006488        0x4 ./Drivers/STM32H7xx_HAL_Driver/Src/stm32h7xx_hal_tim.o
                0x0000000008006488                HAL_TIM_TriggerCallback
 .text.HAL_TIM_IRQHandler
                0x000000000800648c      0x170 ./Drivers/STM32H7xx_HAL_Driver/Src/stm32h7xx_hal_tim.o
                0x000000000800648c                HAL_TIM_IRQHandler
 .text.HAL_TIMEx_CommutCallback
                0x00000000080065fc        0x4 ./Drivers/STM32H7xx_HAL_Driver/Src/stm32h7xx_hal_tim_ex.o
                0x00000000080065fc                HAL_TIMEx_CommutCallback
 .text.HAL_TIMEx_BreakCallback
                0x0000000008006600        0x4 ./Drivers/STM32H7xx_HAL_Driver/Src/stm32h7xx_hal_tim_ex.o
                0x0000000008006600                HAL_TIMEx_BreakCallback
 .text.HAL_TIMEx_Break2Callback
                0x0000000008006604        0x4 ./Drivers/STM32H7xx_HAL_Driver/Src/stm32h7xx_hal_tim_ex.o
                0x0000000008006604                HAL_TIMEx_Break2Callback
 .text.HAL_UART_Transmit
                0x0000000008006608      0x27c ./Drivers/STM32H7xx_HAL_Driver/Src/stm32h7xx_hal_uart.o
                0x0000000008006608                HAL_UART_Transmit
 .text.HAL_UART_Receive
                0x0000000008006884      0x1f8 ./Drivers/STM32H7xx_HAL_Driver/Src/stm32h7xx_hal_uart.o
                0x0000000008006884                HAL_UART_Receive
 .text.UART_SetConfig
                0x0000000008006a7c      0x534 ./Drivers/STM32H7xx_HAL_Driver/Src/stm32h7xx_hal_uart.o
                0x0000000008006a7c                UART_SetConfig
 .text.UART_AdvFeatureConfig
                0x0000000008006fb0       0xb0 ./Drivers/STM32H7xx_HAL_Driver/Src/stm32h7xx_hal_uart.o
                0x0000000008006fb0                UART_AdvFeatureConfig
 .text.UART_CheckIdleState
                0x0000000008007060      0x260 ./Drivers/STM32H7xx_HAL_Driver/Src/stm32h7xx_hal_uart.o
                0x0000000008007060                UART_CheckIdleState
 .text.HAL_UART_Init
                0x00000000080072c0       0x68 ./Drivers/STM32H7xx_HAL_Driver/Src/stm32h7xx_hal_uart.o
                0x00000000080072c0                HAL_UART_Init
 .text.HAL_UARTEx_DisableFifoMode
                0x0000000008007328       0x3c ./Drivers/STM32H7xx_HAL_Driver/Src/stm32h7xx_hal_uart_ex.o
                0x0000000008007328                HAL_UARTEx_DisableFifoMode
 .text.HAL_UARTEx_SetTxFifoThreshold
                0x0000000008007364       0x84 ./Drivers/STM32H7xx_HAL_Driver/Src/stm32h7xx_hal_uart_ex.o
                0x0000000008007364                HAL_UARTEx_SetTxFifoThreshold
 .text.HAL_UARTEx_SetRxFifoThreshold
                0x00000000080073e8       0x84 ./Drivers/STM32H7xx_HAL_Driver/Src/stm32h7xx_hal_uart_ex.o
                0x00000000080073e8                HAL_UARTEx_SetRxFifoThreshold
 .text.SysTick_Handler
                0x000000000800746c       0x1c ./Middlewares/Third_Party/FreeRTOS/Source/CMSIS_RTOS_V2/cmsis_os2.o
                0x000000000800746c                SysTick_Handler
 .text.osKernelInitialize
                0x0000000008007488       0x24 ./Middlewares/Third_Party/FreeRTOS/Source/CMSIS_RTOS_V2/cmsis_os2.o
                0x0000000008007488                osKernelInitialize
 .text.osKernelStart
                0x00000000080074ac       0x34 ./Middlewares/Third_Party/FreeRTOS/Source/CMSIS_RTOS_V2/cmsis_os2.o
                0x00000000080074ac                osKernelStart
 .text.osThreadNew
                0x00000000080074e0       0x94 ./Middlewares/Third_Party/FreeRTOS/Source/CMSIS_RTOS_V2/cmsis_os2.o
                0x00000000080074e0                osThreadNew
 .text.osThreadTerminate
                0x0000000008007574       0x30 ./Middlewares/Third_Party/FreeRTOS/Source/CMSIS_RTOS_V2/cmsis_os2.o
                0x0000000008007574                osThreadTerminate
 .text.osDelay  0x00000000080075a4       0x1c ./Middlewares/Third_Party/FreeRTOS/Source/CMSIS_RTOS_V2/cmsis_os2.o
                0x00000000080075a4                osDelay
 .text.vApplicationGetIdleTaskMemory
                0x00000000080075c0       0x1c ./Middlewares/Third_Party/FreeRTOS/Source/CMSIS_RTOS_V2/cmsis_os2.o
                0x00000000080075c0                vApplicationGetIdleTaskMemory
 .text.vApplicationGetTimerTaskMemory
                0x00000000080075dc       0x20 ./Middlewares/Third_Party/FreeRTOS/Source/CMSIS_RTOS_V2/cmsis_os2.o
                0x00000000080075dc                vApplicationGetTimerTaskMemory
 .text.vListInitialise
                0x00000000080075fc       0x18 ./Middlewares/Third_Party/FreeRTOS/Source/list.o
                0x00000000080075fc                vListInitialise
 .text.vListInitialiseItem
                0x0000000008007614        0x8 ./Middlewares/Third_Party/FreeRTOS/Source/list.o
                0x0000000008007614                vListInitialiseItem
 .text.vListInsertEnd
                0x000000000800761c       0x20 ./Middlewares/Third_Party/FreeRTOS/Source/list.o
                0x000000000800761c                vListInsertEnd
 .text.vListInsert
                0x000000000800763c       0x30 ./Middlewares/Third_Party/FreeRTOS/Source/list.o
                0x000000000800763c                vListInsert
 .text.uxListRemove
                0x000000000800766c       0x28 ./Middlewares/Third_Party/FreeRTOS/Source/list.o
                0x000000000800766c                uxListRemove
 .text.prvCopyDataToQueue
                0x0000000008007694       0x84 ./Middlewares/Third_Party/FreeRTOS/Source/queue.o
 .text.xQueueGenericCreateStatic
                0x0000000008007718       0xd8 ./Middlewares/Third_Party/FreeRTOS/Source/queue.o
                0x0000000008007718                xQueueGenericCreateStatic
 .text.xQueueGenericSend
                0x00000000080077f0      0x304 ./Middlewares/Third_Party/FreeRTOS/Source/queue.o
                0x00000000080077f0                xQueueGenericSend
 .text.xQueueReceive
                0x0000000008007af4      0x304 ./Middlewares/Third_Party/FreeRTOS/Source/queue.o
                0x0000000008007af4                xQueueReceive
 .text.vQueueAddToRegistry
                0x0000000008007df8       0x50 ./Middlewares/Third_Party/FreeRTOS/Source/queue.o
                0x0000000008007df8                vQueueAddToRegistry
 .text.vQueueWaitForMessageRestricted
                0x0000000008007e48       0xc8 ./Middlewares/Third_Party/FreeRTOS/Source/queue.o
                0x0000000008007e48                vQueueWaitForMessageRestricted
 .text.prvAddNewTaskToReadyList
                0x0000000008007f10      0x110 ./Middlewares/Third_Party/FreeRTOS/Source/tasks.o
 .text.prvInitialiseNewTask.constprop.0
                0x0000000008008020      0x158 ./Middlewares/Third_Party/FreeRTOS/Source/tasks.o
 .text.prvIdleTask
                0x0000000008008178       0xa0 ./Middlewares/Third_Party/FreeRTOS/Source/tasks.o
 .text.xTaskIncrementTick.part.0
                0x0000000008008218      0x150 ./Middlewares/Third_Party/FreeRTOS/Source/tasks.o
 .text.xTaskResumeAll.part.0
                0x0000000008008368      0x134 ./Middlewares/Third_Party/FreeRTOS/Source/tasks.o
 .text.xTaskCreateStatic
                0x000000000800849c       0x74 ./Middlewares/Third_Party/FreeRTOS/Source/tasks.o
                0x000000000800849c                xTaskCreateStatic
 .text.xTaskCreate
                0x0000000008008510       0x64 ./Middlewares/Third_Party/FreeRTOS/Source/tasks.o
                0x0000000008008510                xTaskCreate
 .text.vTaskDelete
                0x0000000008008574      0x10c ./Middlewares/Third_Party/FreeRTOS/Source/tasks.o
                0x0000000008008574                vTaskDelete
 .text.vTaskDelay
                0x0000000008008680       0xac ./Middlewares/Third_Party/FreeRTOS/Source/tasks.o
                0x0000000008008680                vTaskDelay
 .text.eTaskGetState
                0x000000000800872c       0x80 ./Middlewares/Third_Party/FreeRTOS/Source/tasks.o
                0x000000000800872c                eTaskGetState
 .text.vTaskStartScheduler
                0x00000000080087ac       0xf8 ./Middlewares/Third_Party/FreeRTOS/Source/tasks.o
                0x00000000080087ac                vTaskStartScheduler
 .text.vTaskSuspendAll
                0x00000000080088a4       0x10 ./Middlewares/Third_Party/FreeRTOS/Source/tasks.o
                0x00000000080088a4                vTaskSuspendAll
 .text.xTaskResumeAll
                0x00000000080088b4       0x20 ./Middlewares/Third_Party/FreeRTOS/Source/tasks.o
                0x00000000080088b4                xTaskResumeAll
 .text.xTaskGetTickCount
                0x00000000080088d4        0xc ./Middlewares/Third_Party/FreeRTOS/Source/tasks.o
                0x00000000080088d4                xTaskGetTickCount
 .text.xTaskIncrementTick
                0x00000000080088e0       0x20 ./Middlewares/Third_Party/FreeRTOS/Source/tasks.o
                0x00000000080088e0                xTaskIncrementTick
 .text.vTaskSwitchContext
                0x0000000008008900       0x94 ./Middlewares/Third_Party/FreeRTOS/Source/tasks.o
                0x0000000008008900                vTaskSwitchContext
 .text.vTaskPlaceOnEventList
                0x0000000008008994       0x88 ./Middlewares/Third_Party/FreeRTOS/Source/tasks.o
                0x0000000008008994                vTaskPlaceOnEventList
 .text.vTaskPlaceOnEventListRestricted
                0x0000000008008a1c       0x94 ./Middlewares/Third_Party/FreeRTOS/Source/tasks.o
                0x0000000008008a1c                vTaskPlaceOnEventListRestricted
 .text.xTaskRemoveFromEventList
                0x0000000008008ab0       0x94 ./Middlewares/Third_Party/FreeRTOS/Source/tasks.o
                0x0000000008008ab0                xTaskRemoveFromEventList
 .text.vTaskInternalSetTimeOutState
                0x0000000008008b44       0x18 ./Middlewares/Third_Party/FreeRTOS/Source/tasks.o
                0x0000000008008b44                vTaskInternalSetTimeOutState
 .text.xTaskCheckForTimeOut
                0x0000000008008b5c       0x90 ./Middlewares/Third_Party/FreeRTOS/Source/tasks.o
                0x0000000008008b5c                xTaskCheckForTimeOut
 .text.vTaskMissedYield
                0x0000000008008bec        0xc ./Middlewares/Third_Party/FreeRTOS/Source/tasks.o
                0x0000000008008bec                vTaskMissedYield
 .text.xTaskGetSchedulerState
                0x0000000008008bf8       0x20 ./Middlewares/Third_Party/FreeRTOS/Source/tasks.o
                0x0000000008008bf8                xTaskGetSchedulerState
 .text.xTaskPriorityDisinherit
                0x0000000008008c18       0x8c ./Middlewares/Third_Party/FreeRTOS/Source/tasks.o
                0x0000000008008c18                xTaskPriorityDisinherit
 .text.prvSwitchTimerLists
                0x0000000008008ca4       0x9c ./Middlewares/Third_Party/FreeRTOS/Source/timers.o
 .text.prvTimerTask
                0x0000000008008d40      0x294 ./Middlewares/Third_Party/FreeRTOS/Source/timers.o
 .text.xTimerCreateTimerTask
                0x0000000008008fd4       0xbc ./Middlewares/Third_Party/FreeRTOS/Source/timers.o
                0x0000000008008fd4                xTimerCreateTimerTask
 .text.prvPortStartFirstTask
                0x0000000008009090       0x28 ./Middlewares/Third_Party/FreeRTOS/Source/portable/GCC/ARM_CM4F/port.o
 .text.vPortEnableVFP
                0x00000000080090b8       0x14 ./Middlewares/Third_Party/FreeRTOS/Source/portable/GCC/ARM_CM4F/port.o
 .text.prvTaskExitError
                0x00000000080090cc       0x40 ./Middlewares/Third_Party/FreeRTOS/Source/portable/GCC/ARM_CM4F/port.o
 .text.pxPortInitialiseStack
                0x000000000800910c       0x30 ./Middlewares/Third_Party/FreeRTOS/Source/portable/GCC/ARM_CM4F/port.o
                0x000000000800910c                pxPortInitialiseStack
 *fill*         0x000000000800913c        0x4 
 .text.SVC_Handler
                0x0000000008009140       0x24 ./Middlewares/Third_Party/FreeRTOS/Source/portable/GCC/ARM_CM4F/port.o
                0x0000000008009140                SVC_Handler
 .text.vPortEnterCritical
                0x0000000008009164       0x44 ./Middlewares/Third_Party/FreeRTOS/Source/portable/GCC/ARM_CM4F/port.o
                0x0000000008009164                vPortEnterCritical
 .text.vPortExitCritical
                0x00000000080091a8       0x28 ./Middlewares/Third_Party/FreeRTOS/Source/portable/GCC/ARM_CM4F/port.o
                0x00000000080091a8                vPortExitCritical
 .text.PendSV_Handler
                0x00000000080091d0       0x64 ./Middlewares/Third_Party/FreeRTOS/Source/portable/GCC/ARM_CM4F/port.o
                0x00000000080091d0                PendSV_Handler
 .text.xPortSysTickHandler
                0x0000000008009234       0x2c ./Middlewares/Third_Party/FreeRTOS/Source/portable/GCC/ARM_CM4F/port.o
                0x0000000008009234                xPortSysTickHandler
 .text.vPortSetupTimerInterrupt
                0x0000000008009260       0x28 ./Middlewares/Third_Party/FreeRTOS/Source/portable/GCC/ARM_CM4F/port.o
                0x0000000008009260                vPortSetupTimerInterrupt
 .text.xPortStartScheduler
                0x0000000008009288      0x140 ./Middlewares/Third_Party/FreeRTOS/Source/portable/GCC/ARM_CM4F/port.o
                0x0000000008009288                xPortStartScheduler
 .text.pvPortMalloc
                0x00000000080093c8      0x178 ./Middlewares/Third_Party/FreeRTOS/Source/portable/MemMang/heap_4.o
                0x00000000080093c8                pvPortMalloc
 .text.vPortFree
                0x0000000008009540       0xc4 ./Middlewares/Third_Party/FreeRTOS/Source/portable/MemMang/heap_4.o
                0x0000000008009540                vPortFree
 .text._ZdlPvj  0x0000000008009604        0x4 c:/st/stm32cubeide_1.11.0/stm32cubeide/plugins/com.st.stm32cube.ide.mcu.externaltools.gnu-tools-for-stm32.10.3-2021.10.win32_1.0.200.202301161003/tools/bin/../lib/gcc/arm-none-eabi/10.3.1/../../../../arm-none-eabi/lib/thumb/v7e-m+dp/hard\libstdc++_nano.a(del_ops.o)
                0x0000000008009604                operator delete(void*, unsigned int)
 .text._Znwj    0x0000000008009608       0x22 c:/st/stm32cubeide_1.11.0/stm32cubeide/plugins/com.st.stm32cube.ide.mcu.externaltools.gnu-tools-for-stm32.10.3-2021.10.win32_1.0.200.202301161003/tools/bin/../lib/gcc/arm-none-eabi/10.3.1/../../../../arm-none-eabi/lib/thumb/v7e-m+dp/hard\libstdc++_nano.a(new_op.o)
                0x0000000008009608                operator new(unsigned int)
 .text.__cxa_pure_virtual
                0x000000000800962a        0x6 c:/st/stm32cubeide_1.11.0/stm32cubeide/plugins/com.st.stm32cube.ide.mcu.externaltools.gnu-tools-for-stm32.10.3-2021.10.win32_1.0.200.202301161003/tools/bin/../lib/gcc/arm-none-eabi/10.3.1/../../../../arm-none-eabi/lib/thumb/v7e-m+dp/hard\libstdc++_nano.a(pure.o)
                0x000000000800962a                __cxa_pure_virtual
 .text._ZdlPv   0x0000000008009630        0x4 c:/st/stm32cubeide_1.11.0/stm32cubeide/plugins/com.st.stm32cube.ide.mcu.externaltools.gnu-tools-for-stm32.10.3-2021.10.win32_1.0.200.202301161003/tools/bin/../lib/gcc/arm-none-eabi/10.3.1/../../../../arm-none-eabi/lib/thumb/v7e-m+dp/hard\libstdc++_nano.a(del_op.o)
                0x0000000008009630                operator delete(void*)
 .text._ZN10__cxxabiv111__terminateEPFvvE
                0x0000000008009634        0x8 c:/st/stm32cubeide_1.11.0/stm32cubeide/plugins/com.st.stm32cube.ide.mcu.externaltools.gnu-tools-for-stm32.10.3-2021.10.win32_1.0.200.202301161003/tools/bin/../lib/gcc/arm-none-eabi/10.3.1/../../../../arm-none-eabi/lib/thumb/v7e-m+dp/hard\libstdc++_nano.a(eh_terminate.o)
                0x0000000008009634                __cxxabiv1::__terminate(void (*)())
 .text._ZSt13get_terminatev
                0x000000000800963c       0x10 c:/st/stm32cubeide_1.11.0/stm32cubeide/plugins/com.st.stm32cube.ide.mcu.externaltools.gnu-tools-for-stm32.10.3-2021.10.win32_1.0.200.202301161003/tools/bin/../lib/gcc/arm-none-eabi/10.3.1/../../../../arm-none-eabi/lib/thumb/v7e-m+dp/hard\libstdc++_nano.a(eh_terminate.o)
                0x000000000800963c                std::get_terminate()
 .text._ZSt9terminatev
                0x000000000800964c        0xa c:/st/stm32cubeide_1.11.0/stm32cubeide/plugins/com.st.stm32cube.ide.mcu.externaltools.gnu-tools-for-stm32.10.3-2021.10.win32_1.0.200.202301161003/tools/bin/../lib/gcc/arm-none-eabi/10.3.1/../../../../arm-none-eabi/lib/thumb/v7e-m+dp/hard\libstdc++_nano.a(eh_terminate.o)
                0x000000000800964c                std::terminate()
 *fill*         0x0000000008009656        0x2 
 .text._ZSt15get_new_handlerv
                0x0000000008009658       0x10 c:/st/stm32cubeide_1.11.0/stm32cubeide/plugins/com.st.stm32cube.ide.mcu.externaltools.gnu-tools-for-stm32.10.3-2021.10.win32_1.0.200.202301161003/tools/bin/../lib/gcc/arm-none-eabi/10.3.1/../../../../arm-none-eabi/lib/thumb/v7e-m+dp/hard\libstdc++_nano.a(new_handler.o)
                0x0000000008009658                std::get_new_handler()
 .text.abort    0x0000000008009668        0xe c:/st/stm32cubeide_1.11.0/stm32cubeide/plugins/com.st.stm32cube.ide.mcu.externaltools.gnu-tools-for-stm32.10.3-2021.10.win32_1.0.200.202301161003/tools/bin/../lib/gcc/arm-none-eabi/10.3.1/../../../../arm-none-eabi/lib/thumb/v7e-m+dp/hard\libc_nano.a(lib_a-abort.o)
                0x0000000008009668                abort
 *fill*         0x0000000008009676        0x2 
 .text.__errno  0x0000000008009678        0xc c:/st/stm32cubeide_1.11.0/stm32cubeide/plugins/com.st.stm32cube.ide.mcu.externaltools.gnu-tools-for-stm32.10.3-2021.10.win32_1.0.200.202301161003/tools/bin/../lib/gcc/arm-none-eabi/10.3.1/../../../../arm-none-eabi/lib/thumb/v7e-m+dp/hard\libc_nano.a(lib_a-errno.o)
                0x0000000008009678                __errno
 .text.std      0x0000000008009684       0x48 c:/st/stm32cubeide_1.11.0/stm32cubeide/plugins/com.st.stm32cube.ide.mcu.externaltools.gnu-tools-for-stm32.10.3-2021.10.win32_1.0.200.202301161003/tools/bin/../lib/gcc/arm-none-eabi/10.3.1/../../../../arm-none-eabi/lib/thumb/v7e-m+dp/hard\libc_nano.a(lib_a-findfp.o)
 .text._cleanup_r
                0x00000000080096cc        0xc c:/st/stm32cubeide_1.11.0/stm32cubeide/plugins/com.st.stm32cube.ide.mcu.externaltools.gnu-tools-for-stm32.10.3-2021.10.win32_1.0.200.202301161003/tools/bin/../lib/gcc/arm-none-eabi/10.3.1/../../../../arm-none-eabi/lib/thumb/v7e-m+dp/hard\libc_nano.a(lib_a-findfp.o)
                0x00000000080096cc                _cleanup_r
 .text.__sfmoreglue
                0x00000000080096d8       0x2c c:/st/stm32cubeide_1.11.0/stm32cubeide/plugins/com.st.stm32cube.ide.mcu.externaltools.gnu-tools-for-stm32.10.3-2021.10.win32_1.0.200.202301161003/tools/bin/../lib/gcc/arm-none-eabi/10.3.1/../../../../arm-none-eabi/lib/thumb/v7e-m+dp/hard\libc_nano.a(lib_a-findfp.o)
                0x00000000080096d8                __sfmoreglue
 .text.__sfp_lock_acquire
                0x0000000008009704        0xc c:/st/stm32cubeide_1.11.0/stm32cubeide/plugins/com.st.stm32cube.ide.mcu.externaltools.gnu-tools-for-stm32.10.3-2021.10.win32_1.0.200.202301161003/tools/bin/../lib/gcc/arm-none-eabi/10.3.1/../../../../arm-none-eabi/lib/thumb/v7e-m+dp/hard\libc_nano.a(lib_a-findfp.o)
                0x0000000008009704                __sfp_lock_acquire
 .text.__sfp_lock_release
                0x0000000008009710        0xc c:/st/stm32cubeide_1.11.0/stm32cubeide/plugins/com.st.stm32cube.ide.mcu.externaltools.gnu-tools-for-stm32.10.3-2021.10.win32_1.0.200.202301161003/tools/bin/../lib/gcc/arm-none-eabi/10.3.1/../../../../arm-none-eabi/lib/thumb/v7e-m+dp/hard\libc_nano.a(lib_a-findfp.o)
                0x0000000008009710                __sfp_lock_release
 .text.__sinit_lock_acquire
                0x000000000800971c        0xc c:/st/stm32cubeide_1.11.0/stm32cubeide/plugins/com.st.stm32cube.ide.mcu.externaltools.gnu-tools-for-stm32.10.3-2021.10.win32_1.0.200.202301161003/tools/bin/../lib/gcc/arm-none-eabi/10.3.1/../../../../arm-none-eabi/lib/thumb/v7e-m+dp/hard\libc_nano.a(lib_a-findfp.o)
                0x000000000800971c                __sinit_lock_acquire
 .text.__sinit_lock_release
                0x0000000008009728        0xc c:/st/stm32cubeide_1.11.0/stm32cubeide/plugins/com.st.stm32cube.ide.mcu.externaltools.gnu-tools-for-stm32.10.3-2021.10.win32_1.0.200.202301161003/tools/bin/../lib/gcc/arm-none-eabi/10.3.1/../../../../arm-none-eabi/lib/thumb/v7e-m+dp/hard\libc_nano.a(lib_a-findfp.o)
                0x0000000008009728                __sinit_lock_release
 .text.__sinit  0x0000000008009734       0x70 c:/st/stm32cubeide_1.11.0/stm32cubeide/plugins/com.st.stm32cube.ide.mcu.externaltools.gnu-tools-for-stm32.10.3-2021.10.win32_1.0.200.202301161003/tools/bin/../lib/gcc/arm-none-eabi/10.3.1/../../../../arm-none-eabi/lib/thumb/v7e-m+dp/hard\libc_nano.a(lib_a-findfp.o)
                0x0000000008009734                __sinit
 .text.__sfp    0x00000000080097a4       0x8c c:/st/stm32cubeide_1.11.0/stm32cubeide/plugins/com.st.stm32cube.ide.mcu.externaltools.gnu-tools-for-stm32.10.3-2021.10.win32_1.0.200.202301161003/tools/bin/../lib/gcc/arm-none-eabi/10.3.1/../../../../arm-none-eabi/lib/thumb/v7e-m+dp/hard\libc_nano.a(lib_a-findfp.o)
                0x00000000080097a4                __sfp
 .text._fwalk_reent
                0x0000000008009830       0x3e c:/st/stm32cubeide_1.11.0/stm32cubeide/plugins/com.st.stm32cube.ide.mcu.externaltools.gnu-tools-for-stm32.10.3-2021.10.win32_1.0.200.202301161003/tools/bin/../lib/gcc/arm-none-eabi/10.3.1/../../../../arm-none-eabi/lib/thumb/v7e-m+dp/hard\libc_nano.a(lib_a-fwalk.o)
                0x0000000008009830                _fwalk_reent
 *fill*         0x000000000800986e        0x2 
 .text.__libc_init_array
                0x0000000008009870       0x48 c:/st/stm32cubeide_1.11.0/stm32cubeide/plugins/com.st.stm32cube.ide.mcu.externaltools.gnu-tools-for-stm32.10.3-2021.10.win32_1.0.200.202301161003/tools/bin/../lib/gcc/arm-none-eabi/10.3.1/../../../../arm-none-eabi/lib/thumb/v7e-m+dp/hard\libc_nano.a(lib_a-init.o)
                0x0000000008009870                __libc_init_array
 .text.__itoa   0x00000000080098b8       0x30 c:/st/stm32cubeide_1.11.0/stm32cubeide/plugins/com.st.stm32cube.ide.mcu.externaltools.gnu-tools-for-stm32.10.3-2021.10.win32_1.0.200.202301161003/tools/bin/../lib/gcc/arm-none-eabi/10.3.1/../../../../arm-none-eabi/lib/thumb/v7e-m+dp/hard\libc_nano.a(lib_a-itoa.o)
                0x00000000080098b8                __itoa
 .text.itoa     0x00000000080098e8        0x4 c:/st/stm32cubeide_1.11.0/stm32cubeide/plugins/com.st.stm32cube.ide.mcu.externaltools.gnu-tools-for-stm32.10.3-2021.10.win32_1.0.200.202301161003/tools/bin/../lib/gcc/arm-none-eabi/10.3.1/../../../../arm-none-eabi/lib/thumb/v7e-m+dp/hard\libc_nano.a(lib_a-itoa.o)
                0x00000000080098e8                itoa
 .text.__retarget_lock_init_recursive
                0x00000000080098ec        0x2 c:/st/stm32cubeide_1.11.0/stm32cubeide/plugins/com.st.stm32cube.ide.mcu.externaltools.gnu-tools-for-stm32.10.3-2021.10.win32_1.0.200.202301161003/tools/bin/../lib/gcc/arm-none-eabi/10.3.1/../../../../arm-none-eabi/lib/thumb/v7e-m+dp/hard\libc_nano.a(lib_a-lock.o)
                0x00000000080098ec                __retarget_lock_init_recursive
 .text.__retarget_lock_acquire_recursive
                0x00000000080098ee        0x2 c:/st/stm32cubeide_1.11.0/stm32cubeide/plugins/com.st.stm32cube.ide.mcu.externaltools.gnu-tools-for-stm32.10.3-2021.10.win32_1.0.200.202301161003/tools/bin/../lib/gcc/arm-none-eabi/10.3.1/../../../../arm-none-eabi/lib/thumb/v7e-m+dp/hard\libc_nano.a(lib_a-lock.o)
                0x00000000080098ee                __retarget_lock_acquire_recursive
 .text.__retarget_lock_release_recursive
                0x00000000080098f0        0x2 c:/st/stm32cubeide_1.11.0/stm32cubeide/plugins/com.st.stm32cube.ide.mcu.externaltools.gnu-tools-for-stm32.10.3-2021.10.win32_1.0.200.202301161003/tools/bin/../lib/gcc/arm-none-eabi/10.3.1/../../../../arm-none-eabi/lib/thumb/v7e-m+dp/hard\libc_nano.a(lib_a-lock.o)
                0x00000000080098f0                __retarget_lock_release_recursive
 *fill*         0x00000000080098f2        0x2 
 .text.malloc   0x00000000080098f4       0x10 c:/st/stm32cubeide_1.11.0/stm32cubeide/plugins/com.st.stm32cube.ide.mcu.externaltools.gnu-tools-for-stm32.10.3-2021.10.win32_1.0.200.202301161003/tools/bin/../lib/gcc/arm-none-eabi/10.3.1/../../../../arm-none-eabi/lib/thumb/v7e-m+dp/hard\libc_nano.a(lib_a-malloc.o)
                0x00000000080098f4                malloc
 .text.free     0x0000000008009904       0x10 c:/st/stm32cubeide_1.11.0/stm32cubeide/plugins/com.st.stm32cube.ide.mcu.externaltools.gnu-tools-for-stm32.10.3-2021.10.win32_1.0.200.202301161003/tools/bin/../lib/gcc/arm-none-eabi/10.3.1/../../../../arm-none-eabi/lib/thumb/v7e-m+dp/hard\libc_nano.a(lib_a-malloc.o)
                0x0000000008009904                free
 .text.memcpy   0x0000000008009914       0x1c c:/st/stm32cubeide_1.11.0/stm32cubeide/plugins/com.st.stm32cube.ide.mcu.externaltools.gnu-tools-for-stm32.10.3-2021.10.win32_1.0.200.202301161003/tools/bin/../lib/gcc/arm-none-eabi/10.3.1/../../../../arm-none-eabi/lib/thumb/v7e-m+dp/hard\libc_nano.a(lib_a-memcpy-stub.o)
                0x0000000008009914                memcpy
 .text.memset   0x0000000008009930       0x10 c:/st/stm32cubeide_1.11.0/stm32cubeide/plugins/com.st.stm32cube.ide.mcu.externaltools.gnu-tools-for-stm32.10.3-2021.10.win32_1.0.200.202301161003/tools/bin/../lib/gcc/arm-none-eabi/10.3.1/../../../../arm-none-eabi/lib/thumb/v7e-m+dp/hard\libc_nano.a(lib_a-memset.o)
                0x0000000008009930                memset
 .text._free_r  0x0000000008009940       0x98 c:/st/stm32cubeide_1.11.0/stm32cubeide/plugins/com.st.stm32cube.ide.mcu.externaltools.gnu-tools-for-stm32.10.3-2021.10.win32_1.0.200.202301161003/tools/bin/../lib/gcc/arm-none-eabi/10.3.1/../../../../arm-none-eabi/lib/thumb/v7e-m+dp/hard\libc_nano.a(lib_a-nano-freer.o)
                0x0000000008009940                _free_r
 .text.sbrk_aligned
                0x00000000080099d8       0x40 c:/st/stm32cubeide_1.11.0/stm32cubeide/plugins/com.st.stm32cube.ide.mcu.externaltools.gnu-tools-for-stm32.10.3-2021.10.win32_1.0.200.202301161003/tools/bin/../lib/gcc/arm-none-eabi/10.3.1/../../../../arm-none-eabi/lib/thumb/v7e-m+dp/hard\libc_nano.a(lib_a-nano-mallocr.o)
 .text._malloc_r
                0x0000000008009a18       0xe8 c:/st/stm32cubeide_1.11.0/stm32cubeide/plugins/com.st.stm32cube.ide.mcu.externaltools.gnu-tools-for-stm32.10.3-2021.10.win32_1.0.200.202301161003/tools/bin/../lib/gcc/arm-none-eabi/10.3.1/../../../../arm-none-eabi/lib/thumb/v7e-m+dp/hard\libc_nano.a(lib_a-nano-mallocr.o)
                0x0000000008009a18                _malloc_r
 .text.printf   0x0000000008009b00       0x30 c:/st/stm32cubeide_1.11.0/stm32cubeide/plugins/com.st.stm32cube.ide.mcu.externaltools.gnu-tools-for-stm32.10.3-2021.10.win32_1.0.200.202301161003/tools/bin/../lib/gcc/arm-none-eabi/10.3.1/../../../../arm-none-eabi/lib/thumb/v7e-m+dp/hard\libc_nano.a(lib_a-printf.o)
                0x0000000008009b00                iprintf
                0x0000000008009b00                printf
 .text._puts_r  0x0000000008009b30       0xdc c:/st/stm32cubeide_1.11.0/stm32cubeide/plugins/com.st.stm32cube.ide.mcu.externaltools.gnu-tools-for-stm32.10.3-2021.10.win32_1.0.200.202301161003/tools/bin/../lib/gcc/arm-none-eabi/10.3.1/../../../../arm-none-eabi/lib/thumb/v7e-m+dp/hard\libc_nano.a(lib_a-puts.o)
                0x0000000008009b30                _puts_r
 .text.puts     0x0000000008009c0c       0x10 c:/st/stm32cubeide_1.11.0/stm32cubeide/plugins/com.st.stm32cube.ide.mcu.externaltools.gnu-tools-for-stm32.10.3-2021.10.win32_1.0.200.202301161003/tools/bin/../lib/gcc/arm-none-eabi/10.3.1/../../../../arm-none-eabi/lib/thumb/v7e-m+dp/hard\libc_nano.a(lib_a-puts.o)
                0x0000000008009c0c                puts
 .text.cleanup_glue
                0x0000000008009c1c       0x1a c:/st/stm32cubeide_1.11.0/stm32cubeide/plugins/com.st.stm32cube.ide.mcu.externaltools.gnu-tools-for-stm32.10.3-2021.10.win32_1.0.200.202301161003/tools/bin/../lib/gcc/arm-none-eabi/10.3.1/../../../../arm-none-eabi/lib/thumb/v7e-m+dp/hard\libc_nano.a(lib_a-reent.o)
                0x0000000008009c1c                cleanup_glue
 *fill*         0x0000000008009c36        0x2 
 .text._reclaim_reent
                0x0000000008009c38       0xb8 c:/st/stm32cubeide_1.11.0/stm32cubeide/plugins/com.st.stm32cube.ide.mcu.externaltools.gnu-tools-for-stm32.10.3-2021.10.win32_1.0.200.202301161003/tools/bin/../lib/gcc/arm-none-eabi/10.3.1/../../../../arm-none-eabi/lib/thumb/v7e-m+dp/hard\libc_nano.a(lib_a-reent.o)
                0x0000000008009c38                _reclaim_reent
 .text._sbrk_r  0x0000000008009cf0       0x20 c:/st/stm32cubeide_1.11.0/stm32cubeide/plugins/com.st.stm32cube.ide.mcu.externaltools.gnu-tools-for-stm32.10.3-2021.10.win32_1.0.200.202301161003/tools/bin/../lib/gcc/arm-none-eabi/10.3.1/../../../../arm-none-eabi/lib/thumb/v7e-m+dp/hard\libc_nano.a(lib_a-sbrkr.o)
                0x0000000008009cf0                _sbrk_r
 .text._raise_r
                0x0000000008009d10       0x50 c:/st/stm32cubeide_1.11.0/stm32cubeide/plugins/com.st.stm32cube.ide.mcu.externaltools.gnu-tools-for-stm32.10.3-2021.10.win32_1.0.200.202301161003/tools/bin/../lib/gcc/arm-none-eabi/10.3.1/../../../../arm-none-eabi/lib/thumb/v7e-m+dp/hard\libc_nano.a(lib_a-signal.o)
                0x0000000008009d10                _raise_r
 .text.raise    0x0000000008009d60       0x10 c:/st/stm32cubeide_1.11.0/stm32cubeide/plugins/com.st.stm32cube.ide.mcu.externaltools.gnu-tools-for-stm32.10.3-2021.10.win32_1.0.200.202301161003/tools/bin/../lib/gcc/arm-none-eabi/10.3.1/../../../../arm-none-eabi/lib/thumb/v7e-m+dp/hard\libc_nano.a(lib_a-signal.o)
                0x0000000008009d60                raise
 .text._kill_r  0x0000000008009d70       0x24 c:/st/stm32cubeide_1.11.0/stm32cubeide/plugins/com.st.stm32cube.ide.mcu.externaltools.gnu-tools-for-stm32.10.3-2021.10.win32_1.0.200.202301161003/tools/bin/../lib/gcc/arm-none-eabi/10.3.1/../../../../arm-none-eabi/lib/thumb/v7e-m+dp/hard\libc_nano.a(lib_a-signalr.o)
                0x0000000008009d70                _kill_r
 .text._getpid_r
                0x0000000008009d94        0x4 c:/st/stm32cubeide_1.11.0/stm32cubeide/plugins/com.st.stm32cube.ide.mcu.externaltools.gnu-tools-for-stm32.10.3-2021.10.win32_1.0.200.202301161003/tools/bin/../lib/gcc/arm-none-eabi/10.3.1/../../../../arm-none-eabi/lib/thumb/v7e-m+dp/hard\libc_nano.a(lib_a-signalr.o)
                0x0000000008009d94                _getpid_r
 .text.__sread  0x0000000008009d98       0x22 c:/st/stm32cubeide_1.11.0/stm32cubeide/plugins/com.st.stm32cube.ide.mcu.externaltools.gnu-tools-for-stm32.10.3-2021.10.win32_1.0.200.202301161003/tools/bin/../lib/gcc/arm-none-eabi/10.3.1/../../../../arm-none-eabi/lib/thumb/v7e-m+dp/hard\libc_nano.a(lib_a-stdio.o)
                0x0000000008009d98                __sread
 .text.__swrite
                0x0000000008009dba       0x38 c:/st/stm32cubeide_1.11.0/stm32cubeide/plugins/com.st.stm32cube.ide.mcu.externaltools.gnu-tools-for-stm32.10.3-2021.10.win32_1.0.200.202301161003/tools/bin/../lib/gcc/arm-none-eabi/10.3.1/../../../../arm-none-eabi/lib/thumb/v7e-m+dp/hard\libc_nano.a(lib_a-stdio.o)
                0x0000000008009dba                __swrite
 .text.__sseek  0x0000000008009df2       0x24 c:/st/stm32cubeide_1.11.0/stm32cubeide/plugins/com.st.stm32cube.ide.mcu.externaltools.gnu-tools-for-stm32.10.3-2021.10.win32_1.0.200.202301161003/tools/bin/../lib/gcc/arm-none-eabi/10.3.1/../../../../arm-none-eabi/lib/thumb/v7e-m+dp/hard\libc_nano.a(lib_a-stdio.o)
                0x0000000008009df2                __sseek
 .text.__sclose
                0x0000000008009e16        0x8 c:/st/stm32cubeide_1.11.0/stm32cubeide/plugins/com.st.stm32cube.ide.mcu.externaltools.gnu-tools-for-stm32.10.3-2021.10.win32_1.0.200.202301161003/tools/bin/../lib/gcc/arm-none-eabi/10.3.1/../../../../arm-none-eabi/lib/thumb/v7e-m+dp/hard\libc_nano.a(lib_a-stdio.o)
                0x0000000008009e16                __sclose
 *fill*         0x0000000008009e1e        0x2 
 .text.__utoa   0x0000000008009e20       0x84 c:/st/stm32cubeide_1.11.0/stm32cubeide/plugins/com.st.stm32cube.ide.mcu.externaltools.gnu-tools-for-stm32.10.3-2021.10.win32_1.0.200.202301161003/tools/bin/../lib/gcc/arm-none-eabi/10.3.1/../../../../arm-none-eabi/lib/thumb/v7e-m+dp/hard\libc_nano.a(lib_a-utoa.o)
                0x0000000008009e20                __utoa
 .text.__swbuf_r
                0x0000000008009ea4       0xa4 c:/st/stm32cubeide_1.11.0/stm32cubeide/plugins/com.st.stm32cube.ide.mcu.externaltools.gnu-tools-for-stm32.10.3-2021.10.win32_1.0.200.202301161003/tools/bin/../lib/gcc/arm-none-eabi/10.3.1/../../../../arm-none-eabi/lib/thumb/v7e-m+dp/hard\libc_nano.a(lib_a-wbuf.o)
                0x0000000008009ea4                __swbuf_r
 .text._write_r
                0x0000000008009f48       0x24 c:/st/stm32cubeide_1.11.0/stm32cubeide/plugins/com.st.stm32cube.ide.mcu.externaltools.gnu-tools-for-stm32.10.3-2021.10.win32_1.0.200.202301161003/tools/bin/../lib/gcc/arm-none-eabi/10.3.1/../../../../arm-none-eabi/lib/thumb/v7e-m+dp/hard\libc_nano.a(lib_a-writer.o)
                0x0000000008009f48                _write_r
 .text.__swsetup_r
                0x0000000008009f6c       0xdc c:/st/stm32cubeide_1.11.0/stm32cubeide/plugins/com.st.stm32cube.ide.mcu.externaltools.gnu-tools-for-stm32.10.3-2021.10.win32_1.0.200.202301161003/tools/bin/../lib/gcc/arm-none-eabi/10.3.1/../../../../arm-none-eabi/lib/thumb/v7e-m+dp/hard\libc_nano.a(lib_a-wsetup.o)
                0x0000000008009f6c                __swsetup_r
 .text._close_r
                0x000000000800a048       0x20 c:/st/stm32cubeide_1.11.0/stm32cubeide/plugins/com.st.stm32cube.ide.mcu.externaltools.gnu-tools-for-stm32.10.3-2021.10.win32_1.0.200.202301161003/tools/bin/../lib/gcc/arm-none-eabi/10.3.1/../../../../arm-none-eabi/lib/thumb/v7e-m+dp/hard\libc_nano.a(lib_a-closer.o)
                0x000000000800a048                _close_r
 .text.__sflush_r
                0x000000000800a068      0x10c c:/st/stm32cubeide_1.11.0/stm32cubeide/plugins/com.st.stm32cube.ide.mcu.externaltools.gnu-tools-for-stm32.10.3-2021.10.win32_1.0.200.202301161003/tools/bin/../lib/gcc/arm-none-eabi/10.3.1/../../../../arm-none-eabi/lib/thumb/v7e-m+dp/hard\libc_nano.a(lib_a-fflush.o)
                0x000000000800a068                __sflush_r
 .text._fflush_r
                0x000000000800a174       0x78 c:/st/stm32cubeide_1.11.0/stm32cubeide/plugins/com.st.stm32cube.ide.mcu.externaltools.gnu-tools-for-stm32.10.3-2021.10.win32_1.0.200.202301161003/tools/bin/../lib/gcc/arm-none-eabi/10.3.1/../../../../arm-none-eabi/lib/thumb/v7e-m+dp/hard\libc_nano.a(lib_a-fflush.o)
                0x000000000800a174                _fflush_r
 .text._lseek_r
                0x000000000800a1ec       0x24 c:/st/stm32cubeide_1.11.0/stm32cubeide/plugins/com.st.stm32cube.ide.mcu.externaltools.gnu-tools-for-stm32.10.3-2021.10.win32_1.0.200.202301161003/tools/bin/../lib/gcc/arm-none-eabi/10.3.1/../../../../arm-none-eabi/lib/thumb/v7e-m+dp/hard\libc_nano.a(lib_a-lseekr.o)
                0x000000000800a1ec                _lseek_r
 .text.__swhatbuf_r
                0x000000000800a210       0x4a c:/st/stm32cubeide_1.11.0/stm32cubeide/plugins/com.st.stm32cube.ide.mcu.externaltools.gnu-tools-for-stm32.10.3-2021.10.win32_1.0.200.202301161003/tools/bin/../lib/gcc/arm-none-eabi/10.3.1/../../../../arm-none-eabi/lib/thumb/v7e-m+dp/hard\libc_nano.a(lib_a-makebuf.o)
                0x000000000800a210                __swhatbuf_r
 *fill*         0x000000000800a25a        0x2 
 .text.__smakebuf_r
                0x000000000800a25c       0x80 c:/st/stm32cubeide_1.11.0/stm32cubeide/plugins/com.st.stm32cube.ide.mcu.externaltools.gnu-tools-for-stm32.10.3-2021.10.win32_1.0.200.202301161003/tools/bin/../lib/gcc/arm-none-eabi/10.3.1/../../../../arm-none-eabi/lib/thumb/v7e-m+dp/hard\libc_nano.a(lib_a-makebuf.o)
                0x000000000800a25c                __smakebuf_r
 .text.__malloc_lock
                0x000000000800a2dc        0xc c:/st/stm32cubeide_1.11.0/stm32cubeide/plugins/com.st.stm32cube.ide.mcu.externaltools.gnu-tools-for-stm32.10.3-2021.10.win32_1.0.200.202301161003/tools/bin/../lib/gcc/arm-none-eabi/10.3.1/../../../../arm-none-eabi/lib/thumb/v7e-m+dp/hard\libc_nano.a(lib_a-mlock.o)
                0x000000000800a2dc                __malloc_lock
 .text.__malloc_unlock
                0x000000000800a2e8        0xc c:/st/stm32cubeide_1.11.0/stm32cubeide/plugins/com.st.stm32cube.ide.mcu.externaltools.gnu-tools-for-stm32.10.3-2021.10.win32_1.0.200.202301161003/tools/bin/../lib/gcc/arm-none-eabi/10.3.1/../../../../arm-none-eabi/lib/thumb/v7e-m+dp/hard\libc_nano.a(lib_a-mlock.o)
                0x000000000800a2e8                __malloc_unlock
 .text.__sfputc_r
                0x000000000800a2f4       0x2e c:/st/stm32cubeide_1.11.0/stm32cubeide/plugins/com.st.stm32cube.ide.mcu.externaltools.gnu-tools-for-stm32.10.3-2021.10.win32_1.0.200.202301161003/tools/bin/../lib/gcc/arm-none-eabi/10.3.1/../../../../arm-none-eabi/lib/thumb/v7e-m+dp/hard\libc_nano.a(lib_a-nano-vfprintf.o)
 .text.__sfputs_r
                0x000000000800a322       0x24 c:/st/stm32cubeide_1.11.0/stm32cubeide/plugins/com.st.stm32cube.ide.mcu.externaltools.gnu-tools-for-stm32.10.3-2021.10.win32_1.0.200.202301161003/tools/bin/../lib/gcc/arm-none-eabi/10.3.1/../../../../arm-none-eabi/lib/thumb/v7e-m+dp/hard\libc_nano.a(lib_a-nano-vfprintf.o)
                0x000000000800a322                __sfputs_r
 *fill*         0x000000000800a346        0x2 
 .text._vfprintf_r
                0x000000000800a348      0x260 c:/st/stm32cubeide_1.11.0/stm32cubeide/plugins/com.st.stm32cube.ide.mcu.externaltools.gnu-tools-for-stm32.10.3-2021.10.win32_1.0.200.202301161003/tools/bin/../lib/gcc/arm-none-eabi/10.3.1/../../../../arm-none-eabi/lib/thumb/v7e-m+dp/hard\libc_nano.a(lib_a-nano-vfprintf.o)
                0x000000000800a348                _vfprintf_r
                0x000000000800a348                _vfiprintf_r
 .text._printf_common
                0x000000000800a5a8       0xda c:/st/stm32cubeide_1.11.0/stm32cubeide/plugins/com.st.stm32cube.ide.mcu.externaltools.gnu-tools-for-stm32.10.3-2021.10.win32_1.0.200.202301161003/tools/bin/../lib/gcc/arm-none-eabi/10.3.1/../../../../arm-none-eabi/lib/thumb/v7e-m+dp/hard\libc_nano.a(lib_a-nano-vfprintf_i.o)
                0x000000000800a5a8                _printf_common
 *fill*         0x000000000800a682        0x2 
 .text._printf_i
                0x000000000800a684      0x24c c:/st/stm32cubeide_1.11.0/stm32cubeide/plugins/com.st.stm32cube.ide.mcu.externaltools.gnu-tools-for-stm32.10.3-2021.10.win32_1.0.200.202301161003/tools/bin/../lib/gcc/arm-none-eabi/10.3.1/../../../../arm-none-eabi/lib/thumb/v7e-m+dp/hard\libc_nano.a(lib_a-nano-vfprintf_i.o)
                0x000000000800a684                _printf_i
 .text._read_r  0x000000000800a8d0       0x24 c:/st/stm32cubeide_1.11.0/stm32cubeide/plugins/com.st.stm32cube.ide.mcu.externaltools.gnu-tools-for-stm32.10.3-2021.10.win32_1.0.200.202301161003/tools/bin/../lib/gcc/arm-none-eabi/10.3.1/../../../../arm-none-eabi/lib/thumb/v7e-m+dp/hard\libc_nano.a(lib_a-readr.o)
                0x000000000800a8d0                _read_r
 .text._fstat_r
                0x000000000800a8f4       0x24 c:/st/stm32cubeide_1.11.0/stm32cubeide/plugins/com.st.stm32cube.ide.mcu.externaltools.gnu-tools-for-stm32.10.3-2021.10.win32_1.0.200.202301161003/tools/bin/../lib/gcc/arm-none-eabi/10.3.1/../../../../arm-none-eabi/lib/thumb/v7e-m+dp/hard\libc_nano.a(lib_a-fstatr.o)
                0x000000000800a8f4                _fstat_r
 .text._isatty_r
                0x000000000800a918       0x20 c:/st/stm32cubeide_1.11.0/stm32cubeide/plugins/com.st.stm32cube.ide.mcu.externaltools.gnu-tools-for-stm32.10.3-2021.10.win32_1.0.200.202301161003/tools/bin/../lib/gcc/arm-none-eabi/10.3.1/../../../../arm-none-eabi/lib/thumb/v7e-m+dp/hard\libc_nano.a(lib_a-isattyr.o)
                0x000000000800a918                _isatty_r
 *(.glue_7)
 .glue_7        0x000000000800a938        0x0 linker stubs
 *(.glue_7t)
 .glue_7t       0x000000000800a938        0x0 linker stubs
 *(.eh_frame)
 .eh_frame      0x000000000800a938        0x0 c:/st/stm32cubeide_1.11.0/stm32cubeide/plugins/com.st.stm32cube.ide.mcu.externaltools.gnu-tools-for-stm32.10.3-2021.10.win32_1.0.200.202301161003/tools/bin/../lib/gcc/arm-none-eabi/10.3.1/thumb/v7e-m+dp/hard/crtbegin.o
 *(.init)
 .init          0x000000000800a938        0x4 c:/st/stm32cubeide_1.11.0/stm32cubeide/plugins/com.st.stm32cube.ide.mcu.externaltools.gnu-tools-for-stm32.10.3-2021.10.win32_1.0.200.202301161003/tools/bin/../lib/gcc/arm-none-eabi/10.3.1/thumb/v7e-m+dp/hard/crti.o
                0x000000000800a938                _init
 .init          0x000000000800a93c        0x8 c:/st/stm32cubeide_1.11.0/stm32cubeide/plugins/com.st.stm32cube.ide.mcu.externaltools.gnu-tools-for-stm32.10.3-2021.10.win32_1.0.200.202301161003/tools/bin/../lib/gcc/arm-none-eabi/10.3.1/thumb/v7e-m+dp/hard/crtn.o
 *(.fini)
 .fini          0x000000000800a944        0x4 c:/st/stm32cubeide_1.11.0/stm32cubeide/plugins/com.st.stm32cube.ide.mcu.externaltools.gnu-tools-for-stm32.10.3-2021.10.win32_1.0.200.202301161003/tools/bin/../lib/gcc/arm-none-eabi/10.3.1/thumb/v7e-m+dp/hard/crti.o
                0x000000000800a944                _fini
 .fini          0x000000000800a948        0x8 c:/st/stm32cubeide_1.11.0/stm32cubeide/plugins/com.st.stm32cube.ide.mcu.externaltools.gnu-tools-for-stm32.10.3-2021.10.win32_1.0.200.202301161003/tools/bin/../lib/gcc/arm-none-eabi/10.3.1/thumb/v7e-m+dp/hard/crtn.o
                0x000000000800a950                . = ALIGN (0x4)
                0x000000000800a950                _etext = .

.vfp11_veneer   0x000000000800a950        0x0
 .vfp11_veneer  0x000000000800a950        0x0 linker stubs

.v4_bx          0x000000000800a950        0x0
 .v4_bx         0x000000000800a950        0x0 linker stubs

.iplt           0x000000000800a950        0x0
 .iplt          0x000000000800a950        0x0 c:/st/stm32cubeide_1.11.0/stm32cubeide/plugins/com.st.stm32cube.ide.mcu.externaltools.gnu-tools-for-stm32.10.3-2021.10.win32_1.0.200.202301161003/tools/bin/../lib/gcc/arm-none-eabi/10.3.1/thumb/v7e-m+dp/hard/crtbegin.o

.rodata         0x000000000800a950     0x107c
                0x000000000800a950                . = ALIGN (0x4)
 *(.rodata)
 .rodata        0x000000000800a950       0x41 ./Core/Src/ThreadTest.o
 *fill*         0x000000000800a991        0x3 
 .rodata        0x000000000800a994       0x25 ./Core/Src/ThreadWrapper.o
 *fill*         0x000000000800a9b9        0x3 
 .rodata        0x000000000800a9bc       0x2c ./Core/Src/freertos.o
 *(.rodata*)
 .rodata.init_cmds1
                0x000000000800a9e8       0x38 ./Core/Src/ST7735.o
                0x000000000800a9e8                init_cmds1
 .rodata.init_cmds2
                0x000000000800aa20        0xf ./Core/Src/ST7735.o
                0x000000000800aa20                init_cmds2
 *fill*         0x000000000800aa2f        0x1 
 .rodata.init_cmds3
                0x000000000800aa30       0x2b ./Core/Src/ST7735.o
                0x000000000800aa30                init_cmds3
 *fill*         0x000000000800aa5b        0x1 
 .rodata._ZTV19ThreadWrapperTest_t
                0x000000000800aa5c       0x14 ./Core/Src/ThreadTest.o
                0x000000000800aa5c                vtable for ThreadWrapperTest_t
 .rodata._ZTV15ThreadWrapper_t
                0x000000000800aa70       0x14 ./Core/Src/ThreadTest.o
                0x000000000800aa70                vtable for ThreadWrapper_t
 .rodata.Font11x18
                0x000000000800aa84      0xd5c ./Core/Src/fonts.o
 .rodata.defaultTask_attributes
                0x000000000800b7e0       0x24 ./Core/Src/freertos.o
                0x000000000800b7e0                defaultTask_attributes
 .rodata.scanKeyboard.str1.4
                0x000000000800b804        0x4 ./Core/Src/keyboard.o
 .rodata.main.str1.4
                0x000000000800b808        0xe ./Core/Src/main.o
 *fill*         0x000000000800b816        0x2 
 .rodata.writeScrLine.str1.4
                0x000000000800b818        0xf ./Core/Src/screen.o
 *fill*         0x000000000800b827        0x1 
 .rodata.drawPage0.str1.4
                0x000000000800b828       0x1a ./Core/Src/screen.o
                                         0x1e (size before relaxing)
 *fill*         0x000000000800b842        0x2 
 .rodata.writeScrLine2.str1.4
                0x000000000800b844        0x9 ./Core/Src/screen.o
 *fill*         0x000000000800b84d        0x3 
 .rodata.drawPage1.str1.4
                0x000000000800b850        0x8 ./Core/Src/screen.o
 .rodata.D1CorePrescTable
                0x000000000800b858       0x10 ./Core/Src/system_stm32h7xx.o
                0x000000000800b858                D1CorePrescTable
 .rodata.rounders
                0x000000000800b868       0x2c ./Core/Src/utils.o
 .rodata.CSWTCH.61
                0x000000000800b894       0x29 ./Drivers/STM32H7xx_HAL_Driver/Src/stm32h7xx_hal_uart.o
 *fill*         0x000000000800b8bd        0x3 
 .rodata.CSWTCH.62
                0x000000000800b8c0        0x6 ./Drivers/STM32H7xx_HAL_Driver/Src/stm32h7xx_hal_uart.o
 *fill*         0x000000000800b8c6        0x2 
 .rodata.CSWTCH.69
                0x000000000800b8c8        0x6 ./Drivers/STM32H7xx_HAL_Driver/Src/stm32h7xx_hal_uart.o
 *fill*         0x000000000800b8ce        0x2 
 .rodata.UARTPrescTable
                0x000000000800b8d0       0x18 ./Drivers/STM32H7xx_HAL_Driver/Src/stm32h7xx_hal_uart.o
                0x000000000800b8d0                UARTPrescTable
 .rodata.denominator.0
                0x000000000800b8e8        0x8 ./Drivers/STM32H7xx_HAL_Driver/Src/stm32h7xx_hal_uart_ex.o
 .rodata.numerator.1
                0x000000000800b8f0        0x8 ./Drivers/STM32H7xx_HAL_Driver/Src/stm32h7xx_hal_uart_ex.o
 .rodata.vTaskStartScheduler.str1.4
                0x000000000800b8f8        0x5 ./Middlewares/Third_Party/FreeRTOS/Source/tasks.o
 *fill*         0x000000000800b8fd        0x3 
 .rodata.xTimerCreateTimerTask.str1.4
                0x000000000800b900       0x10 ./Middlewares/Third_Party/FreeRTOS/Source/timers.o
 .rodata.__sf_fake_stderr
                0x000000000800b910       0x20 c:/st/stm32cubeide_1.11.0/stm32cubeide/plugins/com.st.stm32cube.ide.mcu.externaltools.gnu-tools-for-stm32.10.3-2021.10.win32_1.0.200.202301161003/tools/bin/../lib/gcc/arm-none-eabi/10.3.1/../../../../arm-none-eabi/lib/thumb/v7e-m+dp/hard\libc_nano.a(lib_a-findfp.o)
                0x000000000800b910                __sf_fake_stderr
 .rodata.__sf_fake_stdin
                0x000000000800b930       0x20 c:/st/stm32cubeide_1.11.0/stm32cubeide/plugins/com.st.stm32cube.ide.mcu.externaltools.gnu-tools-for-stm32.10.3-2021.10.win32_1.0.200.202301161003/tools/bin/../lib/gcc/arm-none-eabi/10.3.1/../../../../arm-none-eabi/lib/thumb/v7e-m+dp/hard\libc_nano.a(lib_a-findfp.o)
                0x000000000800b930                __sf_fake_stdin
 .rodata.__sf_fake_stdout
                0x000000000800b950       0x20 c:/st/stm32cubeide_1.11.0/stm32cubeide/plugins/com.st.stm32cube.ide.mcu.externaltools.gnu-tools-for-stm32.10.3-2021.10.win32_1.0.200.202301161003/tools/bin/../lib/gcc/arm-none-eabi/10.3.1/../../../../arm-none-eabi/lib/thumb/v7e-m+dp/hard\libc_nano.a(lib_a-findfp.o)
                0x000000000800b950                __sf_fake_stdout
 .rodata._global_impure_ptr
                0x000000000800b970        0x4 c:/st/stm32cubeide_1.11.0/stm32cubeide/plugins/com.st.stm32cube.ide.mcu.externaltools.gnu-tools-for-stm32.10.3-2021.10.win32_1.0.200.202301161003/tools/bin/../lib/gcc/arm-none-eabi/10.3.1/../../../../arm-none-eabi/lib/thumb/v7e-m+dp/hard\libc_nano.a(lib_a-impure.o)
                0x000000000800b970                _global_impure_ptr
 .rodata.__utoa.str1.1
                0x000000000800b974       0x25 c:/st/stm32cubeide_1.11.0/stm32cubeide/plugins/com.st.stm32cube.ide.mcu.externaltools.gnu-tools-for-stm32.10.3-2021.10.win32_1.0.200.202301161003/tools/bin/../lib/gcc/arm-none-eabi/10.3.1/../../../../arm-none-eabi/lib/thumb/v7e-m+dp/hard\libc_nano.a(lib_a-utoa.o)
 .rodata._vfprintf_r.str1.1
                0x000000000800b999       0x11 c:/st/stm32cubeide_1.11.0/stm32cubeide/plugins/com.st.stm32cube.ide.mcu.externaltools.gnu-tools-for-stm32.10.3-2021.10.win32_1.0.200.202301161003/tools/bin/../lib/gcc/arm-none-eabi/10.3.1/../../../../arm-none-eabi/lib/thumb/v7e-m+dp/hard\libc_nano.a(lib_a-nano-vfprintf.o)
 .rodata._printf_i.str1.1
                0x000000000800b9aa       0x22 c:/st/stm32cubeide_1.11.0/stm32cubeide/plugins/com.st.stm32cube.ide.mcu.externaltools.gnu-tools-for-stm32.10.3-2021.10.win32_1.0.200.202301161003/tools/bin/../lib/gcc/arm-none-eabi/10.3.1/../../../../arm-none-eabi/lib/thumb/v7e-m+dp/hard\libc_nano.a(lib_a-nano-vfprintf_i.o)
                0x000000000800b9cc                . = ALIGN (0x4)

.ARM.extab
 *(.ARM.extab* .gnu.linkonce.armextab.*)

.ARM            0x000000000800b9cc        0x8
                0x000000000800b9cc                __exidx_start = .
 *(.ARM.exidx*)
 .ARM.exidx     0x000000000800b9cc        0x8 c:/st/stm32cubeide_1.11.0/stm32cubeide/plugins/com.st.stm32cube.ide.mcu.externaltools.gnu-tools-for-stm32.10.3-2021.10.win32_1.0.200.202301161003/tools/bin/../lib/gcc/arm-none-eabi/10.3.1/thumb/v7e-m+dp/hard\libgcc.a(_udivmoddi4.o)
                0x000000000800b9d4                __exidx_end = .

.rel.dyn        0x000000000800b9d4        0x0
 .rel.iplt      0x000000000800b9d4        0x0 c:/st/stm32cubeide_1.11.0/stm32cubeide/plugins/com.st.stm32cube.ide.mcu.externaltools.gnu-tools-for-stm32.10.3-2021.10.win32_1.0.200.202301161003/tools/bin/../lib/gcc/arm-none-eabi/10.3.1/thumb/v7e-m+dp/hard/crtbegin.o

.preinit_array  0x000000000800b9d4        0x0
                0x000000000800b9d4                PROVIDE (__preinit_array_start = .)
 *(.preinit_array*)
                0x000000000800b9d4                PROVIDE (__preinit_array_end = .)

.init_array     0x000000000800b9d4        0x4
                0x000000000800b9d4                PROVIDE (__init_array_start = .)
 *(SORT_BY_NAME(.init_array.*))
 *(.init_array*)
 .init_array    0x000000000800b9d4        0x4 c:/st/stm32cubeide_1.11.0/stm32cubeide/plugins/com.st.stm32cube.ide.mcu.externaltools.gnu-tools-for-stm32.10.3-2021.10.win32_1.0.200.202301161003/tools/bin/../lib/gcc/arm-none-eabi/10.3.1/thumb/v7e-m+dp/hard/crtbegin.o
                0x000000000800b9d8                PROVIDE (__init_array_end = .)

.fini_array     0x000000000800b9d8        0x4
                [!provide]                        PROVIDE (__fini_array_start = .)
 *(SORT_BY_NAME(.fini_array.*))
 *(.fini_array*)
 .fini_array    0x000000000800b9d8        0x4 c:/st/stm32cubeide_1.11.0/stm32cubeide/plugins/com.st.stm32cube.ide.mcu.externaltools.gnu-tools-for-stm32.10.3-2021.10.win32_1.0.200.202301161003/tools/bin/../lib/gcc/arm-none-eabi/10.3.1/thumb/v7e-m+dp/hard/crtbegin.o
                [!provide]                        PROVIDE (__fini_array_end = .)
                0x000000000800b9dc                _sidata = LOADADDR (.data)

.data           0x0000000024000000     0x3140 load address 0x000000000800b9dc
                0x0000000024000000                . = ALIGN (0x4)
                0x0000000024000000                _sdata = .
 *(.data)
 *(.data*)
 .data.calib_speed
                0x0000000024000000        0x4 ./Core/Src/calibration.o
                0x0000000024000000                calib_speed
 .data.calib_speed_y
                0x0000000024000004        0x4 ./Core/Src/calibration.o
                0x0000000024000004                calib_speed_y
 .data.mydt     0x0000000024000008        0x4 ./Core/Src/calibration.o
                0x0000000024000008                mydt
 .data.Font_11x18
                0x000000002400000c        0x8 ./Core/Src/fonts.o
                0x000000002400000c                Font_11x18
 .data.vFreqDiv
                0x0000000024000014        0x1 ./Core/Src/freertos.o
                0x0000000024000014                vFreqDiv
 *fill*         0x0000000024000015        0x3 
 .data.aRxBuffer
                0x0000000024000018       0x40 ./Core/Src/freertos.o
                0x0000000024000018                aRxBuffer
 .data.aTxBuffer
                0x0000000024000058       0x40 ./Core/Src/freertos.o
                0x0000000024000058                aTxBuffer
 .data.keytable
                0x0000000024000098       0x11 ./Core/Src/keyboard.o
                0x0000000024000098                keytable
 *fill*         0x00000000240000a9        0x3 
 .data.logo     0x00000000240000ac     0x3018 ./Core/Src/poly.o
                0x00000000240000ac                logo
 .data.SystemCoreClock
                0x00000000240030c4        0x4 ./Core/Src/system_stm32h7xx.o
                0x00000000240030c4                SystemCoreClock
 .data.SystemD2Clock
                0x00000000240030c8        0x4 ./Core/Src/system_stm32h7xx.o
                0x00000000240030c8                SystemD2Clock
 .data.uwTickFreq
                0x00000000240030cc        0x1 ./Drivers/STM32H7xx_HAL_Driver/Src/stm32h7xx_hal.o
                0x00000000240030cc                uwTickFreq
 *fill*         0x00000000240030cd        0x3 
 .data.uwTickPrio
                0x00000000240030d0        0x4 ./Drivers/STM32H7xx_HAL_Driver/Src/stm32h7xx_hal.o
                0x00000000240030d0                uwTickPrio
 .data.uxCriticalNesting
                0x00000000240030d4        0x4 ./Middlewares/Third_Party/FreeRTOS/Source/portable/GCC/ARM_CM4F/port.o
 .data._ZN10__cxxabiv119__terminate_handlerE
                0x00000000240030d8        0x4 c:/st/stm32cubeide_1.11.0/stm32cubeide/plugins/com.st.stm32cube.ide.mcu.externaltools.gnu-tools-for-stm32.10.3-2021.10.win32_1.0.200.202301161003/tools/bin/../lib/gcc/arm-none-eabi/10.3.1/../../../../arm-none-eabi/lib/thumb/v7e-m+dp/hard\libstdc++_nano.a(eh_term_handler.o)
                0x00000000240030d8                __cxxabiv1::__terminate_handler
 .data._impure_ptr